C51 COMPILER V9.60.0.0   USER_ADC                                                          02/07/2021 13:51:21 PAGE 1   


C51 COMPILER V9.60.0.0, COMPILATION OF MODULE USER_ADC
OBJECT MODULE PLACED IN .\Obj\User_ADC.obj
COMPILER INVOKED BY: F:\Keil_v5\C51\BIN\C51.EXE src\User_ADC.c LARGE OPTIMIZE(9,SPEED) BROWSE INCDIR(.\;.\src;.\mcu_sdk)
                    - DEBUG OBJECTEXTEND PRINT(.\List\User_ADC.lst) TABS(2) OBJECT(.\Obj\User_ADC.obj)

line level    source

   1          /******************************************************************************
   2          文件名称: ADC.c
   3          文件标识: STC8A8K64S4A12
   4          摘    要: ADC硬件操作函数
   5          当前版本: V1.0  
   6          完成日期: 2021.02.03
   7          *******************************************************************************/
   8          #define USER_ADC_GLOBALS
   9          #include "include.h"
  10          //#include "wifi.h"
  11          
  12          
  13          
  14          //#define Interrupt //中断方法
  15          #define Query     //查询方法
  16          
  17          /*****************************************************************************
  18                          ADC全局变量
  19          *****************************************************************************/
  20          int vcc;  //电池电压，单位mv
  21          
  22          #ifdef Interrupt
              
              /*****************************************************************************
              函数名称 : I2C_init
              功能描述 : I2C初始化
              输入参数 : 无
              返回参数 : 无
              使用说明 : 无
              *****************************************************************************/
              void ADC_init()
              {
                P1M0 = 0x00;                                //设置P1.0为ADC口
                P1M1 = 0x01;
                ADCCFG = 0x2f;                              //设置ADC时钟为系统时钟/2/16/16
                ADC_CONTR = 0x80;                           //使能ADC模块
                EADC = 1;                                   //使能ADC中断
                EA = 1;
                ADC_CONTR |= 0x40;                          //启动AD转换
              }
              
              /*****************************************************************************
              函数名称 : I2C_Isr
              功能描述 : I2C中断处理函数
              输入参数 : 无
              返回参数 : 无
              使用说明 : 无
              *****************************************************************************/
              void ADC_Isr() interrupt 5
              {
                ADC_CONTR &= ~0x20;                         //清中断标志
                ADC_CONTR |= 0x40;                          //继续AD转换
              }
              
C51 COMPILER V9.60.0.0   USER_ADC                                                          02/07/2021 13:51:21 PAGE 2   

              
              
              #elif defined(Query)
  58          
  59          /*****************************************************************************
  60          函数名称 : I2C_init
  61          功能描述 : I2C初始化
  62          输入参数 : 无
  63          返回参数 : 无
  64          使用说明 : 无
  65          *****************************************************************************/
  66          void ADC_init()
  67          {
  68   1        P1M0 = 0x00;                                //设置P1.0为ADC口
  69   1        P1M1 = 0x01;
  70   1        ADCCFG = 0x2f;                              //设置ADC时钟为系统时钟/2/16/16
  71   1        ADC_CONTR = 0x80;                           //使能ADC模块
  72   1      }
  73          /*****************************************************************************
  74          函数名称 : Wait
  75          功能描述 : 检测状态
  76          输入参数 : 无
  77          返回参数 : 无
  78          使用说明 : 无
  79          *****************************************************************************/
  80          int ADC_read()
  81          {
  82   1        int res;
  83   1        
  84   1        ADC_CONTR |= 0x40;                      //启动AD转换
  85   1        _nop_();
  86   1        _nop_();
  87   1        while (!(ADC_CONTR & 0x20));            //查询ADC完成标志
  88   1        ADC_CONTR &= ~0x20;                     //清完成标志
  89   1        res = (ADC_RES<<8)|ADC_RESL;            //读取ADC结果
  90   1        
  91   1        return res;
  92   1      }
  93          #endif
  94          
  95          
  96          
  97          /*****************************************************************************
  98          函数名称 : WriteCmd
  99          功能描述 : 写指令函数
 100          输入参数 : command：指令
 101          返回参数 : 无
 102          使用说明 : 无
 103          *****************************************************************************/
 104          void Get_Voltage()
 105          {
 106   1        int res;
 107   1        
 108   1        int i;
 109   1        uint8_t g;
 110   1        ADC_init();
 111   1        ADC_read();
 112   1        ADC_read();
 113   1        res = 0;
 114   1        for(i=0;i<8;i++)
 115   1        {
 116   2          res += ADC_read();
C51 COMPILER V9.60.0.0   USER_ADC                                                          02/07/2021 13:51:21 PAGE 3   

 117   2        }
 118   1        res >>= 3;
 119   1        vcc = (int)(6600L*res>>12);
 120   1        g = (vcc+50)/1000;
 121   1        OLED_ShowChar(96,0,g+'0',8);
 122   1        OLED_ShowChar(104,0,'.',8);
 123   1        g = (vcc+50)%1000/100;
 124   1        OLED_ShowChar(112,0,g+'0',8);
 125   1        OLED_ShowChar(120,0,'V',8);
 126   1        
 127   1        
 128   1      }


MODULE INFORMATION:   STATIC OVERLAYABLE
   CODE SIZE        =    233    ----
   CONSTANT SIZE    =   ----    ----
   XDATA SIZE       =      2       2
   PDATA SIZE       =   ----    ----
   DATA SIZE        =   ----    ----
   IDATA SIZE       =   ----    ----
   BIT SIZE         =   ----    ----
END OF MODULE INFORMATION.


C51 COMPILATION COMPLETE.  0 WARNING(S),  0 ERROR(S)
