BL51 BANKED LINKER/LOCATER V6.22.2.0                                                    02/09/2021  16:59:01  PAGE 1


BL51 BANKED LINKER/LOCATER V6.22.2.0, INVOKED BY:
F:\KEIL_V5\C51\BIN\BL51.EXE .\Obj\main.obj, .\Obj\User_ADC.obj, .\Obj\User_I2C.obj, .\Obj\User_Key.obj, .\Obj\User_OLED.
>> obj, .\Obj\User_SHT30.obj, .\Obj\User_Uart.obj, .\Obj\User_Timer.obj, .\Obj\codetab.obj, .\Obj\mcu_api.obj, .\Obj\pro
>> tocol.obj, .\Obj\system.obj TO .\Obj\智能温湿度计 PRINT (.\List\智能温湿度计.m51) RAMSIZE (256)


MEMORY MODEL: LARGE WITH FLOATING POINT ARITHMETIC


INPUT MODULES INCLUDED:
  .\Obj\main.obj (MAIN)
  .\Obj\User_ADC.obj (USER_ADC)
  .\Obj\User_I2C.obj (USER_I2C)
  .\Obj\User_Key.obj (USER_KEY)
  .\Obj\User_OLED.obj (USER_OLED)
  .\Obj\User_SHT30.obj (USER_SHT30)
  .\Obj\User_Uart.obj (USER_UART)
  .\Obj\User_Timer.obj (USER_TIMER)
  .\Obj\codetab.obj (CODETAB)
  .\Obj\mcu_api.obj (MCU_API)
  .\Obj\protocol.obj (PROTOCOL)
  .\Obj\system.obj (SYSTEM)
  F:\KEIL_V5\C51\LIB\C51FPL.LIB (?C?FPADD)
  F:\KEIL_V5\C51\LIB\C51FPL.LIB (?C?FPMUL)
  F:\KEIL_V5\C51\LIB\C51FPL.LIB (?C?FPDIV)
  F:\KEIL_V5\C51\LIB\C51FPL.LIB (?C?FCAST)
  F:\KEIL_V5\C51\LIB\C51FPL.LIB (?C?CASTF)
  F:\KEIL_V5\C51\LIB\C51FPL.LIB (EXP)
  F:\KEIL_V5\C51\LIB\C51FPL.LIB (?C?FPGETOPN)
  F:\KEIL_V5\C51\LIB\C51FPL.LIB (?C?FPSERIES)
  F:\KEIL_V5\C51\LIB\C51L.LIB (?C_STARTUP)
  F:\KEIL_V5\C51\LIB\C51L.LIB (?C?COPY)
  F:\KEIL_V5\C51\LIB\C51L.LIB (?C?CLDPTR)
  F:\KEIL_V5\C51\LIB\C51L.LIB (?C?CLDOPTR)
  F:\KEIL_V5\C51\LIB\C51L.LIB (?C?CSTPTR)
  F:\KEIL_V5\C51\LIB\C51L.LIB (?C?CSTOPTR)
  F:\KEIL_V5\C51\LIB\C51L.LIB (?C?SIDIV)
  F:\KEIL_V5\C51\LIB\C51L.LIB (?C?IILDX)
  F:\KEIL_V5\C51\LIB\C51L.LIB (?C?ILDIX)
  F:\KEIL_V5\C51\LIB\C51L.LIB (?C?LMUL)
  F:\KEIL_V5\C51\LIB\C51L.LIB (?C?ULDIV)
  F:\KEIL_V5\C51\LIB\C51L.LIB (?C?LNOT)
  F:\KEIL_V5\C51\LIB\C51L.LIB (?C?LNEG)
  F:\KEIL_V5\C51\LIB\C51L.LIB (?C?ULCMP)
  F:\KEIL_V5\C51\LIB\C51L.LIB (?C?ULSHR)
  F:\KEIL_V5\C51\LIB\C51L.LIB (?C?SLSHR)
  F:\KEIL_V5\C51\LIB\C51L.LIB (?C?LSHL)
  F:\KEIL_V5\C51\LIB\C51L.LIB (?C?LLDCODE)
  F:\KEIL_V5\C51\LIB\C51L.LIB (?C?LLDCODE0)
  F:\KEIL_V5\C51\LIB\C51L.LIB (?C?LSTXDATA)
  F:\KEIL_V5\C51\LIB\C51L.LIB (?C?LSTKXDATA)
  F:\KEIL_V5\C51\LIB\C51L.LIB (?C_INIT)
  F:\KEIL_V5\C51\LIB\C51L.LIB (?C?UIDIV)


LINK MAP OF MODULE:  .\Obj\智能温湿度计 (MAIN)


BL51 BANKED LINKER/LOCATER V6.22.2.0                                                  02/09/2021  16:59:01  PAGE 2


            TYPE    BASE      LENGTH    RELOCATION   SEGMENT NAME
            -----------------------------------------------------

            * * * * * * *   D A T A   M E M O R Y   * * * * * * *
            REG     0000H     0008H     ABSOLUTE     "REG BANK 0"
                    0008H     0018H                  *** GAP ***
            BIT     0020H.0   0000H.1   UNIT         ?BI?USER_I2C
            BIT     0020H.1   0000H.1   UNIT         ?BI?USER_KEY
            BIT     0020H.2   0000H.1   UNIT         ?BI?USER_UART
                    0020H.3   0000H.5                *** GAP ***
            IDATA   0021H     0001H     UNIT         ?STACK

            * * * * * * *  X D A T A   M E M O R Y  * * * * * * *
            XDATA   0000H     0078H     UNIT         ?XD?SYSTEM
            XDATA   0078H     0032H     UNIT         _XDATA_GROUP_
            XDATA   00AAH     000CH     UNIT         ?XD?PROTOCOL
            XDATA   00B6H     000BH     UNIT         ?XD?USER_KEY
            XDATA   00C1H     0009H     UNIT         ?XD?_MY_MEMSET?MCU_API
            XDATA   00CAH     0009H     UNIT         ?XD?_MY_STRCPY?MCU_API
            XDATA   00D3H     0008H     UNIT         ?XD?USER_TIMER
            XDATA   00DBH     0007H     UNIT         ?XD?MAIN
            XDATA   00E2H     0007H     UNIT         ?XD?_OLED_OLED_WR_BYTE_CON?USER_OLED
            XDATA   00E9H     0007H     UNIT         ?XD?_MCU_DP_FAULT_UPDATE?MCU_API
            XDATA   00F0H     0006H     UNIT         ?XD?_MY_STRCMP?MCU_API
            XDATA   00F6H     0006H     UNIT         ?XD?_MCU_DP_RAW_UPDATE?MCU_API
            XDATA   00FCH     0006H     UNIT         ?XD?_MCU_DP_STRING_UPDATE?MCU_API
            XDATA   0102H     0005H     UNIT         ?XD?_UART_RECEIVE_BUFF_INPUT?MCU_API
            XDATA   0107H     0004H     UNIT         ?XD?_INT_TO_BYTE?MCU_API
            XDATA   010BH     0002H     UNIT         ?XD?_MCU_GET_DP_DOWNLOAD_BOOL?MCU_API
            XDATA   010DH     0002H     UNIT         ?XD?_MCU_GET_DP_DOWNLOAD_ENUM?MCU_API
            XDATA   010FH     0002H     UNIT         ?XD?MCU_API
            XDATA   0111H     0001H     UNIT         ?XD?_MCU_DP_BOOL_UPDATE?MCU_API

            * * * * * * *   C O D E   M E M O R Y   * * * * * * *
            CODE    0000H     0003H     ABSOLUTE     
            CODE    0003H     0008H     UNIT         ?PR?_UART_PUTCHAR?USER_UART
            CODE    000BH     0003H     ABSOLUTE     
            CODE    000EH     007DH     UNIT         ?PR?_DATA_POINT_HANDLE?SYSTEM
            CODE    008BH     0003H     ABSOLUTE     
            CODE    008EH     0035H     UNIT         ?PR?_UART_RECEIVE_BUFF_INPUT?MCU_API
            CODE    00C3H     0003H     ABSOLUTE     
            CODE    00C6H     09C8H     UNIT         ?CO?CODETAB
            CODE    0A8EH     07B1H     UNIT         ?C?LIB_CODE
            CODE    123FH     0268H     UNIT         ?PR?SHT30_READ?USER_SHT30
            CODE    14A7H     01F5H     UNIT         ?PR?GET_VOLTAGE?USER_ADC
            CODE    169CH     01C8H     UNIT         ?PR?WIFI_UART_SERVICE?MCU_API
            CODE    1864H     0139H     UNIT         ?PR?_DATA_HANDLE?SYSTEM
            CODE    199DH     011CH     UNIT         ?PR?_OLED_SHOWNUM?USER_OLED
            CODE    1AB9H     011CH     UNIT         ?PR?_MCU_DP_FAULT_UPDATE?MCU_API
            CODE    1BD5H     010FH     UNIT         ?PR?_MY_MEMCPY?MCU_API
            CODE    1CE4H     00FBH     UNIT         ?PR?PRODUCT_INFO_UPDATE?SYSTEM
            CODE    1DDFH     00EDH     UNIT         ?PR?OLED_INIT?USER_OLED
            CODE    1ECCH     00E8H     UNIT         ?PR?KEY_SCAN?USER_KEY
            CODE    1FB4H     00E5H     UNIT         ?PR?MCU_API
            CODE    2099H     00C1H     UNIT         ?PR?_OLED_SHOWCHAR?USER_OLED
            CODE    215AH     009BH     UNIT         ?PR?TIMER0_ISR_HANDLE?USER_TIMER
            CODE    21F5H     009AH     UNIT         ?PR?EXP?EXP
BL51 BANKED LINKER/LOCATER V6.22.2.0                                                  02/09/2021  16:59:01  PAGE 3


            CODE    228FH     008EH     UNIT         ?PR?USER_OLED
            CODE    231DH     008DH     UNIT         ?PR?_OLED_DRAWBMP?USER_OLED
            CODE    23AAH     008CH     UNIT         ?C_C51STARTUP
            CODE    2436H     008BH     UNIT         ?PR?WIFI_WORK_STATE_LED?MAIN
            CODE    24C1H     0086H     UNIT         ?PR?_BYTE_TO_INT?MCU_API
            CODE    2547H     007EH     UNIT         ?PR?_UART_RECEIVE_INPUT?MCU_API
            CODE    25C5H     007BH     UNIT         ?PR?_MCU_DP_VALUE_UPDATE?MCU_API
            CODE    2640H     0076H     UNIT         ?PR?_OLED_SHOWSTR?USER_OLED
            CODE    26B6H     0076H     UNIT         ?PR?_OLED_SHOWCHINESE?USER_OLED
            CODE    272CH     0071H     UNIT         ?PR?_HEX_TO_BCD?MCU_API
            CODE    279DH     006CH     UNIT         ?PR?_OLED_OLED_WR_BYTE_CON?USER_OLED
            CODE    2809H     0069H     UNIT         ?PR?_WIFI_UART_WRITE_FRAME?SYSTEM
            CODE    2872H     0068H     UNIT         ?PR?_SHT_CRC?USER_SHT30
            CODE    28DAH     005FH     UNIT         ?PR?OLED_CLEAR?USER_OLED
            CODE    2939H     005AH     UNIT         ?PR?_MY_STRCMP?MCU_API
            CODE    2993H     0056H     UNIT         ?PR?_GET_KEY_PRESS_TIME?USER_KEY
            CODE    29E9H     0055H     UNIT         ?PR?_MY_STRLEN?MCU_API
            CODE    2A3EH     0053H     UNIT         ?PR?UART3ISR?USER_UART
            CODE    2A91H     0052H     UNIT         ?PR?ALL_DATA_UPDATE?PROTOCOL
            CODE    2AE3H     0051H     UNIT         ?PR?_MY_STRCPY?MCU_API
            CODE    2B34H     004FH     UNIT         ?PR?_SET_WIFI_UART_BUFFER?SYSTEM
            CODE    2B83H     004EH     UNIT         ?PR?TAKE_BYTE_RXBUFF?SYSTEM
            CODE    2BD1H     004CH     UNIT         ?PR?BOOT_ANIMATION?MAIN
            CODE    2C1DH     0048H     UNIT         ?PR?_INT_TO_BYTE?MCU_API
            CODE    2C65H     0047H     UNIT         ?PR?WELCOME?MAIN
            CODE    2CACH     0046H     UNIT         ?PR?_OLED_POW?USER_OLED
            CODE    2CF2H     0041H     UNIT         ?PR?_WIFI_UART_WRITE_DATA?SYSTEM
            CODE    2D33H     003EH     UNIT         ?PR?USER_KEY
            CODE    2D71H     003EH     UNIT         ?PR?PROTOCOL
            CODE    2DAFH     003BH     UNIT         ?CO?SYSTEM
            CODE    2DEAH     003AH     UNIT         ?PR?_MCU_DP_RAW_UPDATE?MCU_API
            CODE    2E24H     003AH     UNIT         ?PR?_MCU_DP_STRING_UPDATE?MCU_API
            CODE    2E5EH     0039H     UNIT         ?PR?_MY_MEMSET?MCU_API
            CODE    2E97H     0039H     UNIT         ?PR?_MCU_DP_BOOL_UPDATE?MCU_API
            CODE    2ED0H     0038H     UNIT         ?PR?USER_SHT30
            CODE    2F08H     0038H     UNIT         ?PR?_GET_CHECK_SUM?SYSTEM
            CODE    2F40H     0034H     UNIT         ?PR?_OLED_SETPOS?USER_OLED
            CODE    2F74H     0033H     UNIT         ?PR?_MCU_DP_ENUM_UPDATE?MCU_API
            CODE    2FA7H     0033H     UNIT         ?PR?SYSTEM
            CODE    2FDAH     0032H     UNIT         ?PR?USER_TIMER
            CODE    300CH     002FH     UNIT         ?PR?_GET_DOWMLOAD_DPID_INDEX?SYSTEM
            CODE    303BH     002DH     UNIT         ?PR?WITH_DATA_RXBUFF?SYSTEM
            CODE    3068H     002CH     UNIT         ?PR?I2C_ISR?USER_I2C
            CODE    3094H     002CH     UNIT         ?PR?_DP_DOWNLOAD_HANDLE?PROTOCOL
            CODE    30C0H     002BH     UNIT         ?C_INITSEG
            CODE    30EBH     002AH     UNIT         ?PR?KEY_INIT?USER_KEY
            CODE    3115H     0028H     UNIT         ?PR?_DP_DOWNLOAD_TEMP_SAMPLING_HANDLE?PROTOCOL
            CODE    313DH     0028H     UNIT         ?PR?_DP_DOWNLOAD_HUMIDITY_SAMPLING_HANDLE?PROTOCOL
            CODE    3165H     0027H     UNIT         ?PR?HEAT_BEAT_CHECK?SYSTEM
            CODE    318CH     0026H     UNIT         ?PR?TIMER0_INIT?USER_TIMER
            CODE    31B2H     0022H     UNIT         ?PR?_OLED_WR_BYTE?USER_OLED
            CODE    31D4H     0021H     UNIT         ?PR?MAIN?MAIN
            CODE    31F5H     0021H     UNIT         ?CO?USER_KEY
            CODE    3216H     0021H     UNIT         ?PR?_SET_WIFI_UART_BYTE?SYSTEM
            CODE    3237H     001FH     UNIT         ?PR?SHT_INIT?USER_SHT30
            CODE    3256H     001EH     UNIT         ?PR?KEY1_LONGPRESS_HANDLE?USER_KEY
            CODE    3274H     001CH     UNIT         ?PR?SENDACK?USER_I2C
BL51 BANKED LINKER/LOCATER V6.22.2.0                                                  02/09/2021  16:59:01  PAGE 4


            CODE    3290H     001BH     UNIT         ?CO?MAIN
            CODE    32ABH     001AH     UNIT         ?PR?KEY1_SHORTPRESS_HANDLE?USER_KEY
            CODE    32C5H     0018H     UNIT         ?PR?BSP_INIT?MAIN
            CODE    32DDH     0017H     UNIT         ?PR?MAIN
            CODE    32F4H     0017H     UNIT         ?PR?_MCU_SET_WIFI_MODE?MCU_API
            CODE    330BH     0016H     UNIT         ?PR?ADC_READ?USER_ADC
            CODE    3321H     0016H     UNIT         ?PR?UART3_INIT?USER_UART
            CODE    3337H     0015H     UNIT         ?PR?WIFI_PROTOCOL_INIT?MCU_API
            CODE    334CH     0012H     UNIT         ?PR?I2C_INIT?USER_I2C
            CODE    335EH     0011H     UNIT         ?PR?_SENDDATA?USER_I2C
            CODE    336FH     0011H     UNIT         ?PR?RECVDATA?USER_I2C
            CODE    3380H     000EH     UNIT         ?PR?DELAY100MS?MAIN
            CODE    338EH     000EH     UNIT         ?PR?MCU_RESET_WIFI?MCU_API
            CODE    339CH     000DH     UNIT         ?PR?ADC_INIT?USER_ADC
            CODE    33A9H     000DH     UNIT         ?PR?USER_I2C
            CODE    33B6H     000CH     UNIT         ?PR?START?USER_I2C
            CODE    33C2H     000CH     UNIT         ?PR?STOP?USER_I2C
            CODE    33CEH     000BH     UNIT         ?PR?_WRITECMD?USER_I2C
            CODE    33D9H     000BH     UNIT         ?PR?_WRITEDAT?USER_I2C
            CODE    33E4H     000BH     UNIT         ?PR?_MCU_GET_DP_DOWNLOAD_VALUE?MCU_API
            CODE    33EFH     000AH     UNIT         ?PR?USER_ADC
            CODE    33F9H     000AH     UNIT         ?PR?GET_MCU_WIFI_MODE?SYSTEM
            CODE    3403H     0007H     UNIT         ?PR?_MCU_GET_DP_DOWNLOAD_BOOL?MCU_API
            CODE    340AH     0007H     UNIT         ?PR?_MCU_GET_DP_DOWNLOAD_ENUM?MCU_API
            CODE    3411H     0006H     UNIT         ?PR?READ_SENSOR?MAIN
            CODE    3417H     0006H     UNIT         ?CO?USER_SHT30
            CODE    341DH     0006H     UNIT         ?PR?MCU_GET_RESET_WIFI_FLAG?MCU_API
            CODE    3423H     0006H     UNIT         ?PR?MCU_GET_WIFIMODE_FLAG?MCU_API
            CODE    3429H     0006H     UNIT         ?PR?MCU_GET_WIFI_WORK_STATE?MCU_API
            CODE    342FH     0005H     UNIT         ?PR?GET_COUNT_VALUE?USER_TIMER
            CODE    3434H     0003H     UNIT         ?PR?_UART_TRANSMIT_OUTPUT?PROTOCOL
            CODE    3437H     0003H     UNIT         ?PR?GET_DOWNLOAD_CMD_TOTAL?PROTOCOL



OVERLAY MAP OF MODULE:   .\Obj\智能温湿度计 (MAIN)


SEGMENT                                            XDATA_GROUP
  +--> CALLED SEGMENT                            START    LENGTH
----------------------------------------------------------------
?PR?UART3ISR?USER_UART                           -----    -----
  +--> ?PR?_UART_RECEIVE_INPUT?MCU_API

?PR?_UART_RECEIVE_INPUT?MCU_API                  0078H    0001H
  +--> ?PR?MCU_API

*** NEW ROOT ***************************************************

?PR?TIMER0_ISR_HANDLE?USER_TIMER                 -----    -----
  +--> ?PR?USER_TIMER

*** NEW ROOT ***************************************************

?C_C51STARTUP                                    -----    -----
  +--> ?PR?MAIN?MAIN
  +--> ?C_INITSEG
BL51 BANKED LINKER/LOCATER V6.22.2.0                                                  02/09/2021  16:59:01  PAGE 5



?PR?MAIN?MAIN                                    -----    -----
  +--> ?PR?BSP_INIT?MAIN
  +--> ?PR?BOOT_ANIMATION?MAIN
  +--> ?PR?WIFI_UART_SERVICE?MCU_API
  +--> ?PR?KEY_SCAN?USER_KEY
  +--> ?PR?WIFI_WORK_STATE_LED?MAIN
  +--> ?PR?READ_SENSOR?MAIN

?PR?BSP_INIT?MAIN                                -----    -----
  +--> ?PR?UART3_INIT?USER_UART
  +--> ?PR?WIFI_PROTOCOL_INIT?MCU_API
  +--> ?PR?I2C_INIT?USER_I2C
  +--> ?PR?OLED_INIT?USER_OLED
  +--> ?PR?OLED_CLEAR?USER_OLED
  +--> ?PR?SHT_INIT?USER_SHT30
  +--> ?PR?TIMER0_INIT?USER_TIMER
  +--> ?PR?KEY_INIT?USER_KEY

?PR?WIFI_PROTOCOL_INIT?MCU_API                   -----    -----
  +--> ?PR?MCU_API

?PR?OLED_INIT?USER_OLED                          -----    -----
  +--> ?PR?_OLED_WR_BYTE?USER_OLED

?PR?_OLED_WR_BYTE?USER_OLED                      009EH    0002H
  +--> ?PR?_WRITECMD?USER_I2C
  +--> ?PR?_WRITEDAT?USER_I2C

?PR?_WRITECMD?USER_I2C                           -----    -----
  +--> ?PR?USER_I2C
  +--> ?PR?SENDACK?USER_I2C
  +--> ?PR?STOP?USER_I2C

?PR?USER_I2C                                     -----    -----
  +--> ?PR?START?USER_I2C
  +--> ?PR?_SENDDATA?USER_I2C
  +--> ?PR?SENDACK?USER_I2C

?PR?SENDACK?USER_I2C                             -----    -----
  +--> ?PR?_SENDDATA?USER_I2C

?PR?_WRITEDAT?USER_I2C                           -----    -----
  +--> ?PR?USER_I2C
  +--> ?PR?SENDACK?USER_I2C
  +--> ?PR?STOP?USER_I2C

?PR?OLED_CLEAR?USER_OLED                         007AH    0002H
  +--> ?PR?USER_OLED
  +--> ?PR?_OLED_WR_BYTE?USER_OLED

?PR?SHT_INIT?USER_SHT30                          -----    -----
  +--> ?PR?START?USER_I2C
  +--> ?PR?_SENDDATA?USER_I2C
  +--> ?PR?SENDACK?USER_I2C
  +--> ?PR?STOP?USER_I2C

BL51 BANKED LINKER/LOCATER V6.22.2.0                                                  02/09/2021  16:59:01  PAGE 6


?PR?KEY_INIT?USER_KEY                            -----    -----
  +--> ?PR?KEY1_LONGPRESS_HANDLE?USER_KEY
  +--> ?PR?KEY1_SHORTPRESS_HANDLE?USER_KEY

?PR?KEY1_LONGPRESS_HANDLE?USER_KEY               -----    -----
  +--> ?PR?MCU_RESET_WIFI?MCU_API
  +--> ?PR?MCU_GET_WIFI_WORK_STATE?MCU_API
  +--> ?CO?USER_KEY
  +--> ?PR?USER_KEY
  +--> ?PR?_OLED_SHOWSTR?USER_OLED

?PR?MCU_RESET_WIFI?MCU_API                       -----    -----
  +--> ?PR?_WIFI_UART_WRITE_FRAME?SYSTEM

?PR?_WIFI_UART_WRITE_FRAME?SYSTEM                009FH    0002H
  +--> ?PR?_GET_CHECK_SUM?SYSTEM
  +--> ?PR?_WIFI_UART_WRITE_DATA?SYSTEM

?PR?_GET_CHECK_SUM?SYSTEM                        00A1H    0006H
  +--> ?PR?SYSTEM

?PR?_WIFI_UART_WRITE_DATA?SYSTEM                 00A1H    0005H
  +--> ?PR?SYSTEM
  +--> ?PR?_UART_TRANSMIT_OUTPUT?PROTOCOL

?PR?_UART_TRANSMIT_OUTPUT?PROTOCOL               -----    -----
  +--> ?PR?_UART_PUTCHAR?USER_UART

?PR?_OLED_SHOWSTR?USER_OLED                      008DH    0007H
  +--> ?PR?USER_OLED
  +--> ?PR?_OLED_SHOWCHAR?USER_OLED

?PR?_OLED_SHOWCHAR?USER_OLED                     0097H    0006H
  +--> ?PR?USER_OLED
  +--> ?CO?CODETAB
  +--> ?PR?_OLED_SETPOS?USER_OLED
  +--> ?PR?_OLED_WR_BYTE?USER_OLED

?PR?_OLED_SETPOS?USER_OLED                       009DH    0001H
  +--> ?PR?_OLED_WR_BYTE?USER_OLED

?PR?KEY1_SHORTPRESS_HANDLE?USER_KEY              -----    -----
  +--> ?CO?USER_KEY
  +--> ?PR?USER_KEY
  +--> ?PR?_OLED_SHOWSTR?USER_OLED
  +--> ?PR?GET_VOLTAGE?USER_ADC
  +--> ?PR?SHT30_READ?USER_SHT30

?PR?GET_VOLTAGE?USER_ADC                         007DH    0004H
  +--> ?PR?ADC_INIT?USER_ADC
  +--> ?PR?ADC_READ?USER_ADC
  +--> ?PR?USER_ADC
  +--> ?PR?_OLED_SHOWNUM?USER_OLED
  +--> ?PR?_OLED_SHOWCHAR?USER_OLED
  +--> ?PR?_MCU_DP_ENUM_UPDATE?MCU_API
  +--> ?PR?_MCU_DP_VALUE_UPDATE?MCU_API

BL51 BANKED LINKER/LOCATER V6.22.2.0                                                  02/09/2021  16:59:01  PAGE 7


?PR?_OLED_SHOWNUM?USER_OLED                      008DH    000AH
  +--> ?PR?USER_OLED
  +--> ?PR?_OLED_SHOWCHAR?USER_OLED
  +--> ?PR?_OLED_POW?USER_OLED

?PR?_OLED_POW?USER_OLED                          0097H    0006H
  +--> ?PR?USER_OLED

?PR?_MCU_DP_ENUM_UPDATE?MCU_API                  0088H    0001H
  +--> ?PR?MCU_API
  +--> ?PR?_SET_WIFI_UART_BYTE?SYSTEM
  +--> ?PR?_WIFI_UART_WRITE_FRAME?SYSTEM

?PR?_SET_WIFI_UART_BYTE?SYSTEM                   009FH    0002H
  +--> ?PR?SYSTEM

?PR?_MCU_DP_VALUE_UPDATE?MCU_API                 009AH    0005H
  +--> ?PR?MCU_API
  +--> ?PR?_SET_WIFI_UART_BYTE?SYSTEM
  +--> ?PR?_WIFI_UART_WRITE_FRAME?SYSTEM

?PR?SHT30_READ?USER_SHT30                        007DH    0010H
  +--> ?PR?START?USER_I2C
  +--> ?PR?_SENDDATA?USER_I2C
  +--> ?PR?SENDACK?USER_I2C
  +--> ?PR?RECVDATA?USER_I2C
  +--> ?PR?STOP?USER_I2C
  +--> ?PR?_SHT_CRC?USER_SHT30
  +--> ?PR?USER_SHT30
  +--> ?PR?EXP?EXP
  +--> ?PR?_MCU_DP_VALUE_UPDATE?MCU_API
  +--> ?PR?_OLED_SHOWNUM?USER_OLED
  +--> ?PR?_OLED_SHOWCHAR?USER_OLED
  +--> ?CO?USER_SHT30
  +--> ?PR?_OLED_SHOWSTR?USER_OLED
  +--> ?PR?SHT_INIT?USER_SHT30

?PR?_SHT_CRC?USER_SHT30                          008DH    0005H

?PR?BOOT_ANIMATION?MAIN                          0079H    0001H
  +--> ?PR?WIFI_UART_SERVICE?MCU_API
  +--> ?PR?MAIN
  +--> ?CO?CODETAB
  +--> ?PR?_OLED_DRAWBMP?USER_OLED
  +--> ?PR?DELAY100MS?MAIN
  +--> ?PR?OLED_CLEAR?USER_OLED
  +--> ?PR?WELCOME?MAIN
  +--> ?PR?READ_SENSOR?MAIN
  +--> ?PR?WIFI_WORK_STATE_LED?MAIN

?PR?WIFI_UART_SERVICE?MCU_API                    007AH    0004H
  +--> ?PR?WITH_DATA_RXBUFF?SYSTEM
  +--> ?PR?TAKE_BYTE_RXBUFF?SYSTEM
  +--> ?PR?MCU_API
  +--> ?PR?_GET_CHECK_SUM?SYSTEM
  +--> ?PR?_DATA_HANDLE?SYSTEM
  +--> ?PR?_MY_MEMCPY?MCU_API
BL51 BANKED LINKER/LOCATER V6.22.2.0                                                  02/09/2021  16:59:01  PAGE 8



?PR?WITH_DATA_RXBUFF?SYSTEM                      -----    -----
  +--> ?PR?SYSTEM

?PR?TAKE_BYTE_RXBUFF?SYSTEM                      -----    -----
  +--> ?PR?SYSTEM

?PR?_DATA_HANDLE?SYSTEM                          007EH    000AH
  +--> ?PR?HEAT_BEAT_CHECK?SYSTEM
  +--> ?PR?PRODUCT_INFO_UPDATE?SYSTEM
  +--> ?PR?GET_MCU_WIFI_MODE?SYSTEM
  +--> ?PR?_WIFI_UART_WRITE_FRAME?SYSTEM
  +--> ?PR?_DATA_POINT_HANDLE?SYSTEM
  +--> ?PR?ALL_DATA_UPDATE?PROTOCOL

?PR?HEAT_BEAT_CHECK?SYSTEM                       -----    -----
  +--> ?PR?_SET_WIFI_UART_BYTE?SYSTEM
  +--> ?PR?_WIFI_UART_WRITE_FRAME?SYSTEM

?PR?PRODUCT_INFO_UPDATE?SYSTEM                   0088H    000BH
  +--> ?CO?SYSTEM
  +--> ?PR?_MY_STRLEN?MCU_API
  +--> ?PR?_SET_WIFI_UART_BUFFER?SYSTEM
  +--> ?PR?_WIFI_UART_WRITE_FRAME?SYSTEM

?PR?_MY_STRLEN?MCU_API                           0093H    0007H
  +--> ?PR?MCU_API

?PR?_SET_WIFI_UART_BUFFER?SYSTEM                 0093H    0007H
  +--> ?PR?SYSTEM
  +--> ?PR?_MY_MEMCPY?MCU_API

?PR?_MY_MEMCPY?MCU_API                           009AH    0010H
  +--> ?PR?MCU_API

?PR?GET_MCU_WIFI_MODE?SYSTEM                     -----    -----
  +--> ?PR?_WIFI_UART_WRITE_FRAME?SYSTEM

?PR?_DATA_POINT_HANDLE?SYSTEM                    0088H    0007H
  +--> ?PR?SYSTEM
  +--> ?PR?_GET_DOWMLOAD_DPID_INDEX?SYSTEM
  +--> ?PR?_DP_DOWNLOAD_HANDLE?PROTOCOL

?PR?_GET_DOWMLOAD_DPID_INDEX?SYSTEM              008FH    0001H
  +--> ?PR?GET_DOWNLOAD_CMD_TOTAL?PROTOCOL

?PR?_DP_DOWNLOAD_HANDLE?PROTOCOL                 008FH    0007H
  +--> ?PR?PROTOCOL
  +--> ?PR?_DP_DOWNLOAD_TEMP_SAMPLING_HANDLE...
  +--> ?PR?_DP_DOWNLOAD_HUMIDITY_SAMPLING_HA...

?PR?_DP_DOWNLOAD_TEMP_SAMPLING_HANDLE...         0096H    0004H
  +--> ?PR?_MCU_GET_DP_DOWNLOAD_VALUE?MCU_API
  +--> ?PR?PROTOCOL
  +--> ?PR?_MCU_DP_VALUE_UPDATE?MCU_API

?PR?_MCU_GET_DP_DOWNLOAD_VALUE?MCU_API           009AH    0002H
BL51 BANKED LINKER/LOCATER V6.22.2.0                                                  02/09/2021  16:59:01  PAGE 9


  +--> ?PR?_BYTE_TO_INT?MCU_API

?PR?_BYTE_TO_INT?MCU_API                         009CH    0007H
  +--> ?PR?MCU_API

?PR?_DP_DOWNLOAD_HUMIDITY_SAMPLING_HA...         0096H    0004H
  +--> ?PR?_MCU_GET_DP_DOWNLOAD_VALUE?MCU_API
  +--> ?PR?PROTOCOL
  +--> ?PR?_MCU_DP_VALUE_UPDATE?MCU_API

?PR?ALL_DATA_UPDATE?PROTOCOL                     -----    -----
  +--> ?PR?PROTOCOL
  +--> ?PR?_MCU_DP_VALUE_UPDATE?MCU_API
  +--> ?PR?_MCU_DP_ENUM_UPDATE?MCU_API

?PR?_OLED_DRAWBMP?USER_OLED                      007AH    000BH
  +--> ?PR?_OLED_SETPOS?USER_OLED
  +--> ?PR?USER_OLED
  +--> ?PR?_OLED_WR_BYTE?USER_OLED

?PR?WELCOME?MAIN                                 -----    -----
  +--> ?PR?_OLED_SHOWCHINESE?USER_OLED

?PR?_OLED_SHOWCHINESE?USER_OLED                  007AH    0005H
  +--> ?PR?_OLED_SETPOS?USER_OLED
  +--> ?PR?USER_OLED
  +--> ?CO?CODETAB
  +--> ?PR?_OLED_WR_BYTE?USER_OLED

?PR?READ_SENSOR?MAIN                             -----    -----
  +--> ?PR?GET_VOLTAGE?USER_ADC
  +--> ?PR?SHT30_READ?USER_SHT30

?PR?WIFI_WORK_STATE_LED?MAIN                     -----    -----
  +--> ?PR?MCU_GET_WIFI_WORK_STATE?MCU_API
  +--> ?CO?MAIN
  +--> ?PR?MAIN
  +--> ?CO?CODETAB
  +--> ?PR?_OLED_DRAWBMP?USER_OLED
  +--> ?PR?_OLED_SHOWSTR?USER_OLED

?PR?KEY_SCAN?USER_KEY                            0079H    0004H
  +--> ?PR?GET_COUNT_VALUE?USER_TIMER
  +--> ?PR?USER_KEY
  +--> ?PR?KEY1_LONGPRESS_HANDLE?USER_KEY
  +--> ?PR?KEY1_SHORTPRESS_HANDLE?USER_KEY
  +--> ?PR?_GET_KEY_PRESS_TIME?USER_KEY

?PR?GET_COUNT_VALUE?USER_TIMER                   -----    -----
  +--> ?PR?USER_TIMER

?PR?_GET_KEY_PRESS_TIME?USER_KEY                 007DH    0008H
  +--> ?PR?GET_COUNT_VALUE?USER_TIMER
  +--> ?PR?USER_KEY



BL51 BANKED LINKER/LOCATER V6.22.2.0                                                  02/09/2021  16:59:01  PAGE 10


SYMBOL TABLE OF MODULE:  .\Obj\智能温湿度计 (MAIN)

  VALUE           TYPE          NAME
  ----------------------------------

  -------         MODULE        MAIN
  C:0000H         SYMBOL        _ICE_DUMMY_
  D:0080H         PUBLIC        P0
  D:0090H         PUBLIC        P1
  D:00A0H         PUBLIC        P2
  D:00B0H         PUBLIC        P3
  D:00C0H         PUBLIC        P4
  D:00C8H         PUBLIC        P5
  D:00E8H         PUBLIC        P6
  D:00F8H         PUBLIC        P7
  D:00A8H         PUBLIC        IE
  D:00B8H         PUBLIC        IP
  C:3411H         SYMBOL        read_sensor
  C:32C5H         SYMBOL        Bsp_Init
  D:00D8H         PUBLIC        CCON
  C:31D4H         PUBLIC        main
  D:0098H         PUBLIC        SCON
  D:0088H         PUBLIC        TCON
  C:2BD1H         PUBLIC        Boot_animation
  X:00DBH         PUBLIC        FlashBuffer
  C:3380H         PUBLIC        Delay100ms
  X:00E1H         PUBLIC        is_read_time
  C:2C65H         PUBLIC        welcome
  C:2436H         PUBLIC        wifi_work_state_led
  D:00D0H         PUBLIC        PSW
  C:32DDH         SYMBOL        Com0028
  C:32DDH         SYMBOL        L?0041
  C:32DDH         SYMBOL        L?0042
  C:32DFH         SYMBOL        L?0043
  C:32E9H         SYMBOL        L?0044
  C:32EBH         SYMBOL        L?0045
  -------         PROC          COM0028
  -------         ENDPROC       COM0028
  -------         PROC          DELAY100MS
  -------         DO            
  D:0007H         SYMBOL        i
  D:0006H         SYMBOL        j
  D:0005H         SYMBOL        k
  -------         ENDDO         
  C:3380H         LINE#         15
  C:3380H         LINE#         16
  C:3380H         LINE#         19
  C:3381H         LINE#         20
  C:3383H         LINE#         21
  C:3385H         LINE#         22
  C:3387H         LINE#         24
  C:3387H         LINE#         26
  C:3387H         LINE#         27
  C:3389H         LINE#         28
  C:338BH         LINE#         29
  C:338DH         LINE#         30
  -------         ENDPROC       DELAY100MS
BL51 BANKED LINKER/LOCATER V6.22.2.0                                                  02/09/2021  16:59:01  PAGE 11


  -------         PROC          BSP_INIT
  C:32C5H         LINE#         38
  C:32C5H         LINE#         39
  C:32C5H         LINE#         40
  C:32C8H         LINE#         41
  C:32CBH         LINE#         42
  C:32CEH         LINE#         43
  C:32D1H         LINE#         44
  C:32D4H         LINE#         45
  C:32D7H         LINE#         46
  C:32DAH         LINE#         47
  -------         ENDPROC       BSP_INIT
  -------         PROC          WELCOME
  C:2C65H         LINE#         57
  C:2C65H         LINE#         58
  C:2C65H         LINE#         59
  C:2C6DH         LINE#         60
  C:2C76H         LINE#         61
  C:2C7FH         LINE#         62
  C:2C88H         LINE#         63
  C:2C91H         LINE#         64
  C:2C9AH         LINE#         65
  C:2CA3H         LINE#         66
  -------         ENDPROC       WELCOME
  -------         PROC          WIFI_WORK_STATE_LED
  -------         DO            
  D:0007H         SYMBOL        wifi_state
  -------         ENDDO         
  C:2436H         LINE#         75
  C:2436H         LINE#         76
  C:2436H         LINE#         77
  C:2439H         LINE#         78
  C:245BH         LINE#         79
  C:245BH         LINE#         80
  C:245BH         LINE#         81
  C:2461H         LINE#         82
  C:2463H         LINE#         84
  C:2463H         LINE#         85
  C:2469H         LINE#         86
  C:246BH         LINE#         88
  C:246BH         LINE#         89
  C:2474H         LINE#         90
  C:2474H         LINE#         91
  C:2476H         LINE#         93
  C:2476H         LINE#         94
  C:247FH         LINE#         95
  C:247FH         LINE#         96
  C:2481H         LINE#         98
  C:2481H         LINE#         99
  C:248AH         LINE#         100
  C:248AH         LINE#         101
  C:248CH         LINE#         103
  C:248CH         LINE#         104
  C:249EH         LINE#         105
  C:24A7H         LINE#         106
  C:24A9H         LINE#         108
  C:24A9H         LINE#         109
BL51 BANKED LINKER/LOCATER V6.22.2.0                                                  02/09/2021  16:59:01  PAGE 12


  C:24B3H         LINE#         110
  C:24B5H         LINE#         112
  C:24B5H         LINE#         113
  C:24C0H         LINE#         114
  C:24C0H         LINE#         115
  C:24C0H         LINE#         116
  -------         ENDPROC       WIFI_WORK_STATE_LED
  -------         PROC          READ_SENSOR
  C:3411H         LINE#         124
  C:3411H         LINE#         125
  C:3411H         LINE#         126
  C:3414H         LINE#         127
  -------         ENDPROC       READ_SENSOR
  -------         PROC          BOOT_ANIMATION
  -------         DO            
  X:0079H         SYMBOL        i
  -------         ENDDO         
  C:2BD1H         LINE#         136
  C:2BD1H         LINE#         137
  C:2BD1H         LINE#         140
  C:2BE3H         LINE#         141
  C:2BE3H         LINE#         142
  C:2BE6H         LINE#         143
  C:2C03H         LINE#         144
  C:2C06H         LINE#         145
  C:2C0EH         LINE#         146
  C:2C11H         LINE#         147
  C:2C14H         LINE#         148
  C:2C17H         LINE#         149
  C:2C1AH         LINE#         150
  -------         ENDPROC       BOOT_ANIMATION
  -------         PROC          MAIN
  C:31D4H         LINE#         160
  C:31D4H         LINE#         161
  C:31D4H         LINE#         163
  C:31D7H         LINE#         166
  C:31DAH         LINE#         169
  C:31DAH         LINE#         170
  C:31DAH         LINE#         172
  C:31DDH         LINE#         174
  C:31E0H         LINE#         176
  C:31E3H         LINE#         177
  C:31EBH         LINE#         178
  C:31EBH         LINE#         180
  C:31EEH         LINE#         181
  C:31F3H         LINE#         182
  C:31F3H         LINE#         183
  -------         ENDPROC       MAIN
  -------         ENDMOD        MAIN

  -------         MODULE        USER_ADC
  C:0000H         SYMBOL        _ICE_DUMMY_
  D:0092H         PUBLIC        P1M0
  D:0091H         PUBLIC        P1M1
  D:0080H         PUBLIC        P0
  D:0090H         PUBLIC        P1
  D:00A0H         PUBLIC        P2
BL51 BANKED LINKER/LOCATER V6.22.2.0                                                  02/09/2021  16:59:01  PAGE 13


  D:00B0H         PUBLIC        P3
  D:00C0H         PUBLIC        P4
  D:00C8H         PUBLIC        P5
  D:00E8H         PUBLIC        P6
  D:00F8H         PUBLIC        P7
  D:00A8H         PUBLIC        IE
  D:00BDH         PUBLIC        ADC_RES
  D:00B8H         PUBLIC        IP
  D:00DEH         PUBLIC        ADCCFG
  D:00D8H         PUBLIC        CCON
  D:00BCH         PUBLIC        ADC_CONTR
  D:0098H         PUBLIC        SCON
  D:0088H         PUBLIC        TCON
  C:330BH         PUBLIC        ADC_read
  C:14A7H         PUBLIC        Get_Voltage
  C:339CH         PUBLIC        ADC_init
  D:00BEH         PUBLIC        ADC_RESL
  D:00D0H         PUBLIC        PSW
  C:33EFH         SYMBOL        Com002A
  C:33EFH         SYMBOL        L?0043
  C:33EFH         SYMBOL        L?0044
  -------         PROC          COM002A
  -------         ENDPROC       COM002A
  -------         PROC          ADC_INIT
  C:339CH         LINE#         64
  C:339CH         LINE#         65
  C:339CH         LINE#         66
  C:339FH         LINE#         67
  C:33A2H         LINE#         68
  C:33A5H         LINE#         69
  C:33A8H         LINE#         70
  -------         ENDPROC       ADC_INIT
  -------         PROC          ADC_READ
  -------         DO            
  D:0006H         SYMBOL        res
  -------         ENDDO         
  C:330BH         LINE#         78
  C:330BH         LINE#         79
  C:330BH         LINE#         82
  C:330EH         LINE#         83
  C:330FH         LINE#         84
  C:3310H         LINE#         85
  C:3315H         LINE#         86
  C:3318H         LINE#         87
  C:3320H         LINE#         89
  C:3320H         LINE#         90
  -------         ENDPROC       ADC_READ
  -------         PROC          GET_VOLTAGE
  -------         DO            
  X:007DH         SYMBOL        res
  X:007FH         SYMBOL        vcc
  D:0002H         SYMBOL        i
  -------         ENDDO         
  C:14A7H         LINE#         102
  C:14A7H         LINE#         103
  C:14A7H         LINE#         108
  C:14AAH         LINE#         109
BL51 BANKED LINKER/LOCATER V6.22.2.0                                                  02/09/2021  16:59:01  PAGE 14


  C:14ADH         LINE#         110
  C:14B0H         LINE#         111
  C:14B7H         LINE#         112
  C:14B9H         LINE#         113
  C:14B9H         LINE#         114
  C:14C8H         LINE#         115
  C:14D3H         LINE#         116
  C:14EDH         LINE#         117
  C:1510H         LINE#         119
  C:1528H         LINE#         120
  C:1528H         LINE#         121
  C:152DH         LINE#         122
  C:152DH         LINE#         123
  C:152DH         LINE#         124
  C:1530H         LINE#         125
  C:1547H         LINE#         126
  C:1547H         LINE#         127
  C:154CH         LINE#         128
  C:154CH         LINE#         129
  C:154CH         LINE#         130
  C:154FH         LINE#         131
  C:1566H         LINE#         132
  C:1566H         LINE#         133
  C:156BH         LINE#         134
  C:156BH         LINE#         135
  C:156BH         LINE#         136
  C:156EH         LINE#         137
  C:1585H         LINE#         138
  C:1585H         LINE#         139
  C:158AH         LINE#         140
  C:158AH         LINE#         141
  C:158AH         LINE#         142
  C:158DH         LINE#         143
  C:15A4H         LINE#         144
  C:15A4H         LINE#         145
  C:15A9H         LINE#         146
  C:15A9H         LINE#         147
  C:15A9H         LINE#         148
  C:15ACH         LINE#         149
  C:15C3H         LINE#         150
  C:15C3H         LINE#         151
  C:15C8H         LINE#         152
  C:15C8H         LINE#         153
  C:15C8H         LINE#         154
  C:15CBH         LINE#         155
  C:15E2H         LINE#         156
  C:15E2H         LINE#         157
  C:15E7H         LINE#         158
  C:15E7H         LINE#         159
  C:15E7H         LINE#         160
  C:15EAH         LINE#         161
  C:1601H         LINE#         162
  C:1601H         LINE#         163
  C:1606H         LINE#         164
  C:1606H         LINE#         165
  C:1606H         LINE#         166
  C:1608H         LINE#         167
BL51 BANKED LINKER/LOCATER V6.22.2.0                                                  02/09/2021  16:59:01  PAGE 15


  C:161FH         LINE#         168
  C:161FH         LINE#         169
  C:1624H         LINE#         170
  C:1624H         LINE#         171
  C:1624H         LINE#         172
  C:1626H         LINE#         173
  C:163DH         LINE#         174
  C:163DH         LINE#         175
  C:1642H         LINE#         176
  C:1642H         LINE#         177
  C:1642H         LINE#         178
  C:1644H         LINE#         179
  C:1655H         LINE#         180
  C:1655H         LINE#         181
  C:165AH         LINE#         182
  C:166FH         LINE#         183
  C:167EH         LINE#         184
  C:167EH         LINE#         185
  C:1688H         LINE#         186
  -------         ENDPROC       GET_VOLTAGE
  -------         ENDMOD        USER_ADC

  -------         MODULE        USER_I2C
  C:0000H         SYMBOL        _ICE_DUMMY_
  D:0080H         PUBLIC        P0
  D:0090H         PUBLIC        P1
  D:00A0H         PUBLIC        P2
  D:00B0H         PUBLIC        P3
  D:00C0H         PUBLIC        P4
  D:00C8H         PUBLIC        P5
  D:00E8H         PUBLIC        P6
  D:00F8H         PUBLIC        P7
  C:335EH         PUBLIC        _SendData
  D:00BAH         PUBLIC        P_SW2
  D:00A8H         PUBLIC        IE
  C:336FH         PUBLIC        RecvData
  C:33B6H         PUBLIC        Start
  D:00B8H         PUBLIC        IP
  C:33CEH         PUBLIC        _WriteCmd
  D:00D8H         PUBLIC        CCON
  C:33C2H         PUBLIC        Stop
  C:33D9H         PUBLIC        _WriteDat
  D:0098H         PUBLIC        SCON
  D:0088H         PUBLIC        TCON
  C:3068H         PUBLIC        I2C_Isr
  C:334CH         PUBLIC        I2C_init
  C:327FH         PUBLIC        SendACK
  B:0020H.0       PUBLIC        busy1
  D:00D0H         PUBLIC        PSW
  C:33A9H         SYMBOL        Com0016
  C:33A9H         SYMBOL        L?0023
  -------         PROC          COM0016
  -------         ENDPROC       COM0016
  -------         PROC          I2C_INIT
  C:334CH         LINE#         23
  C:334CH         LINE#         24
  C:334CH         LINE#         25
BL51 BANKED LINKER/LOCATER V6.22.2.0                                                  02/09/2021  16:59:01  PAGE 16


  C:334FH         LINE#         27
  C:3352H         LINE#         30
  C:3358H         LINE#         31
  C:335DH         LINE#         32
  -------         ENDPROC       I2C_INIT
  -------         PROC          I2C_ISR
  -------         DO            
  D:0007H         SYMBOL        store
  -------         ENDDO         
  C:3068H         LINE#         44
  C:3075H         LINE#         48
  C:3077H         LINE#         49
  C:307AH         LINE#         50
  C:3081H         LINE#         51
  C:3081H         LINE#         52
  C:3085H         LINE#         53
  C:3087H         LINE#         54
  C:3087H         LINE#         55
  C:3089H         LINE#         56
  -------         ENDPROC       I2C_ISR
  -------         PROC          START
  C:33B6H         LINE#         64
  C:33B6H         LINE#         65
  C:33B6H         LINE#         66
  C:33B8H         LINE#         67
  C:33BEH         LINE#         68
  C:33C1H         LINE#         69
  -------         ENDPROC       START
  -------         PROC          _SENDDATA
  D:0007H         SYMBOL        dat
  C:335EH         LINE#         77
  C:335EH         LINE#         78
  C:335EH         LINE#         79
  C:3363H         LINE#         80
  C:3365H         LINE#         81
  C:336BH         LINE#         82
  C:336EH         LINE#         83
  -------         ENDPROC       _SENDDATA
  -------         PROC          RECVDATA
  C:336FH         LINE#         105
  C:336FH         LINE#         106
  C:336FH         LINE#         107
  C:3371H         LINE#         108
  C:3377H         LINE#         109
  C:337AH         LINE#         110
  C:337FH         LINE#         111
  -------         ENDPROC       RECVDATA
  -------         PROC          L?0021
  -------         ENDPROC       L?0021
  -------         PROC          SENDACK
  C:327FH         LINE#         119
  C:327FH         LINE#         120
  C:327FH         LINE#         121
  C:3284H         LINE#         122
  C:3286H         LINE#         123
  C:328CH         LINE#         124
  C:328FH         LINE#         125
BL51 BANKED LINKER/LOCATER V6.22.2.0                                                  02/09/2021  16:59:01  PAGE 17


  -------         ENDPROC       SENDACK
  -------         PROC          STOP
  C:33C2H         LINE#         147
  C:33C2H         LINE#         148
  C:33C2H         LINE#         149
  C:33C4H         LINE#         150
  C:33CAH         LINE#         151
  C:33CDH         LINE#         152
  -------         ENDPROC       STOP
  -------         PROC          _WRITECMD
  D:0006H         SYMBOL        command
  D:0005H         SYMBOL        addr
  C:33CEH         LINE#         267
  C:33CEH         LINE#         268
  C:33CEH         LINE#         269
  C:33CEH         LINE#         270
  C:33CEH         LINE#         271
  C:33D1H         LINE#         272
  C:33D3H         LINE#         273
  C:33D3H         LINE#         274
  C:33D3H         LINE#         275
  C:33D6H         LINE#         276
  -------         ENDPROC       _WRITECMD
  -------         PROC          _WRITEDAT
  D:0006H         SYMBOL        Data
  D:0005H         SYMBOL        addr
  C:33D9H         LINE#         285
  C:33D9H         LINE#         286
  C:33D9H         LINE#         287
  C:33D9H         LINE#         288
  C:33D9H         LINE#         289
  C:33DCH         LINE#         290
  C:33DEH         LINE#         291
  C:33DEH         LINE#         292
  C:33DEH         LINE#         293
  C:33E1H         LINE#         294
  -------         ENDPROC       _WRITEDAT
  -------         ENDMOD        USER_I2C

  -------         MODULE        USER_KEY
  C:0000H         SYMBOL        _ICE_DUMMY_
  D:0080H         PUBLIC        P0
  D:0090H         PUBLIC        P1
  D:00A0H         PUBLIC        P2
  D:00B0H         PUBLIC        P3
  D:00C0H         PUBLIC        P4
  D:00C8H         PUBLIC        P5
  D:00E8H         PUBLIC        P6
  D:00F8H         PUBLIC        P7
  X:00B6H         PUBLIC        Status
  D:00A8H         PUBLIC        IE
  C:2993H         SYMBOL        _Get_Key_Press_Time
  C:3256H         SYMBOL        Key1_LongPress_Handle
  C:32ABH         SYMBOL        Key1_ShortPress_Handle
  D:00B8H         PUBLIC        IP
  D:00D8H         PUBLIC        CCON
  X:00B7H         PUBLIC        Long_Press_Handle
BL51 BANKED LINKER/LOCATER V6.22.2.0                                                  02/09/2021  16:59:01  PAGE 18


  X:00BAH         PUBLIC        Short_Press_Handle
  D:0098H         PUBLIC        SCON
  D:0088H         PUBLIC        TCON
  B:0020H.1       PUBLIC        lastButtonState
  X:00BDH         PUBLIC        last_time
  C:1ECCH         PUBLIC        key_scan
  C:30EBH         PUBLIC        key_init
  D:00D0H         PUBLIC        PSW
  B:0080H.7       PUBLIC        K1
  C:2D33H         SYMBOL        Com001E
  C:2D33H         SYMBOL        L?0031
  C:2D38H         SYMBOL        L?0032
  C:2D3DH         SYMBOL        L?0033
  C:2D3EH         SYMBOL        L?0034
  C:2D49H         SYMBOL        L?0035
  C:2D4CH         SYMBOL        L?0036
  C:2D4DH         SYMBOL        L?0037
  C:2D58H         SYMBOL        L?0038
  C:2D5AH         SYMBOL        L?0039
  C:2D65H         SYMBOL        L?0040
  C:2D65H         SYMBOL        L?0041
  -------         PROC          COM001E
  -------         ENDPROC       COM001E
  -------         PROC          KEY1_SHORTPRESS_HANDLE
  C:32ABH         LINE#         27
  C:32ABH         LINE#         28
  C:32ABH         LINE#         29
  C:32B5H         LINE#         30
  C:32B8H         LINE#         31
  C:32BBH         LINE#         32
  -------         ENDPROC       KEY1_SHORTPRESS_HANDLE
  -------         PROC          KEY1_LONGPRESS_HANDLE
  C:3256H         LINE#         41
  C:3256H         LINE#         42
  C:3256H         LINE#         44
  C:3259H         LINE#         45
  C:3267H         LINE#         46
  C:3267H         LINE#         47
  C:3273H         LINE#         48
  C:3273H         LINE#         50
  -------         ENDPROC       KEY1_LONGPRESS_HANDLE
  -------         PROC          KEY_INIT
  C:30EBH         LINE#         58
  C:30EBH         LINE#         59
  C:30EBH         LINE#         60
  C:30F5H         LINE#         61
  C:30FAH         LINE#         62
  C:30FCH         LINE#         64
  C:3108H         LINE#         66
  C:3114H         LINE#         67
  -------         ENDPROC       KEY_INIT
  -------         PROC          _GET_KEY_PRESS_TIME
  X:007DH         SYMBOL        last_time
  -------         DO            
  X:0081H         SYMBOL        time
  -------         ENDDO         
  C:2993H         LINE#         75
BL51 BANKED LINKER/LOCATER V6.22.2.0                                                  02/09/2021  16:59:01  PAGE 19


  C:2999H         LINE#         76
  C:2999H         LINE#         79
  C:29A2H         LINE#         80
  C:29B3H         LINE#         81
  C:29B3H         LINE#         82
  C:29C7H         LINE#         83
  C:29C9H         LINE#         85
  C:29C9H         LINE#         87
  C:29E2H         LINE#         88
  C:29E2H         LINE#         90
  C:29E8H         LINE#         91
  -------         ENDPROC       _GET_KEY_PRESS_TIME
  C:1FAAH         SYMBOL        L?0042
  -------         PROC          KEY_SCAN
  -------         DO            
  X:0079H         SYMBOL        time
  -------         ENDDO         
  C:1ECCH         LINE#         99
  C:1ECCH         LINE#         100
  C:1ECCH         LINE#         103
  C:1EDCH         LINE#         104
  C:1EDCH         LINE#         105
  C:1EDCH         LINE#         107
  C:1EDFH         LINE#         108
  C:1EDFH         LINE#         109
  C:1EE5H         LINE#         110
  C:1EEEH         LINE#         111
  C:1EEEH         LINE#         112
  C:1EF0H         LINE#         114
  C:1EF0H         LINE#         115
  C:1EF3H         LINE#         116
  C:1EF3H         LINE#         117
  C:1EF8H         LINE#         118
  C:1EF8H         LINE#         119
  C:1EF8H         LINE#         120
  C:1EFAH         LINE#         122
  C:1EFAH         LINE#         123
  C:1EFDH         LINE#         124
  C:1EFDH         LINE#         125
  C:1F07H         LINE#         126
  C:1F0CH         LINE#         127
  C:1F0EH         LINE#         128
  C:1F0EH         LINE#         129
  C:1F0EH         LINE#         130
  C:1F0EH         LINE#         132
  C:1F1CH         LINE#         133
  C:1F1CH         LINE#         134
  C:1F25H         LINE#         135
  C:1F2EH         LINE#         136
  C:1F2EH         LINE#         139
  C:1F34H         LINE#         140
  C:1F3DH         LINE#         141
  C:1F3DH         LINE#         142
  C:1F40H         LINE#         143
  C:1F42H         LINE#         144
  C:1F42H         LINE#         145
  C:1F42H         LINE#         146
BL51 BANKED LINKER/LOCATER V6.22.2.0                                                  02/09/2021  16:59:01  PAGE 20


  C:1F43H         LINE#         147
  C:1F4BH         LINE#         148
  C:1F4BH         LINE#         150
  C:1F54H         LINE#         152
  C:1F5EH         LINE#         153
  C:1F63H         LINE#         154
  C:1F84H         LINE#         155
  C:1F84H         LINE#         157
  C:1F8FH         LINE#         158
  C:1F8FH         LINE#         159
  C:1F92H         LINE#         160
  C:1F92H         LINE#         161
  C:1F92H         LINE#         162
  C:1F9BH         LINE#         163
  C:1F9BH         LINE#         165
  C:1FA6H         LINE#         166
  C:1FA6H         LINE#         167
  C:1FA9H         LINE#         168
  C:1FA9H         LINE#         169
  C:1FA9H         LINE#         171
  C:1FA9H         LINE#         172
  -------         ENDPROC       KEY_SCAN
  -------         ENDMOD        USER_KEY

  -------         MODULE        USER_OLED
  C:0000H         SYMBOL        _ICE_DUMMY_
  D:0080H         PUBLIC        P0
  D:0090H         PUBLIC        P1
  D:00A0H         PUBLIC        P2
  D:00B0H         PUBLIC        P3
  D:00C0H         PUBLIC        P4
  D:00C8H         PUBLIC        P5
  D:00E8H         PUBLIC        P6
  D:00F8H         PUBLIC        P7
  D:00A8H         PUBLIC        IE
  D:00B8H         PUBLIC        IP
  C:1DDFH         PUBLIC        OLED_Init
  D:00D8H         PUBLIC        CCON
  C:31B2H         PUBLIC        _OLED_WR_Byte
  C:2099H         PUBLIC        _OLED_ShowChar
  D:0098H         PUBLIC        SCON
  D:0088H         PUBLIC        TCON
  C:26B6H         PUBLIC        _OLED_ShowCHinese
  C:279DH         PUBLIC        _OLED_OLED_WR_Byte_con
  C:199DH         PUBLIC        _OLED_ShowNum
  C:2CACH         PUBLIC        _oled_pow
  C:2640H         PUBLIC        _OLED_ShowStr
  C:2F40H         PUBLIC        _OLED_SetPos
  C:28DAH         PUBLIC        OLED_Clear
  C:231DH         PUBLIC        _OLED_DrawBMP
  D:00D0H         PUBLIC        PSW
  C:228FH         SYMBOL        Com0053
  C:228FH         SYMBOL        L?0084
  C:228FH         SYMBOL        L?0085
  C:2299H         SYMBOL        L?0086
  C:229DH         SYMBOL        L?0087
  C:22A4H         SYMBOL        L?0089
BL51 BANKED LINKER/LOCATER V6.22.2.0                                                  02/09/2021  16:59:01  PAGE 21


  C:22ACH         SYMBOL        L?0090
  C:22AEH         SYMBOL        L?0091
  C:22BAH         SYMBOL        L?0093
  C:22C1H         SYMBOL        L?0094
  C:22CAH         SYMBOL        L?0095
  C:22CFH         SYMBOL        L?0096
  C:22D8H         SYMBOL        L?0098
  C:22EBH         SYMBOL        L?0099
  C:22F0H         SYMBOL        L?0100
  C:22F8H         SYMBOL        L?0103
  C:22F8H         SYMBOL        L?0104
  C:2301H         SYMBOL        L?0105
  C:230EH         SYMBOL        L?0107
  C:230FH         SYMBOL        L?0108
  C:2316H         SYMBOL        L?0109
  C:2316H         SYMBOL        L?0110
  -------         PROC          COM0053
  -------         ENDPROC       COM0053
  -------         PROC          _OLED_WR_BYTE
  X:009EH         SYMBOL        dat
  D:0004H         SYMBOL        cmd
  C:31B2H         LINE#         20
  C:31BAH         LINE#         21
  C:31BAH         LINE#         22
  C:31C3H         LINE#         23
  C:31C3H         LINE#         24
  C:31CBH         LINE#         25
  C:31CBH         LINE#         27
  C:31CBH         LINE#         28
  C:31D3H         LINE#         29
  C:31D3H         LINE#         30
  -------         ENDPROC       _OLED_WR_BYTE
  C:2802H         SYMBOL        L?0111
  -------         PROC          _OLED_OLED_WR_BYTE_CON
  X:00E2H         SYMBOL        dat
  X:00E5H         SYMBOL        count
  -------         DO            
  X:00E7H         SYMBOL        i
  -------         ENDDO         
  C:279DH         LINE#         38
  C:27AEH         LINE#         39
  C:27AEH         LINE#         40
  C:27B3H         LINE#         41
  C:27B6H         LINE#         42
  C:27B8H         LINE#         43
  C:27BBH         LINE#         44
  C:27BDH         LINE#         45
  C:27C0H         LINE#         46
  C:27DBH         LINE#         47
  C:27DBH         LINE#         48
  C:27ECH         LINE#         49
  C:27EFH         LINE#         50
  C:27FFH         LINE#         51
  C:2802H         LINE#         52
  -------         ENDPROC       _OLED_OLED_WR_BYTE_CON
  C:1E78H         SYMBOL        L?0078
  C:1E86H         SYMBOL        L?0079
BL51 BANKED LINKER/LOCATER V6.22.2.0                                                  02/09/2021  16:59:01  PAGE 22


  C:1E94H         SYMBOL        L?0080
  C:1EA2H         SYMBOL        L?0081
  C:1EB0H         SYMBOL        L?0082
  C:1EBEH         SYMBOL        L?0092
  -------         PROC          OLED_INIT
  C:1DDFH         LINE#         82
  C:1DDFH         LINE#         83
  C:1DDFH         LINE#         84
  C:1DE1H         LINE#         85
  C:1DEAH         LINE#         86
  C:1DECH         LINE#         87
  C:1DF6H         LINE#         88
  C:1DF8H         LINE#         89
  C:1E02H         LINE#         90
  C:1E04H         LINE#         91
  C:1E0EH         LINE#         92
  C:1E10H         LINE#         93
  C:1E1AH         LINE#         94
  C:1E1CH         LINE#         95
  C:1E26H         LINE#         96
  C:1E28H         LINE#         97
  C:1E31H         LINE#         98
  C:1E33H         LINE#         99
  C:1E3DH         LINE#         100
  C:1E3FH         LINE#         101
  C:1E49H         LINE#         102
  C:1E4BH         LINE#         103
  C:1E55H         LINE#         104
  C:1E57H         LINE#         106
  C:1E61H         LINE#         107
  C:1E63H         LINE#         108
  C:1E6DH         LINE#         109
  C:1E78H         LINE#         110
  -------         ENDPROC       OLED_INIT
  -------         PROC          OLED_CLEAR
  -------         DO            
  X:007AH         SYMBOL        i
  X:007BH         SYMBOL        n
  -------         ENDDO         
  C:28DAH         LINE#         118
  C:28DAH         LINE#         119
  C:28DAH         LINE#         121
  C:28EBH         LINE#         122
  C:28EBH         LINE#         123
  C:28F9H         LINE#         124
  C:2903H         LINE#         125
  C:290EH         LINE#         126
  C:2930H         LINE#         127
  C:2938H         LINE#         128
  -------         ENDPROC       OLED_CLEAR
  C:2F68H         SYMBOL        L?0106
  -------         PROC          _OLED_SETPOS
  X:009DH         SYMBOL        x
  D:0005H         SYMBOL        y
  C:2F40H         LINE#         136
  C:2F45H         LINE#         137
  C:2F45H         LINE#         138
BL51 BANKED LINKER/LOCATER V6.22.2.0                                                  02/09/2021  16:59:01  PAGE 23


  C:2F4CH         LINE#         139
  C:2F59H         LINE#         140
  C:2F68H         LINE#         141
  -------         ENDPROC       _OLED_SETPOS
  C:213FH         SYMBOL        L?0097
  C:2150H         SYMBOL        L?0101
  -------         PROC          _OLED_SHOWCHAR
  X:0097H         SYMBOL        x
  X:0098H         SYMBOL        y
  D:0003H         SYMBOL        ch
  X:009AH         SYMBOL        TextSize
  -------         DO            
  X:009BH         SYMBOL        c
  X:009CH         SYMBOL        i
  -------         ENDDO         
  C:2099H         LINE#         177
  C:20A4H         LINE#         178
  C:20A4H         LINE#         179
  C:20ABH         LINE#         180
  C:20B2H         LINE#         181
  C:20BCH         LINE#         182
  C:20BCH         LINE#         183
  C:20C0H         LINE#         184
  C:20C3H         LINE#         185
  C:20C3H         LINE#         186
  C:20CBH         LINE#         187
  C:20CBH         LINE#         188
  C:20CBH         LINE#         189
  C:20D3H         LINE#         190
  C:20E6H         LINE#         191
  C:20F2H         LINE#         192
  C:20FCH         LINE#         193
  C:210FH         LINE#         194
  C:210FH         LINE#         196
  C:210FH         LINE#         197
  C:210FH         LINE#         198
  C:2120H         LINE#         199
  C:213EH         LINE#         200
  C:213EH         LINE#         201
  -------         ENDPROC       _OLED_SHOWCHAR
  -------         PROC          _OLED_SHOWSTR
  X:008DH         SYMBOL        x
  X:008EH         SYMBOL        y
  X:008FH         SYMBOL        ch
  X:0092H         SYMBOL        TextSize
  -------         DO            
  X:0093H         SYMBOL        j
  -------         ENDDO         
  C:2640H         LINE#         212
  C:264EH         LINE#         213
  C:264EH         LINE#         214
  C:2653H         LINE#         215
  C:2668H         LINE#         216
  C:2668H         LINE#         217
  C:267BH         LINE#         218
  C:2683H         LINE#         219
  C:2683H         LINE#         220
BL51 BANKED LINKER/LOCATER V6.22.2.0                                                  02/09/2021  16:59:01  PAGE 24


  C:268AH         LINE#         221
  C:2694H         LINE#         222
  C:2694H         LINE#         223
  C:2694H         LINE#         224
  C:2697H         LINE#         225
  C:2697H         LINE#         226
  C:2697H         LINE#         227
  C:2699H         LINE#         229
  C:2699H         LINE#         230
  C:26A0H         LINE#         231
  C:26AAH         LINE#         232
  C:26AAH         LINE#         233
  C:26AAH         LINE#         234
  C:26ADH         LINE#         235
  C:26ADH         LINE#         236
  C:26B3H         LINE#         237
  C:26B3H         LINE#         238
  C:26B5H         LINE#         239
  -------         ENDPROC       _OLED_SHOWSTR
  -------         PROC          _OLED_POW
  X:0097H         SYMBOL        m
  X:0098H         SYMBOL        n
  -------         DO            
  X:0099H         SYMBOL        result
  -------         ENDDO         
  C:2CACH         LINE#         247
  C:2CAFH         LINE#         248
  C:2CAFH         LINE#         249
  C:2CB9H         LINE#         250
  C:2CE3H         LINE#         251
  C:2CF1H         LINE#         252
  -------         ENDPROC       _OLED_POW
  C:1A85H         SYMBOL        L?0088
  -------         PROC          _OLED_SHOWNUM
  X:008DH         SYMBOL        x
  X:008EH         SYMBOL        y
  X:008FH         SYMBOL        num
  X:0091H         SYMBOL        len
  X:0092H         SYMBOL        TextSize
  -------         DO            
  X:0093H         SYMBOL        i
  X:0094H         SYMBOL        t
  X:0095H         SYMBOL        temp
  X:0096H         SYMBOL        enshow
  -------         ENDDO         
  C:199DH         LINE#         264
  C:19A8H         LINE#         265
  C:19A8H         LINE#         267
  C:19ADH         LINE#         268
  C:19B6H         LINE#         269
  C:19BCH         LINE#         271
  C:19C2H         LINE#         272
  C:19D2H         LINE#         273
  C:19D2H         LINE#         274
  C:19DFH         LINE#         275
  C:19F1H         LINE#         276
  C:1A02H         LINE#         277
BL51 BANKED LINKER/LOCATER V6.22.2.0                                                  02/09/2021  16:59:01  PAGE 25


  C:1A02H         LINE#         278
  C:1A02H         LINE#         279
  C:1A0CH         LINE#         280
  C:1A0CH         LINE#         281
  C:1A10H         LINE#         282
  C:1A10H         LINE#         283
  C:1A19H         LINE#         284
  C:1A1BH         LINE#         285
  C:1A21H         LINE#         286
  C:1A21H         LINE#         287
  C:1A2EH         LINE#         288
  C:1A37H         LINE#         289
  C:1A37H         LINE#         291
  C:1A37H         LINE#         292
  C:1A45H         LINE#         293
  C:1A45H         LINE#         294
  C:1A45H         LINE#         295
  C:1A4FH         LINE#         296
  C:1A4FH         LINE#         297
  C:1A53H         LINE#         298
  C:1A53H         LINE#         299
  C:1A5FH         LINE#         300
  C:1A61H         LINE#         301
  C:1A67H         LINE#         302
  C:1A67H         LINE#         303
  C:1A7BH         LINE#         304
  C:1A84H         LINE#         305
  C:1A84H         LINE#         306
  -------         ENDPROC       _OLED_SHOWNUM
  C:271CH         SYMBOL        L?0102
  -------         PROC          _OLED_SHOWCHINESE
  X:007AH         SYMBOL        x
  X:007BH         SYMBOL        y
  X:007CH         SYMBOL        no
  -------         DO            
  X:007DH         SYMBOL        t
  X:007EH         SYMBOL        adder
  -------         ENDDO         
  C:26B6H         LINE#         314
  C:26C3H         LINE#         315
  C:26C3H         LINE#         316
  C:26C8H         LINE#         317
  C:26CBH         LINE#         318
  C:26D5H         LINE#         319
  C:26D5H         LINE#         320
  C:26E8H         LINE#         321
  C:26E8H         LINE#         322
  C:26EDH         LINE#         323
  C:26F9H         LINE#         324
  C:2703H         LINE#         325
  C:2703H         LINE#         326
  C:2716H         LINE#         327
  C:2716H         LINE#         328
  C:271BH         LINE#         329
  -------         ENDPROC       _OLED_SHOWCHINESE
  -------         PROC          _OLED_DRAWBMP
  X:007AH         SYMBOL        x0
BL51 BANKED LINKER/LOCATER V6.22.2.0                                                  02/09/2021  16:59:01  PAGE 26


  D:0005H         SYMBOL        y0
  X:007CH         SYMBOL        x1
  X:007DH         SYMBOL        y1
  X:007EH         SYMBOL        BMP
  -------         DO            
  X:0081H         SYMBOL        j
  X:0083H         SYMBOL        x
  X:0084H         SYMBOL        y
  -------         ENDDO         
  C:231DH         LINE#         342
  C:2327H         LINE#         343
  C:2327H         LINE#         344
  C:232EH         LINE#         347
  C:2337H         LINE#         348
  C:233FH         LINE#         350
  C:234DH         LINE#         351
  C:2360H         LINE#         352
  C:2360H         LINE#         353
  C:2368H         LINE#         354
  C:237DH         LINE#         355
  C:237DH         LINE#         356
  C:2399H         LINE#         357
  C:23A1H         LINE#         358
  C:23A9H         LINE#         359
  -------         ENDPROC       _OLED_DRAWBMP
  -------         ENDMOD        USER_OLED

  -------         MODULE        USER_SHT30
  C:0000H         SYMBOL        _ICE_DUMMY_
  D:0080H         PUBLIC        P0
  D:0090H         PUBLIC        P1
  D:00A0H         PUBLIC        P2
  D:00B0H         PUBLIC        P3
  D:00C0H         PUBLIC        P4
  D:00C8H         PUBLIC        P5
  D:00E8H         PUBLIC        P6
  D:00F8H         PUBLIC        P7
  D:00A8H         PUBLIC        IE
  D:00B8H         PUBLIC        IP
  D:00D8H         PUBLIC        CCON
  C:123FH         PUBLIC        sht30_read
  D:0098H         PUBLIC        SCON
  D:0088H         PUBLIC        TCON
  C:3237H         PUBLIC        SHT_Init
  C:2872H         PUBLIC        _sht_crc
  D:00D0H         PUBLIC        PSW
  C:2ED0H         SYMBOL        Com0015
  C:2ED0H         SYMBOL        L?0022
  C:2ED5H         SYMBOL        L?0023
  C:2EE0H         SYMBOL        L?0024
  C:2EE0H         SYMBOL        L?0025
  C:2EECH         SYMBOL        L?0027
  C:2EFBH         SYMBOL        L?0028
  -------         PROC          COM0015
  -------         ENDPROC       COM0015
  C:324FH         SYMBOL        L?0030
  -------         PROC          SHT_INIT
BL51 BANKED LINKER/LOCATER V6.22.2.0                                                  02/09/2021  16:59:01  PAGE 27


  C:3237H         LINE#         20
  C:3237H         LINE#         21
  C:3237H         LINE#         22
  C:323AH         LINE#         23
  C:323CH         LINE#         24
  C:323FH         LINE#         25
  C:3241H         LINE#         26
  C:3244H         LINE#         27
  C:3249H         LINE#         28
  C:324CH         LINE#         29
  C:324FH         LINE#         30
  -------         ENDPROC       SHT_INIT
  -------         PROC          _SHT_CRC
  X:008DH         SYMBOL        shtdata
  X:0090H         SYMBOL        count
  -------         DO            
  D:0007H         SYMBOL        crc_bit
  X:0091H         SYMBOL        crc
  D:0005H         SYMBOL        byteCtr
  -------         ENDDO         
  C:2872H         LINE#         38
  C:2880H         LINE#         39
  C:2880H         LINE#         41
  C:2884H         LINE#         45
  C:2890H         LINE#         46
  C:2890H         LINE#         47
  C:28ADH         LINE#         48
  C:28B9H         LINE#         49
  C:28B9H         LINE#         50
  C:28C0H         LINE#         51
  C:28C7H         LINE#         53
  C:28CEH         LINE#         54
  C:28D1H         LINE#         55
  C:28D4H         LINE#         56
  C:28D9H         LINE#         57
  -------         ENDPROC       _SHT_CRC
  C:148EH         SYMBOL        L?0020
  C:1497H         SYMBOL        L?0026
  C:14A0H         SYMBOL        L?0029
  -------         PROC          SHT30_READ
  -------         DO            
  X:007DH         SYMBOL        result
  D:0004H         SYMBOL        St
  X:0087H         SYMBOL        Srh
  D:0006H         SYMBOL        e
  X:0089H         SYMBOL        T
  X:008BH         SYMBOL        AT
  -------         ENDDO         
  C:123FH         LINE#         65
  C:123FH         LINE#         66
  C:123FH         LINE#         74
  C:1242H         LINE#         75
  C:1244H         LINE#         76
  C:1247H         LINE#         77
  C:1249H         LINE#         78
  C:124CH         LINE#         79
  C:1251H         LINE#         80
BL51 BANKED LINKER/LOCATER V6.22.2.0                                                  02/09/2021  16:59:01  PAGE 28


  C:1254H         LINE#         82
  C:1257H         LINE#         83
  C:125CH         LINE#         84
  C:125FH         LINE#         85
  C:1265H         LINE#         86
  C:1265H         LINE#         87
  C:126BH         LINE#         88
  C:126BH         LINE#         89
  C:1271H         LINE#         90
  C:1271H         LINE#         91
  C:1277H         LINE#         92
  C:1277H         LINE#         93
  C:127FH         LINE#         94
  C:1282H         LINE#         95
  C:128AH         LINE#         96
  C:128DH         LINE#         98
  C:12B7H         LINE#         99
  C:12B7H         LINE#         100
  C:12C1H         LINE#         101
  C:12D3H         LINE#         102
  C:12FAH         LINE#         103
  C:1309H         LINE#         104
  C:1326H         LINE#         105
  C:1386H         LINE#         106
  C:13D0H         LINE#         109
  C:13E9H         LINE#         110
  C:13FDH         LINE#         111
  C:140AH         LINE#         112
  C:1417H         LINE#         113
  C:1420H         LINE#         115
  C:142AH         LINE#         117
  C:143BH         LINE#         118
  C:144AH         LINE#         120
  C:1457H         LINE#         121
  C:1464H         LINE#         122
  C:146DH         LINE#         124
  C:1477H         LINE#         125
  C:1477H         LINE#         127
  C:1477H         LINE#         128
  C:148AH         LINE#         129
  C:148DH         LINE#         130
  C:148DH         LINE#         131
  -------         ENDPROC       SHT30_READ
  -------         ENDMOD        USER_SHT30

  -------         MODULE        USER_UART
  C:0000H         SYMBOL        _ICE_DUMMY_
  D:0080H         PUBLIC        P0
  D:0090H         PUBLIC        P1
  C:2A3EH         PUBLIC        Uart3Isr
  D:00A0H         PUBLIC        P2
  D:00B0H         PUBLIC        P3
  D:00C0H         PUBLIC        P4
  D:00C8H         PUBLIC        P5
  B:00A8H.7       PUBLIC        EA
  D:00E8H         PUBLIC        P6
  D:00F8H         PUBLIC        P7
BL51 BANKED LINKER/LOCATER V6.22.2.0                                                  02/09/2021  16:59:01  PAGE 29


  C:3321H         PUBLIC        uart3_init
  D:00A8H         PUBLIC        IE
  D:00B8H         PUBLIC        IP
  D:00D8H         PUBLIC        CCON
  B:0090H.1       PUBLIC        P11
  B:0090H.2       PUBLIC        P12
  D:0098H         PUBLIC        SCON
  D:0088H         PUBLIC        TCON
  C:0003H         PUBLIC        _Uart_PutChar
  D:00AFH         PUBLIC        IE2
  D:008EH         PUBLIC        AUXR
  B:0020H.2       PUBLIC        busy
  D:00D6H         PUBLIC        TH2
  D:00D7H         PUBLIC        TL2
  D:00ADH         PUBLIC        S3BUF
  B:0098H.4       PUBLIC        REN
  D:00ACH         PUBLIC        S3CON
  D:00D0H         PUBLIC        PSW
  -------         PROC          UART3_INIT
  C:3321H         LINE#         22
  C:3321H         LINE#         23
  C:3321H         LINE#         24
  C:3324H         LINE#         25
  C:3327H         LINE#         26
  C:332AH         LINE#         27
  C:332DH         LINE#         28
  C:332FH         LINE#         29
  C:3331H         LINE#         30
  C:3334H         LINE#         31
  C:3336H         LINE#         33
  -------         ENDPROC       UART3_INIT
  -------         PROC          _UART_PUTCHAR
  D:0007H         SYMBOL        dat
  C:0003H         LINE#         41
  C:0003H         LINE#         42
  C:0003H         LINE#         43
  C:0006H         LINE#         44
  C:0008H         LINE#         45
  C:000AH         LINE#         46
  -------         ENDPROC       _UART_PUTCHAR
  -------         PROC          UART3ISR
  C:2A3EH         LINE#         54
  C:2A5BH         LINE#         56
  C:2A60H         LINE#         57
  C:2A60H         LINE#         58
  C:2A63H         LINE#         59
  C:2A65H         LINE#         60
  C:2A67H         LINE#         61
  C:2A67H         LINE#         62
  C:2A6CH         LINE#         63
  C:2A6CH         LINE#         64
  C:2A6FH         LINE#         65
  C:2A71H         LINE#         66
  C:2A76H         LINE#         67
  C:2A76H         LINE#         68
  -------         ENDPROC       UART3ISR
  -------         ENDMOD        USER_UART
BL51 BANKED LINKER/LOCATER V6.22.2.0                                                  02/09/2021  16:59:01  PAGE 30



  -------         MODULE        USER_TIMER
  C:0000H         SYMBOL        _ICE_DUMMY_
  D:0080H         PUBLIC        P0
  D:0090H         PUBLIC        P1
  D:00A0H         PUBLIC        P2
  D:00B0H         PUBLIC        P3
  D:00C0H         PUBLIC        P4
  D:00C8H         PUBLIC        P5
  D:00E8H         PUBLIC        P6
  D:00F8H         PUBLIC        P7
  D:00A8H         PUBLIC        IE
  D:00B8H         PUBLIC        IP
  D:00D8H         PUBLIC        CCON
  D:0098H         PUBLIC        SCON
  D:0089H         PUBLIC        TMOD
  D:0088H         PUBLIC        TCON
  D:008EH         PUBLIC        AUXR
  B:00A8H.1       PUBLIC        ET0
  B:0088H.5       PUBLIC        TF0
  D:008CH         PUBLIC        TH0
  C:342FH         PUBLIC        get_count_value
  D:008AH         PUBLIC        TL0
  C:215AH         PUBLIC        timer0_isr_handle
  B:0088H.4       PUBLIC        TR0
  X:00D3H         SYMBOL        Timer_Sec_Value
  X:00D7H         SYMBOL        Timer_Value
  C:318CH         PUBLIC        timer0_init
  D:00D0H         PUBLIC        PSW
  C:2FDAH         SYMBOL        Com0007
  C:2FDAH         SYMBOL        L?0008
  C:2FDAH         SYMBOL        L?0009
  C:2FDDH         SYMBOL        L?0010
  C:2FE8H         SYMBOL        L?0011
  C:2FFDH         SYMBOL        L?0012
  -------         PROC          COM0007
  -------         ENDPROC       COM0007
  -------         PROC          TIMER0_INIT
  C:318CH         LINE#         22
  C:318CH         LINE#         23
  C:318CH         LINE#         24
  C:318FH         LINE#         25
  C:3192H         LINE#         26
  C:3195H         LINE#         27
  C:3198H         LINE#         28
  C:319AH         LINE#         29
  C:319CH         LINE#         30
  C:319EH         LINE#         32
  C:31A8H         LINE#         33
  C:31B1H         LINE#         34
  -------         ENDPROC       TIMER0_INIT
  -------         PROC          TIMER0_ISR_HANDLE
  C:215AH         LINE#         42
  C:2177H         LINE#         46
  C:2180H         LINE#         47
  C:218EH         LINE#         48
  C:218EH         LINE#         49
BL51 BANKED LINKER/LOCATER V6.22.2.0                                                  02/09/2021  16:59:01  PAGE 31


  C:219AH         LINE#         51
  C:21B1H         LINE#         52
  C:21B1H         LINE#         54
  C:21B6H         LINE#         55
  C:21B6H         LINE#         57
  C:21D0H         LINE#         58
  C:21D0H         LINE#         59
  C:21DAH         LINE#         60
  C:21DAH         LINE#         61
  C:21DAH         LINE#         62
  -------         ENDPROC       TIMER0_ISR_HANDLE
  -------         PROC          GET_COUNT_VALUE
  C:342FH         LINE#         70
  C:342FH         LINE#         71
  C:342FH         LINE#         72
  C:3433H         LINE#         73
  -------         ENDPROC       GET_COUNT_VALUE
  -------         ENDMOD        USER_TIMER

  -------         MODULE        CODETAB
  C:0000H         SYMBOL        _ICE_DUMMY_
  C:00C6H         PUBLIC        F6x8
  C:08DEH         PUBLIC        Hzk
  C:02EEH         PUBLIC        F8X16
  C:0A1EH         PUBLIC        UI1
  C:0A36H         PUBLIC        UI2
  C:0A4EH         PUBLIC        UI3
  C:0A66H         PUBLIC        UI4
  C:0A7EH         PUBLIC        UI5
  -------         ENDMOD        CODETAB

  -------         MODULE        MCU_API
  C:0000H         SYMBOL        _ICE_DUMMY_
  C:341DH         PUBLIC        mcu_get_reset_wifi_flag
  C:32F4H         PUBLIC        _mcu_set_wifi_mode
  C:2DEAH         PUBLIC        _mcu_dp_raw_update
  C:272CH         PUBLIC        _hex_to_bcd
  C:2547H         PUBLIC        _uart_receive_input
  C:3423H         PUBLIC        mcu_get_wifimode_flag
  C:3337H         PUBLIC        wifi_protocol_init
  C:008EH         PUBLIC        _uart_receive_buff_input
  C:3429H         PUBLIC        mcu_get_wifi_work_state
  C:169CH         PUBLIC        wifi_uart_service
  C:24C1H         PUBLIC        _byte_to_int
  C:2C1DH         PUBLIC        _int_to_byte
  C:1BD5H         PUBLIC        _my_memcpy
  C:2E5EH         PUBLIC        _my_memset
  C:33E4H         PUBLIC        _mcu_get_dp_download_value
  C:338EH         PUBLIC        mcu_reset_wifi
  C:2E24H         PUBLIC        _mcu_dp_string_update
  C:1AB9H         PUBLIC        _mcu_dp_fault_update
  C:29E9H         PUBLIC        _my_strlen
  C:25C5H         PUBLIC        _mcu_dp_value_update
  C:2939H         PUBLIC        _my_strcmp
  C:3403H         PUBLIC        _mcu_get_dp_download_bool
  C:2AE3H         PUBLIC        _my_strcpy
  C:2E97H         PUBLIC        _mcu_dp_bool_update
BL51 BANKED LINKER/LOCATER V6.22.2.0                                                  02/09/2021  16:59:01  PAGE 32


  C:340AH         PUBLIC        _mcu_get_dp_download_enum
  C:2F74H         PUBLIC        _mcu_dp_enum_update
  C:1FB4H         SYMBOL        Com0070
  C:1FB4H         SYMBOL        L?0113
  C:1FB4H         SYMBOL        L?0114
  C:1FBDH         SYMBOL        L?0115
  C:1FC6H         SYMBOL        L?0116
  C:1FD2H         SYMBOL        L?0117
  C:1FD2H         SYMBOL        L?0118
  C:1FD5H         SYMBOL        L?0119
  C:1FD7H         SYMBOL        L?0120
  C:1FDEH         SYMBOL        L?0122
  C:1FDEH         SYMBOL        L?0123
  C:1FDFH         SYMBOL        L?0124
  C:1FE7H         SYMBOL        L?0126
  C:1FE7H         SYMBOL        L?0127
  C:1FF8H         SYMBOL        L?0128
  C:2000H         SYMBOL        L?0129
  C:2001H         SYMBOL        L?0130
  C:2003H         SYMBOL        L?0131
  C:200FH         SYMBOL        L?0133
  C:2010H         SYMBOL        L?0134
  C:201AH         SYMBOL        L?0135
  C:201AH         SYMBOL        L?0136
  C:201CH         SYMBOL        L?0137
  C:201FH         SYMBOL        L?0138
  C:2026H         SYMBOL        L?0139
  C:2026H         SYMBOL        L?0140
  C:202FH         SYMBOL        L?0141
  C:2032H         SYMBOL        L?0142
  C:203EH         SYMBOL        L?0143
  C:2054H         SYMBOL        L?0145
  C:2054H         SYMBOL        L?0146
  C:205DH         SYMBOL        L?0147
  C:206BH         SYMBOL        L?0148
  C:206EH         SYMBOL        L?0149
  C:2075H         SYMBOL        L?0150
  C:2075H         SYMBOL        L?0151
  C:207DH         SYMBOL        L?0152
  C:2088H         SYMBOL        L?0153
  C:2088H         SYMBOL        L?0154
  C:208FH         SYMBOL        L?0155
  -------         PROC          COM0070
  -------         ENDPROC       COM0070
  -------         PROC          _HEX_TO_BCD
  D:0007H         SYMBOL        Value_H
  D:0005H         SYMBOL        Value_L
  -------         DO            
  D:0007H         SYMBOL        bcd_value
  -------         ENDDO         
  C:272CH         LINE#         30
  C:272CH         LINE#         31
  C:272CH         LINE#         34
  C:2738H         LINE#         35
  C:273EH         LINE#         36
  C:274AH         LINE#         37
  C:2750H         LINE#         38
BL51 BANKED LINKER/LOCATER V6.22.2.0                                                  02/09/2021  16:59:01  PAGE 33


  C:275CH         LINE#         39
  C:2760H         LINE#         41
  C:2763H         LINE#         43
  C:2767H         LINE#         44
  C:2773H         LINE#         45
  C:2779H         LINE#         46
  C:2785H         LINE#         47
  C:2787H         LINE#         48
  C:2793H         LINE#         49
  C:2797H         LINE#         51
  C:279CH         LINE#         53
  C:279CH         LINE#         54
  -------         ENDPROC       _HEX_TO_BCD
  -------         PROC          _MY_STRLEN
  X:0093H         SYMBOL        str
  -------         DO            
  X:0096H         SYMBOL        len
  -------         ENDDO         
  C:29E9H         LINE#         61
  C:29EFH         LINE#         62
  C:29EFH         LINE#         63
  C:29F7H         LINE#         64
  C:29FFH         LINE#         65
  C:2A04H         LINE#         66
  C:2A04H         LINE#         68
  C:2A19H         LINE#         69
  C:2A35H         LINE#         70
  C:2A37H         LINE#         72
  C:2A3DH         LINE#         73
  -------         ENDPROC       _MY_STRLEN
  -------         PROC          _MY_MEMSET
  X:00C1H         SYMBOL        src
  D:0005H         SYMBOL        ch
  X:00C5H         SYMBOL        count
  -------         DO            
  X:00C7H         SYMBOL        tmp
  -------         ENDDO         
  C:2E5EH         LINE#         82
  C:2E64H         LINE#         83
  C:2E64H         LINE#         84
  C:2E6AH         LINE#         86
  C:2E72H         LINE#         87
  C:2E76H         LINE#         88
  C:2E76H         LINE#         90
  C:2E84H         LINE#         91
  C:2E8EH         LINE#         92
  C:2E90H         LINE#         94
  C:2E96H         LINE#         95
  -------         ENDPROC       _MY_MEMSET
  -------         PROC          _MY_MEMCPY
  X:009AH         SYMBOL        dest
  X:009DH         SYMBOL        src
  X:00A0H         SYMBOL        count
  -------         DO            
  X:00A2H         SYMBOL        pdest
  X:00A5H         SYMBOL        psrc
  X:00A8H         SYMBOL        i
BL51 BANKED LINKER/LOCATER V6.22.2.0                                                  02/09/2021  16:59:01  PAGE 34


  -------         ENDDO         
  C:1BD5H         LINE#         104
  C:1BDBH         LINE#         105
  C:1BDBH         LINE#         106
  C:1BE1H         LINE#         107
  C:1BEEH         LINE#         110
  C:1BFBH         LINE#         111
  C:1C02H         LINE#         112
  C:1C02H         LINE#         114
  C:1C47H         LINE#         115
  C:1C64H         LINE#         116
  C:1C7DH         LINE#         117
  C:1C8DH         LINE#         118
  C:1C8DH         LINE#         119
  C:1CACH         LINE#         120
  C:1CCDH         LINE#         121
  C:1CDDH         LINE#         122
  C:1CDDH         LINE#         124
[...]
  C:3115H         LINE#         174
  C:3115H         LINE#         179
  C:311EH         LINE#         184
  C:3124H         LINE#         186
  C:3132H         LINE#         187
  C:3137H         LINE#         188
  C:313AH         LINE#         190
  C:313CH         LINE#         191
  -------         ENDPROC       _DP_DOWNLOAD_TEMP_SAMPLING_HANDLE
  -------         PROC          _DP_DOWNLOAD_HUMIDITY_SAMPLING_HANDLE
  D:0001H         SYMBOL        value
  D:0004H         SYMBOL        length
  -------         DO            
  D:0007H         SYMBOL        ret
  X:0096H         SYMBOL        humidity_sampling
  -------         ENDDO         
  C:313DH         LINE#         200
  C:313DH         LINE#         201
  C:313DH         LINE#         206
  C:3146H         LINE#         211
  C:314CH         LINE#         213
  C:315AH         LINE#         214
  C:315FH         LINE#         215
  C:3162H         LINE#         217
  C:3164H         LINE#         218
  -------         ENDPROC       _DP_DOWNLOAD_HUMIDITY_SAMPLING_HANDLE
  -------         PROC          _DP_DOWNLOAD_HANDLE
  D:0007H         SYMBOL        dpid
  X:0090H         SYMBOL        value
  X:0093H         SYMBOL        length
BL51 BANKED LINKER/LOCATER V6.22.2.0                                                  02/09/2021  16:59:01  PAGE 42


  -------         DO            
  X:0095H         SYMBOL        ret
  -------         ENDDO         
  C:3094H         LINE#         238
  C:309FH         LINE#         239
  C:309FH         LINE#         246
  C:30A7H         LINE#         247
  C:30A7H         LINE#         249
  C:30ADH         LINE#         250
  C:30AFH         LINE#         251
  C:30AFH         LINE#         253
  C:30BAH         LINE#         254
  C:30BAH         LINE#         257
  C:30BAH         LINE#         258
  C:30BAH         LINE#         259
  C:30BAH         LINE#         260
  C:30BFH         LINE#         261
  -------         ENDPROC       _DP_DOWNLOAD_HANDLE
  -------         PROC          GET_DOWNLOAD_CMD_TOTAL
  C:3437H         LINE#         269
  C:3437H         LINE#         270
  C:3437H         LINE#         271
  C:3439H         LINE#         272
  -------         ENDPROC       GET_DOWNLOAD_CMD_TOTAL
  -------         ENDMOD        PROTOCOL

  -------         MODULE        SYSTEM
  C:0000H         SYMBOL        _ICE_DUMMY_
  C:300CH         SYMBOL        _get_dowmload_dpid_index
  C:33F9H         SYMBOL        get_mcu_wifi_mode
  C:3165H         SYMBOL        heat_beat_check
  X:0001H         PUBLIC        set_wifimode_flag
  C:3216H         PUBLIC        _set_wifi_uart_byte
  C:303BH         PUBLIC        with_data_rxbuff
  X:0002H         PUBLIC        stop_update_flag
  C:2B83H         PUBLIC        take_byte_rxbuff
  X:0003H         PUBLIC        wifi_data_process_buf
  X:0022H         PUBLIC        reset_wifi_flag
  X:0023H         PUBLIC        wifi_uart_rx_buf
  X:003AH         PUBLIC        wifi_uart_tx_buf
  X:0071H         PUBLIC        rx_buf_in
  C:2DE0H         SYMBOL        _?ix1000
  X:0074H         PUBLIC        rx_buf_out
  C:2809H         PUBLIC        _wifi_uart_write_frame
  C:2F08H         PUBLIC        _get_check_sum
  C:2CF2H         SYMBOL        _wifi_uart_write_data
  X:0077H         PUBLIC        wifi_work_state
  C:2B34H         PUBLIC        _set_wifi_uart_buffer
  C:1864H         PUBLIC        _data_handle
  C:000EH         SYMBOL        _data_point_handle
  C:1CE4H         SYMBOL        product_info_update
  C:2FA7H         SYMBOL        Com003C
  C:2FA7H         SYMBOL        L?0061
  C:2FAAH         SYMBOL        L?0062
  C:2FB2H         SYMBOL        L?0065
  C:2FB2H         SYMBOL        L?0066
  C:2FB3H         SYMBOL        L?0067
BL51 BANKED LINKER/LOCATER V6.22.2.0                                                  02/09/2021  16:59:01  PAGE 43


  C:2FBBH         SYMBOL        L?0068
  C:2FCBH         SYMBOL        L?0069
  -------         PROC          COM003C
  -------         ENDPROC       COM003C
  -------         PROC          _SET_WIFI_UART_BYTE
  X:009FH         SYMBOL        dest
  D:0005H         SYMBOL        byte
  -------         DO            
  D:0001H         SYMBOL        obj
  -------         ENDDO         
  C:3216H         LINE#         34
  C:3219H         LINE#         35
  C:3219H         LINE#         36
  C:321CH         LINE#         38
  C:3220H         LINE#         39
  C:322EH         LINE#         41
  C:3236H         LINE#         42
  -------         ENDPROC       _SET_WIFI_UART_BYTE
  -------         PROC          _SET_WIFI_UART_BUFFER
  X:0093H         SYMBOL        dest
  X:0095H         SYMBOL        src
  X:0098H         SYMBOL        len
  -------         DO            
  D:0001H         SYMBOL        obj
  -------         ENDDO         
  C:2B34H         LINE#         51
  C:2B3DH         LINE#         52
  C:2B3DH         LINE#         53
  C:2B40H         LINE#         55
  C:2B69H         LINE#         57
  C:2B7DH         LINE#         58
  C:2B82H         LINE#         59
  -------         ENDPROC       _SET_WIFI_UART_BUFFER
  -------         PROC          _GET_CHECK_SUM
  X:00A1H         SYMBOL        pack
  X:00A4H         SYMBOL        pack_len
  -------         DO            
  D:0006H         SYMBOL        i
  X:00A6H         SYMBOL        check_sum
  -------         ENDDO         
  C:2F08H         LINE#         67
  C:2F14H         LINE#         68
  C:2F14H         LINE#         70
  C:2F17H         LINE#         72
  C:2F26H         LINE#         73
  C:2F33H         LINE#         74
  C:2F3AH         LINE#         76
  C:2F3FH         LINE#         77
  -------         ENDPROC       _GET_CHECK_SUM
  -------         PROC          _WIFI_UART_WRITE_DATA
  X:00A1H         SYMBOL        in
  X:00A4H         SYMBOL        len
  C:2CF2H         LINE#         85
  C:2CFEH         LINE#         86
  C:2CFEH         LINE#         87
  C:2D0DH         LINE#         89
  C:2D0DH         LINE#         91
BL51 BANKED LINKER/LOCATER V6.22.2.0                                                  02/09/2021  16:59:01  PAGE 44


  C:2D1BH         LINE#         92
  C:2D26H         LINE#         93
  C:2D30H         LINE#         94
  C:2D32H         LINE#         95
  -------         ENDPROC       _WIFI_UART_WRITE_DATA
  -------         PROC          _WIFI_UART_WRITE_FRAME
  D:0007H         SYMBOL        fr_type
  D:0005H         SYMBOL        fr_ver
  X:009FH         SYMBOL        len
  -------         DO            
  D:0006H         SYMBOL        check_sum
  -------         ENDDO         
  C:2809H         LINE#         104
  C:2811H         LINE#         105
  C:2811H         LINE#         106
  C:2811H         LINE#         108
  C:2817H         LINE#         109
  C:281BH         LINE#         110
  C:281EH         LINE#         111
  C:2821H         LINE#         112
  C:282EH         LINE#         113
  C:2831H         LINE#         115
  C:283FH         LINE#         116
  C:2856H         LINE#         117
  C:2869H         LINE#         119
  -------         ENDPROC       _WIFI_UART_WRITE_FRAME
  -------         PROC          HEAT_BEAT_CHECK
  -------         DO            
  D:0007H         SYMBOL        length
  X:0000H         SYMBOL        mcu_reset_state
  -------         ENDDO         
  C:3165H         LINE#         127
  C:3165H         LINE#         128
  C:3165H         LINE#         129
  C:3167H         LINE#         132
  C:316DH         LINE#         133
  C:3172H         LINE#         134
  C:3178H         LINE#         135
  C:317AH         LINE#         136
  C:3181H         LINE#         137
  C:3181H         LINE#         139
  -------         ENDPROC       HEAT_BEAT_CHECK
  C:1D7FH         SYMBOL        L?0057
  C:1D96H         SYMBOL        L?0058
  C:1DADH         SYMBOL        L?0059
  C:1DBFH         SYMBOL        L?0063
  C:1DC8H         SYMBOL        L?0064
  C:1DD6H         SYMBOL        L?0070
  -------         PROC          PRODUCT_INFO_UPDATE
  -------         DO            
  X:0088H         SYMBOL        length
  X:0089H         SYMBOL        str
  -------         ENDDO         
  C:1CE4H         LINE#         147
  C:1CE4H         LINE#         148
  C:1CE4H         LINE#         149
  C:1CE9H         LINE#         150
BL51 BANKED LINKER/LOCATER V6.22.2.0                                                  02/09/2021  16:59:01  PAGE 45


  C:1CFBH         LINE#         152
  C:1D09H         LINE#         153
  C:1D17H         LINE#         154
  C:1D25H         LINE#         155
  C:1D33H         LINE#         156
  C:1D41H         LINE#         157
  C:1D4FH         LINE#         175
  C:1D75H         LINE#         177
  C:1D7FH         LINE#         178
  -------         ENDPROC       PRODUCT_INFO_UPDATE
  -------         PROC          GET_MCU_WIFI_MODE
  -------         DO            
  D:0007H         SYMBOL        length
  -------         ENDDO         
  C:33F9H         LINE#         185
  C:33F9H         LINE#         186
  C:33F9H         LINE#         187
  C:33FAH         LINE#         196
  -------         ENDPROC       GET_MCU_WIFI_MODE
  -------         PROC          _GET_DOWMLOAD_DPID_INDEX
  X:008FH         SYMBOL        dpid
  -------         DO            
  D:0006H         SYMBOL        index
  D:0007H         SYMBOL        total
  -------         ENDDO         
  C:300CH         LINE#         204
  C:3011H         LINE#         205
  C:3011H         LINE#         207
  C:3014H         LINE#         209
  C:301BH         LINE#         210
  C:3035H         LINE#         211
  C:3035H         LINE#         212
  C:3035H         LINE#         213
  C:3038H         LINE#         215
  C:303AH         LINE#         216
  -------         ENDPROC       _GET_DOWMLOAD_DPID_INDEX
  -------         PROC          _DATA_POINT_HANDLE
  X:0088H         SYMBOL        value
  -------         DO            
  X:008BH         SYMBOL        dp_id
  D:0007H         SYMBOL        index
  X:008CH         SYMBOL        dp_type
  D:0007H         SYMBOL        ret
  X:008DH         SYMBOL        dp_len
  -------         ENDDO         
  C:000EH         LINE#         223
  C:0014H         LINE#         224
  C:0014H         LINE#         230
  C:001CH         LINE#         231
  C:0026H         LINE#         232
  C:0033H         LINE#         233
  C:0047H         LINE#         235
  C:004CH         LINE#         237
  C:0064H         LINE#         239
  C:0067H         LINE#         240
  C:0067H         LINE#         241
  C:008AH         LINE#         242
BL51 BANKED LINKER/LOCATER V6.22.2.0                                                  02/09/2021  16:59:01  PAGE 46


  C:008AH         LINE#         244
  C:008AH         LINE#         245
  -------         ENDPROC       _DATA_POINT_HANDLE
  -------         PROC          _DATA_HANDLE
  X:007EH         SYMBOL        offset
  -------         DO            
  X:0080H         SYMBOL        dp_len
  X:0082H         SYMBOL        ret
  X:0083H         SYMBOL        i
  X:0085H         SYMBOL        total_len
  D:0007H         SYMBOL        cmd_type
  X:0087H         SYMBOL        result
  -------         ENDDO         
  C:1864H         LINE#         391
  C:186CH         LINE#         392
  C:186CH         LINE#         406
  C:187EH         LINE#         424
  C:18A8H         LINE#         425
  C:18A8H         LINE#         426
  C:18A8H         LINE#         427
  C:18ABH         LINE#         428
  C:18ABH         LINE#         430
  C:18ABH         LINE#         431
  C:18AEH         LINE#         432
  C:18AEH         LINE#         434
  C:18AEH         LINE#         435
  C:18B1H         LINE#         436
  C:18B1H         LINE#         439
  C:18B1H         LINE#         440
  C:18C6H         LINE#         441
  C:18D0H         LINE#         448
  C:18D0H         LINE#         450
  C:18D0H         LINE#         451
  C:18D3H         LINE#         452
  C:18D5H         LINE#         454
  C:18D5H         LINE#         455
  C:18DBH         LINE#         456
  C:18DCH         LINE#         459
  C:18DCH         LINE#         460
  C:1905H         LINE#         462
  C:1921H         LINE#         463
  C:1945H         LINE#         464
  C:195EH         LINE#         466
  C:197CH         LINE#         468
  C:197CH         LINE#         470
  C:197CH         LINE#         472
  C:197CH         LINE#         474
  C:1996H         LINE#         475
  C:1999H         LINE#         476
  C:1999H         LINE#         478
  C:1999H         LINE#         479
  C:199CH         LINE#         480
  C:199CH         LINE#         725
  C:199CH         LINE#         726
  C:199CH         LINE#         727
  -------         ENDPROC       _DATA_HANDLE
  -------         PROC          WITH_DATA_RXBUFF
BL51 BANKED LINKER/LOCATER V6.22.2.0                                                  02/09/2021  16:59:01  PAGE 47


  C:303BH         LINE#         734
  C:303BH         LINE#         735
  C:303BH         LINE#         736
  C:3062H         LINE#         737
  C:3065H         LINE#         739
  C:3067H         LINE#         740
  -------         ENDPROC       WITH_DATA_RXBUFF
  -------         PROC          TAKE_BYTE_RXBUFF
  -------         DO            
  D:0007H         SYMBOL        value
  -------         ENDDO         
  C:2B83H         LINE#         747
  C:2B83H         LINE#         748
  C:2B83H         LINE#         751
  C:2BA8H         LINE#         753
  C:2BBBH         LINE#         755
  C:2BC9H         LINE#         756
  C:2BC9H         LINE#         758
  C:2BD0H         LINE#         759
  C:2BD0H         LINE#         761
  C:2BD0H         LINE#         762
  -------         ENDPROC       TAKE_BYTE_RXBUFF
  -------         ENDMOD        SYSTEM

  -------         MODULE        ?C?FPADD
  C:0A95H         PUBLIC        ?C?FPADD
  C:0A91H         PUBLIC        ?C?FPSUB
  -------         ENDMOD        ?C?FPADD

  -------         MODULE        ?C?FPMUL
  C:0B86H         PUBLIC        ?C?FPMUL
  -------         ENDMOD        ?C?FPMUL

  -------         MODULE        ?C?FPDIV
  C:0C8FH         PUBLIC        ?C?FPDIV
  -------         ENDMOD        ?C?FPDIV

  -------         MODULE        ?C?FCAST
  C:0D36H         PUBLIC        ?C?FCASTC
  C:0D31H         PUBLIC        ?C?FCASTI
  C:0D2CH         PUBLIC        ?C?FCASTL
  -------         ENDMOD        ?C?FCAST

  -------         MODULE        ?C?CASTF
  C:0D6AH         PUBLIC        ?C?CASTF
  -------         ENDMOD        ?C?CASTF

  -------         MODULE        EXP
  C:222DH         PUBLIC        _EXP
  -------         ENDMOD        EXP

  -------         MODULE        ?C?COPY
  C:0F08H         PUBLIC        ?C?COPY
  -------         ENDMOD        ?C?COPY

  -------         MODULE        ?C?CLDPTR
  C:0F2EH         PUBLIC        ?C?CLDPTR
BL51 BANKED LINKER/LOCATER V6.22.2.0                                                  02/09/2021  16:59:01  PAGE 48


  -------         ENDMOD        ?C?CLDPTR

  -------         MODULE        ?C?CLDOPTR
  C:0F47H         PUBLIC        ?C?CLDOPTR
  -------         ENDMOD        ?C?CLDOPTR

  -------         MODULE        ?C?CSTPTR
  C:0F74H         PUBLIC        ?C?CSTPTR
  -------         ENDMOD        ?C?CSTPTR

  -------         MODULE        ?C?CSTOPTR
  C:0F86H         PUBLIC        ?C?CSTOPTR
  -------         ENDMOD        ?C?CSTOPTR

  -------         MODULE        ?C?SIDIV
  C:0FA8H         PUBLIC        ?C?SIDIV
  -------         ENDMOD        ?C?SIDIV

  -------         MODULE        ?C?IILDX
  C:0FDEH         PUBLIC        ?C?IILDX
  -------         ENDMOD        ?C?IILDX

  -------         MODULE        ?C?ILDIX
  C:0FF4H         PUBLIC        ?C?ILDIX
  -------         ENDMOD        ?C?ILDIX

  -------         MODULE        ?C?LMUL
  C:100AH         PUBLIC        ?C?LMUL
  -------         ENDMOD        ?C?LMUL

  -------         MODULE        ?C?ULDIV
  C:1095H         PUBLIC        ?C?ULDIV
  -------         ENDMOD        ?C?ULDIV

  -------         MODULE        ?C?LNOT
  C:1127H         PUBLIC        ?C?LNOT
  -------         ENDMOD        ?C?LNOT

  -------         MODULE        ?C?LNEG
  C:1134H         PUBLIC        ?C?LNEG
  -------         ENDMOD        ?C?LNEG

  -------         MODULE        ?C?ULCMP
  C:1142H         PUBLIC        ?C?ULCMP
  -------         ENDMOD        ?C?ULCMP

  -------         MODULE        ?C?ULSHR
  C:1153H         PUBLIC        ?C?ULSHR
  -------         ENDMOD        ?C?ULSHR

  -------         MODULE        ?C?SLSHR
  C:1166H         PUBLIC        ?C?SLSHR
  -------         ENDMOD        ?C?SLSHR

  -------         MODULE        ?C?LSHL
  C:117AH         PUBLIC        ?C?LSHL
  -------         ENDMOD        ?C?LSHL
BL51 BANKED LINKER/LOCATER V6.22.2.0                                                  02/09/2021  16:59:01  PAGE 49



  -------         MODULE        ?C?LLDCODE
  C:118DH         PUBLIC        ?C?LLDCODE
  -------         ENDMOD        ?C?LLDCODE

  -------         MODULE        ?C?LLDCODE0
  C:119DH         PUBLIC        ?C?LLDCODE0
  -------         ENDMOD        ?C?LLDCODE0

  -------         MODULE        ?C?LSTXDATA
  C:11ADH         PUBLIC        ?C?LSTXDATA
  -------         ENDMOD        ?C?LSTXDATA

  -------         MODULE        ?C?LSTKXDATA
  C:11B9H         PUBLIC        ?C?LSTKXDATA
  -------         ENDMOD        ?C?LSTKXDATA

  -------         MODULE        ?C?UIDIV
  C:11EAH         PUBLIC        ?C?UIDIV
  -------         ENDMOD        ?C?UIDIV

*** WARNING L16: UNCALLED SEGMENT, IGNORED FOR OVERLAY PROCESS
    SEGMENT: ?PR?_OLED_OLED_WR_BYTE_CON?USER_OLED

*** WARNING L16: UNCALLED SEGMENT, IGNORED FOR OVERLAY PROCESS
    SEGMENT: ?PR?_HEX_TO_BCD?MCU_API

*** WARNING L16: UNCALLED SEGMENT, IGNORED FOR OVERLAY PROCESS
    SEGMENT: ?PR?_MY_MEMSET?MCU_API

*** WARNING L16: UNCALLED SEGMENT, IGNORED FOR OVERLAY PROCESS
    SEGMENT: ?PR?_MY_STRCPY?MCU_API

*** WARNING L16: UNCALLED SEGMENT, IGNORED FOR OVERLAY PROCESS
    SEGMENT: ?PR?_MY_STRCMP?MCU_API

*** WARNING L16: UNCALLED SEGMENT, IGNORED FOR OVERLAY PROCESS
    SEGMENT: ?PR?_INT_TO_BYTE?MCU_API

*** WARNING L16: UNCALLED SEGMENT, IGNORED FOR OVERLAY PROCESS
    SEGMENT: ?PR?_MCU_DP_RAW_UPDATE?MCU_API

*** WARNING L16: UNCALLED SEGMENT, IGNORED FOR OVERLAY PROCESS
    SEGMENT: ?PR?_MCU_DP_BOOL_UPDATE?MCU_API

*** WARNING L16: UNCALLED SEGMENT, IGNORED FOR OVERLAY PROCESS
    SEGMENT: ?PR?_MCU_DP_STRING_UPDATE?MCU_API

*** WARNING L16: UNCALLED SEGMENT, IGNORED FOR OVERLAY PROCESS
    SEGMENT: ?PR?_MCU_DP_FAULT_UPDATE?MCU_API

*** WARNING L16: UNCALLED SEGMENT, IGNORED FOR OVERLAY PROCESS
    SEGMENT: ?PR?_MCU_GET_DP_DOWNLOAD_BOOL?MCU_API

*** WARNING L16: UNCALLED SEGMENT, IGNORED FOR OVERLAY PROCESS
    SEGMENT: ?PR?_MCU_GET_DP_DOWNLOAD_ENUM?MCU_API

BL51 BANKED LINKER/LOCATER V6.22.2.0                                                  02/09/2021  16:59:01  PAGE 50


*** WARNING L16: UNCALLED SEGMENT, IGNORED FOR OVERLAY PROCESS
    SEGMENT: ?PR?_UART_RECEIVE_BUFF_INPUT?MCU_API

*** WARNING L16: UNCALLED SEGMENT, IGNORED FOR OVERLAY PROCESS
    SEGMENT: ?PR?MCU_GET_RESET_WIFI_FLAG?MCU_API

*** WARNING L16: UNCALLED SEGMENT, IGNORED FOR OVERLAY PROCESS
    SEGMENT: ?PR?MCU_GET_WIFIMODE_FLAG?MCU_API

*** WARNING L16: UNCALLED SEGMENT, IGNORED FOR OVERLAY PROCESS
    SEGMENT: ?PR?_MCU_SET_WIFI_MODE?MCU_API

Program Size: data=9.3 xdata=274 code=13370
LINK/LOCATE RUN COMPLETE.  16 WARNING(S),  0 ERROR(S)
