BL51 BANKED LINKER/LOCATER V6.22.2.0                                                    02/07/2021  13:51:23  PAGE 1


BL51 BANKED LINKER/LOCATER V6.22.2.0, INVOKED BY:
F:\KEIL_V5\C51\BIN\BL51.EXE .\Obj\main.obj, .\Obj\User_ADC.obj, .\Obj\User_I2C.obj, .\Obj\User_Key.obj, .\Obj\User_OLED.
>> obj, .\Obj\User_SHT30.obj, .\Obj\User_Uart.obj, .\Obj\User_Timer.obj, .\Obj\codetab.obj, .\Obj\mcu_api.obj, .\Obj\pro
>> tocol.obj, .\Obj\system.obj TO .\Obj\智能温湿度计 PRINT (.\List\智能温湿度计.m51) RAMSIZE (256)


MEMORY MODEL: LARGE WITH FLOATING POINT ARITHMETIC


INPUT MODULES INCLUDED:
  .\Obj\main.obj (MAIN)
  .\Obj\User_ADC.obj (USER_ADC)
  .\Obj\User_I2C.obj (USER_I2C)
  .\Obj\User_Key.obj (USER_KEY)
  .\Obj\User_OLED.obj (USER_OLED)
  .\Obj\User_SHT30.obj (USER_SHT30)
  .\Obj\User_Uart.obj (USER_UART)
  .\Obj\User_Timer.obj (USER_TIMER)
  .\Obj\codetab.obj (CODETAB)
  .\Obj\mcu_api.obj (MCU_API)
  .\Obj\protocol.obj (PROTOCOL)
  .\Obj\system.obj (SYSTEM)
  F:\KEIL_V5\C51\LIB\C51FPL.LIB (?C?FPADD)
  F:\KEIL_V5\C51\LIB\C51FPL.LIB (?C?FPMUL)
  F:\KEIL_V5\C51\LIB\C51FPL.LIB (?C?FPDIV)
  F:\KEIL_V5\C51\LIB\C51FPL.LIB (?C?FCAST)
  F:\KEIL_V5\C51\LIB\C51FPL.LIB (?C?CASTF)
  F:\KEIL_V5\C51\LIB\C51FPL.LIB (EXP)
  F:\KEIL_V5\C51\LIB\C51FPL.LIB (?C?FPGETOPN)
  F:\KEIL_V5\C51\LIB\C51FPL.LIB (?C?FPSERIES)
  F:\KEIL_V5\C51\LIB\C51L.LIB (?C_STARTUP)
  F:\KEIL_V5\C51\LIB\C51L.LIB (?C?COPY)
  F:\KEIL_V5\C51\LIB\C51L.LIB (?C?CLDPTR)
  F:\KEIL_V5\C51\LIB\C51L.LIB (?C?CLDOPTR)
  F:\KEIL_V5\C51\LIB\C51L.LIB (?C?CSTPTR)
  F:\KEIL_V5\C51\LIB\C51L.LIB (?C?CSTOPTR)
  F:\KEIL_V5\C51\LIB\C51L.LIB (?C?SIDIV)
  F:\KEIL_V5\C51\LIB\C51L.LIB (?C?IILDX)
  F:\KEIL_V5\C51\LIB\C51L.LIB (?C?ILDIX)
  F:\KEIL_V5\C51\LIB\C51L.LIB (?C?LMUL)
  F:\KEIL_V5\C51\LIB\C51L.LIB (?C?ULDIV)
  F:\KEIL_V5\C51\LIB\C51L.LIB (?C?LNOT)
  F:\KEIL_V5\C51\LIB\C51L.LIB (?C?LNEG)
  F:\KEIL_V5\C51\LIB\C51L.LIB (?C?ULCMP)
  F:\KEIL_V5\C51\LIB\C51L.LIB (?C?ULSHR)
  F:\KEIL_V5\C51\LIB\C51L.LIB (?C?SLSHR)
  F:\KEIL_V5\C51\LIB\C51L.LIB (?C?LSHL)
  F:\KEIL_V5\C51\LIB\C51L.LIB (?C?LLDCODE)
  F:\KEIL_V5\C51\LIB\C51L.LIB (?C?LLDCODE0)
  F:\KEIL_V5\C51\LIB\C51L.LIB (?C?LSTXDATA)
  F:\KEIL_V5\C51\LIB\C51L.LIB (?C?LSTKXDATA)
  F:\KEIL_V5\C51\LIB\C51L.LIB (?C_INIT)
  F:\KEIL_V5\C51\LIB\C51L.LIB (?C?UIDIV)


LINK MAP OF MODULE:  .\Obj\智能温湿度计 (MAIN)


BL51 BANKED LINKER/LOCATER V6.22.2.0                                                  02/07/2021  13:51:23  PAGE 2


            TYPE    BASE      LENGTH    RELOCATION   SEGMENT NAME
            -----------------------------------------------------

            * * * * * * *   D A T A   M E M O R Y   * * * * * * *
            REG     0000H     0008H     ABSOLUTE     "REG BANK 0"
                    0008H     0018H                  *** GAP ***
            BIT     0020H.0   0000H.1   UNIT         ?BI?USER_I2C
            BIT     0020H.1   0000H.1   UNIT         ?BI?USER_KEY
            BIT     0020H.2   0000H.1   UNIT         ?BI?USER_UART
                    0020H.3   0000H.5                *** GAP ***
            IDATA   0021H     0001H     UNIT         ?STACK

            * * * * * * *  X D A T A   M E M O R Y  * * * * * * *
            XDATA   0000H     0078H     UNIT         ?XD?SYSTEM
            XDATA   0078H     0031H     UNIT         _XDATA_GROUP_
            XDATA   00A9H     000CH     UNIT         ?XD?USER_TIMER
            XDATA   00B5H     000CH     UNIT         ?XD?PROTOCOL
            XDATA   00C1H     000BH     UNIT         ?XD?USER_KEY
            XDATA   00CCH     0009H     UNIT         ?XD?_MY_MEMSET?MCU_API
            XDATA   00D5H     0009H     UNIT         ?XD?_MY_STRCPY?MCU_API
            XDATA   00DEH     0008H     UNIT         ?XD?MAIN
            XDATA   00E6H     0007H     UNIT         ?XD?_MCU_DP_FAULT_UPDATE?MCU_API
            XDATA   00EDH     0006H     UNIT         ?XD?_MY_STRCMP?MCU_API
            XDATA   00F3H     0006H     UNIT         ?XD?_MCU_DP_RAW_UPDATE?MCU_API
            XDATA   00F9H     0006H     UNIT         ?XD?_MCU_DP_STRING_UPDATE?MCU_API
            XDATA   00FFH     0005H     UNIT         ?XD?_UART_RECEIVE_BUFF_INPUT?MCU_API
            XDATA   0104H     0004H     UNIT         ?XD?_INT_TO_BYTE?MCU_API
            XDATA   0108H     0002H     UNIT         ?XD?USER_ADC
            XDATA   010AH     0002H     UNIT         ?XD?_MCU_GET_DP_DOWNLOAD_BOOL?MCU_API
            XDATA   010CH     0002H     UNIT         ?XD?_MCU_GET_DP_DOWNLOAD_ENUM?MCU_API
            XDATA   010EH     0002H     UNIT         ?XD?MCU_API
            XDATA   0110H     0001H     UNIT         ?XD?_MCU_DP_BOOL_UPDATE?MCU_API

            * * * * * * *   C O D E   M E M O R Y   * * * * * * *
            CODE    0000H     0003H     ABSOLUTE     
            CODE    0003H     0008H     UNIT         ?PR?_UART_PUTCHAR?USER_UART
            CODE    000BH     0003H     ABSOLUTE     
            CODE    000EH     007DH     UNIT         ?PR?_DATA_POINT_HANDLE?SYSTEM
            CODE    008BH     0003H     ABSOLUTE     
            CODE    008EH     0035H     UNIT         ?PR?_UART_RECEIVE_BUFF_INPUT?MCU_API
            CODE    00C3H     0003H     ABSOLUTE     
            CODE    00C6H     C968H     UNIT         ?CO?CODETAB
            CODE    CA2EH     07B1H     UNIT         ?C?LIB_CODE
            CODE    D1DFH     0265H     UNIT         ?PR?SHT30_READ?USER_SHT30
            CODE    D444H     01C8H     UNIT         ?PR?WIFI_UART_SERVICE?MCU_API
            CODE    D60CH     0139H     UNIT         ?PR?_DATA_HANDLE?SYSTEM
            CODE    D745H     011CH     UNIT         ?PR?_OLED_SHOWNUM?USER_OLED
            CODE    D861H     011CH     UNIT         ?PR?_MCU_DP_FAULT_UPDATE?MCU_API
            CODE    D97DH     010FH     UNIT         ?PR?_MY_MEMCPY?MCU_API
            CODE    DA8CH     00FBH     UNIT         ?PR?PRODUCT_INFO_UPDATE?SYSTEM
            CODE    DB87H     00EDH     UNIT         ?PR?OLED_INIT?USER_OLED
            CODE    DC74H     00E8H     UNIT         ?PR?KEY_SCAN?USER_KEY
            CODE    DD5CH     00E5H     UNIT         ?PR?MCU_API
            CODE    DE41H     00C1H     UNIT         ?PR?_OLED_SHOWCHAR?USER_OLED
            CODE    DF02H     00BEH     UNIT         ?PR?TIMER0_ISR_HANDLE?USER_TIMER
            CODE    DFC0H     00B8H     UNIT         ?PR?GET_VOLTAGE?USER_ADC
            CODE    E078H     009AH     UNIT         ?PR?EXP?EXP
BL51 BANKED LINKER/LOCATER V6.22.2.0                                                  02/07/2021  13:51:23  PAGE 3


            CODE    E112H     0090H     UNIT         ?PR?BOOT_ANIMATION?MAIN
            CODE    E1A2H     008EH     UNIT         ?PR?USER_OLED
            CODE    E230H     008DH     UNIT         ?PR?_OLED_DRAWBMP?USER_OLED
            CODE    E2BDH     008CH     UNIT         ?C_C51STARTUP
            CODE    E349H     0086H     UNIT         ?PR?_BYTE_TO_INT?MCU_API
            CODE    E3CFH     0082H     UNIT         ?PR?WIFI_WORK_STATE_LED?MAIN
            CODE    E451H     007EH     UNIT         ?PR?_UART_RECEIVE_INPUT?MCU_API
            CODE    E4CFH     007BH     UNIT         ?PR?_MCU_DP_VALUE_UPDATE?MCU_API
            CODE    E54AH     0076H     UNIT         ?PR?_OLED_SHOWSTR?USER_OLED
            CODE    E5C0H     0076H     UNIT         ?PR?_OLED_SHOWCHINESE?USER_OLED
            CODE    E636H     0071H     UNIT         ?PR?_HEX_TO_BCD?MCU_API
            CODE    E6A7H     006CH     UNIT         ?PR?_OLED_OLED_WR_BYTE_CON?USER_OLED
            CODE    E713H     0069H     UNIT         ?PR?_WIFI_UART_WRITE_FRAME?SYSTEM
            CODE    E77CH     0068H     UNIT         ?PR?_SHT_CRC?USER_SHT30
            CODE    E7E4H     0061H     UNIT         ?PR?WELCOME?MAIN
            CODE    E845H     005FH     UNIT         ?PR?OLED_CLEAR?USER_OLED
            CODE    E8A4H     005AH     UNIT         ?PR?_MY_STRCMP?MCU_API
            CODE    E8FEH     0056H     UNIT         ?PR?_GET_KEY_PRESS_TIME?USER_KEY
            CODE    E954H     0055H     UNIT         ?PR?_MY_STRLEN?MCU_API
            CODE    E9A9H     0053H     UNIT         ?PR?UART3ISR?USER_UART
            CODE    E9FCH     0051H     UNIT         ?PR?_MY_STRCPY?MCU_API
            CODE    EA4DH     004FH     UNIT         ?PR?_SET_WIFI_UART_BUFFER?SYSTEM
            CODE    EA9CH     004EH     UNIT         ?PR?TAKE_BYTE_RXBUFF?SYSTEM
            CODE    EAEAH     0048H     UNIT         ?PR?_INT_TO_BYTE?MCU_API
            CODE    EB32H     0046H     UNIT         ?PR?_OLED_POW?USER_OLED
            CODE    EB78H     0043H     UNIT         ?PR?USER_TIMER
            CODE    EBBBH     0041H     UNIT         ?PR?_WIFI_UART_WRITE_DATA?SYSTEM
            CODE    EBFCH     003EH     UNIT         ?PR?USER_KEY
            CODE    EC3AH     003BH     UNIT         ?CO?SYSTEM
            CODE    EC75H     003AH     UNIT         ?PR?_MCU_DP_RAW_UPDATE?MCU_API
            CODE    ECAFH     003AH     UNIT         ?PR?_MCU_DP_STRING_UPDATE?MCU_API
            CODE    ECE9H     0039H     UNIT         ?PR?_MY_MEMSET?MCU_API
            CODE    ED22H     0039H     UNIT         ?PR?_MCU_DP_BOOL_UPDATE?MCU_API
            CODE    ED5BH     0038H     UNIT         ?PR?USER_SHT30
            CODE    ED93H     0038H     UNIT         ?PR?_GET_CHECK_SUM?SYSTEM
            CODE    EDCBH     0034H     UNIT         ?PR?_OLED_SETPOS?USER_OLED
            CODE    EDFFH     0033H     UNIT         ?PR?_MCU_DP_ENUM_UPDATE?MCU_API
            CODE    EE32H     0033H     UNIT         ?PR?SYSTEM
            CODE    EE65H     0032H     UNIT         ?C_INITSEG
            CODE    EE97H     0032H     UNIT         ?PR?ALL_DATA_UPDATE?PROTOCOL
            CODE    EEC9H     002FH     UNIT         ?PR?_GET_DOWMLOAD_DPID_INDEX?SYSTEM
            CODE    EEF8H     002DH     UNIT         ?PR?MAIN?MAIN
            CODE    EF25H     002DH     UNIT         ?PR?WITH_DATA_RXBUFF?SYSTEM
            CODE    EF52H     002CH     UNIT         ?PR?I2C_ISR?USER_I2C
            CODE    EF7EH     002CH     UNIT         ?PR?_DP_DOWNLOAD_HANDLE?PROTOCOL
            CODE    EFAAH     002AH     UNIT         ?PR?KEY_INIT?USER_KEY
            CODE    EFD4H     0027H     UNIT         ?PR?TIMER0_INIT?USER_TIMER
            CODE    EFFBH     0027H     UNIT         ?PR?HEAT_BEAT_CHECK?SYSTEM
            CODE    F022H     0023H     UNIT         ?CO?MAIN
            CODE    F045H     0023H     UNIT         ?PR?PROTOCOL
            CODE    F068H     0022H     UNIT         ?PR?_OLED_WR_BYTE?USER_OLED
            CODE    F08AH     0021H     UNIT         ?CO?USER_KEY
            CODE    F0ABH     0021H     UNIT         ?PR?_SET_WIFI_UART_BYTE?SYSTEM
            CODE    F0CCH     001FH     UNIT         ?PR?SHT_INIT?USER_SHT30
            CODE    F0EBH     001FH     UNIT         ?PR?_DP_DOWNLOAD_TEMP_SAMPLING_HANDLE?PROTOCOL
            CODE    F10AH     001FH     UNIT         ?PR?_DP_DOWNLOAD_HUMIDITY_SAMPLING_HANDLE?PROTOCOL
            CODE    F129H     001EH     UNIT         ?PR?KEY1_LONGPRESS_HANDLE?USER_KEY
BL51 BANKED LINKER/LOCATER V6.22.2.0                                                  02/07/2021  13:51:23  PAGE 4


            CODE    F147H     001CH     UNIT         ?PR?SENDACK?USER_I2C
            CODE    F163H     001AH     UNIT         ?PR?KEY1_SHORTPRESS_HANDLE?USER_KEY
            CODE    F17DH     0018H     UNIT         ?PR?BSP_INIT?MAIN
            CODE    F195H     0017H     UNIT         ?PR?_MCU_SET_WIFI_MODE?MCU_API
            CODE    F1ACH     0016H     UNIT         ?PR?ADC_READ?USER_ADC
            CODE    F1C2H     0016H     UNIT         ?PR?UART3_INIT?USER_UART
            CODE    F1D8H     0015H     UNIT         ?PR?WIFI_PROTOCOL_INIT?MCU_API
            CODE    F1EDH     0012H     UNIT         ?PR?I2C_INIT?USER_I2C
            CODE    F1FFH     0011H     UNIT         ?PR?_SENDDATA?USER_I2C
            CODE    F210H     0011H     UNIT         ?PR?RECVDATA?USER_I2C
            CODE    F221H     000EH     UNIT         ?PR?DELAY100MS?MAIN
            CODE    F22FH     000EH     UNIT         ?PR?USER_ADC
            CODE    F23DH     000EH     UNIT         ?PR?MCU_RESET_WIFI?MCU_API
            CODE    F24BH     000DH     UNIT         ?PR?MAIN
            CODE    F258H     000DH     UNIT         ?PR?ADC_INIT?USER_ADC
            CODE    F265H     000DH     UNIT         ?PR?USER_I2C
            CODE    F272H     000CH     UNIT         ?PR?START?USER_I2C
            CODE    F27EH     000CH     UNIT         ?PR?STOP?USER_I2C
            CODE    F28AH     000BH     UNIT         ?PR?_WRITECMD?USER_I2C
            CODE    F295H     000BH     UNIT         ?PR?_WRITEDAT?USER_I2C
            CODE    F2A0H     000BH     UNIT         ?PR?_MCU_GET_DP_DOWNLOAD_VALUE?MCU_API
            CODE    F2ABH     000AH     UNIT         ?PR?GET_MCU_WIFI_MODE?SYSTEM
            CODE    F2B5H     0007H     UNIT         ?PR?GET_COUNT_VALUE?USER_TIMER
            CODE    F2BCH     0007H     UNIT         ?PR?GET_TIMER_250MS_VALUE?USER_TIMER
            CODE    F2C3H     0007H     UNIT         ?PR?_MCU_GET_DP_DOWNLOAD_BOOL?MCU_API
            CODE    F2CAH     0007H     UNIT         ?PR?_MCU_GET_DP_DOWNLOAD_ENUM?MCU_API
            CODE    F2D1H     0006H     UNIT         ?PR?READ_SENSOR?MAIN
            CODE    F2D7H     0006H     UNIT         ?CO?USER_SHT30
            CODE    F2DDH     0006H     UNIT         ?PR?MCU_GET_RESET_WIFI_FLAG?MCU_API
            CODE    F2E3H     0006H     UNIT         ?PR?MCU_GET_WIFIMODE_FLAG?MCU_API
            CODE    F2E9H     0006H     UNIT         ?PR?MCU_GET_WIFI_WORK_STATE?MCU_API
            CODE    F2EFH     0003H     UNIT         ?PR?_UART_TRANSMIT_OUTPUT?PROTOCOL
            CODE    F2F2H     0003H     UNIT         ?PR?GET_DOWNLOAD_CMD_TOTAL?PROTOCOL



OVERLAY MAP OF MODULE:   .\Obj\智能温湿度计 (MAIN)


SEGMENT                                            XDATA_GROUP
  +--> CALLED SEGMENT                            START    LENGTH
----------------------------------------------------------------
?PR?UART3ISR?USER_UART                           -----    -----
  +--> ?PR?_UART_RECEIVE_INPUT?MCU_API

?PR?_UART_RECEIVE_INPUT?MCU_API                  0078H    0001H
  +--> ?PR?MCU_API

*** NEW ROOT ***************************************************

?PR?TIMER0_ISR_HANDLE?USER_TIMER                 -----    -----
  +--> ?PR?USER_TIMER

*** NEW ROOT ***************************************************

?C_C51STARTUP                                    -----    -----
  +--> ?PR?MAIN?MAIN
BL51 BANKED LINKER/LOCATER V6.22.2.0                                                  02/07/2021  13:51:23  PAGE 5


  +--> ?C_INITSEG

?PR?MAIN?MAIN                                    -----    -----
  +--> ?PR?BSP_INIT?MAIN
  +--> ?PR?BOOT_ANIMATION?MAIN
  +--> ?PR?OLED_CLEAR?USER_OLED
  +--> ?PR?DELAY100MS?MAIN
  +--> ?PR?WELCOME?MAIN
  +--> ?PR?READ_SENSOR?MAIN
  +--> ?PR?WIFI_UART_SERVICE?MCU_API
  +--> ?PR?KEY_SCAN?USER_KEY
  +--> ?PR?WIFI_WORK_STATE_LED?MAIN

?PR?BSP_INIT?MAIN                                -----    -----
  +--> ?PR?UART3_INIT?USER_UART
  +--> ?PR?WIFI_PROTOCOL_INIT?MCU_API
  +--> ?PR?I2C_INIT?USER_I2C
  +--> ?PR?OLED_INIT?USER_OLED
  +--> ?PR?OLED_CLEAR?USER_OLED
  +--> ?PR?SHT_INIT?USER_SHT30
  +--> ?PR?TIMER0_INIT?USER_TIMER
  +--> ?PR?KEY_INIT?USER_KEY

?PR?WIFI_PROTOCOL_INIT?MCU_API                   -----    -----
  +--> ?PR?MCU_API

?PR?OLED_INIT?USER_OLED                          -----    -----
  +--> ?PR?_OLED_WR_BYTE?USER_OLED

?PR?_OLED_WR_BYTE?USER_OLED                      009EH    0002H
  +--> ?PR?_WRITECMD?USER_I2C
  +--> ?PR?_WRITEDAT?USER_I2C

?PR?_WRITECMD?USER_I2C                           -----    -----
  +--> ?PR?USER_I2C
  +--> ?PR?SENDACK?USER_I2C
  +--> ?PR?STOP?USER_I2C

?PR?USER_I2C                                     -----    -----
  +--> ?PR?START?USER_I2C
  +--> ?PR?_SENDDATA?USER_I2C
  +--> ?PR?SENDACK?USER_I2C

?PR?SENDACK?USER_I2C                             -----    -----
  +--> ?PR?_SENDDATA?USER_I2C

?PR?_WRITEDAT?USER_I2C                           -----    -----
  +--> ?PR?USER_I2C
  +--> ?PR?SENDACK?USER_I2C
  +--> ?PR?STOP?USER_I2C

?PR?OLED_CLEAR?USER_OLED                         0079H    0002H
  +--> ?PR?USER_OLED
  +--> ?PR?_OLED_WR_BYTE?USER_OLED

?PR?SHT_INIT?USER_SHT30                          -----    -----
  +--> ?PR?START?USER_I2C
BL51 BANKED LINKER/LOCATER V6.22.2.0                                                  02/07/2021  13:51:23  PAGE 6


  +--> ?PR?_SENDDATA?USER_I2C
  +--> ?PR?SENDACK?USER_I2C
  +--> ?PR?STOP?USER_I2C

?PR?KEY_INIT?USER_KEY                            -----    -----
  +--> ?PR?KEY1_LONGPRESS_HANDLE?USER_KEY
  +--> ?PR?KEY1_SHORTPRESS_HANDLE?USER_KEY

?PR?KEY1_LONGPRESS_HANDLE?USER_KEY               -----    -----
  +--> ?PR?MCU_RESET_WIFI?MCU_API
  +--> ?PR?MCU_GET_WIFI_WORK_STATE?MCU_API
  +--> ?CO?USER_KEY
  +--> ?PR?USER_KEY
  +--> ?PR?_OLED_SHOWSTR?USER_OLED

?PR?MCU_RESET_WIFI?MCU_API                       -----    -----
  +--> ?PR?_WIFI_UART_WRITE_FRAME?SYSTEM

?PR?_WIFI_UART_WRITE_FRAME?SYSTEM                009EH    0002H
  +--> ?PR?_GET_CHECK_SUM?SYSTEM
  +--> ?PR?_WIFI_UART_WRITE_DATA?SYSTEM

?PR?_GET_CHECK_SUM?SYSTEM                        00A0H    0006H
  +--> ?PR?SYSTEM

?PR?_WIFI_UART_WRITE_DATA?SYSTEM                 00A0H    0005H
  +--> ?PR?SYSTEM
  +--> ?PR?_UART_TRANSMIT_OUTPUT?PROTOCOL

?PR?_UART_TRANSMIT_OUTPUT?PROTOCOL               -----    -----
  +--> ?PR?_UART_PUTCHAR?USER_UART

?PR?_OLED_SHOWSTR?USER_OLED                      008DH    0007H
  +--> ?PR?USER_OLED
  +--> ?PR?_OLED_SHOWCHAR?USER_OLED

?PR?_OLED_SHOWCHAR?USER_OLED                     0097H    0006H
  +--> ?PR?USER_OLED
  +--> ?CO?CODETAB
  +--> ?PR?_OLED_SETPOS?USER_OLED
  +--> ?PR?_OLED_WR_BYTE?USER_OLED

?PR?_OLED_SETPOS?USER_OLED                       009DH    0001H
  +--> ?PR?_OLED_WR_BYTE?USER_OLED

?PR?KEY1_SHORTPRESS_HANDLE?USER_KEY              -----    -----
  +--> ?CO?USER_KEY
  +--> ?PR?USER_KEY
  +--> ?PR?_OLED_SHOWSTR?USER_OLED
  +--> ?PR?GET_VOLTAGE?USER_ADC
  +--> ?PR?SHT30_READ?USER_SHT30

?PR?GET_VOLTAGE?USER_ADC                         007DH    0002H
  +--> ?PR?ADC_INIT?USER_ADC
  +--> ?PR?ADC_READ?USER_ADC
  +--> ?PR?USER_ADC
  +--> ?PR?_OLED_SHOWCHAR?USER_OLED
BL51 BANKED LINKER/LOCATER V6.22.2.0                                                  02/07/2021  13:51:23  PAGE 7



?PR?SHT30_READ?USER_SHT30                        007DH    0010H
  +--> ?PR?START?USER_I2C
  +--> ?PR?_SENDDATA?USER_I2C
  +--> ?PR?SENDACK?USER_I2C
  +--> ?PR?RECVDATA?USER_I2C
  +--> ?PR?STOP?USER_I2C
  +--> ?PR?_SHT_CRC?USER_SHT30
  +--> ?PR?USER_SHT30
  +--> ?PR?EXP?EXP
  +--> ?PR?_MCU_DP_VALUE_UPDATE?MCU_API
  +--> ?PR?_OLED_SHOWNUM?USER_OLED
  +--> ?PR?_OLED_SHOWCHAR?USER_OLED
  +--> ?CO?USER_SHT30
  +--> ?PR?_OLED_SHOWSTR?USER_OLED

?PR?_SHT_CRC?USER_SHT30                          008DH    0005H

?PR?_MCU_DP_VALUE_UPDATE?MCU_API                 0099H    0005H
  +--> ?PR?MCU_API
  +--> ?PR?_SET_WIFI_UART_BYTE?SYSTEM
  +--> ?PR?_WIFI_UART_WRITE_FRAME?SYSTEM

?PR?_SET_WIFI_UART_BYTE?SYSTEM                   009EH    0002H
  +--> ?PR?SYSTEM

?PR?_OLED_SHOWNUM?USER_OLED                      008DH    000AH
  +--> ?PR?USER_OLED
  +--> ?PR?_OLED_SHOWCHAR?USER_OLED
  +--> ?PR?_OLED_POW?USER_OLED

?PR?_OLED_POW?USER_OLED                          0097H    0006H
  +--> ?PR?USER_OLED

?PR?BOOT_ANIMATION?MAIN                          0079H    0004H
  +--> ?PR?_OLED_SETPOS?USER_OLED
  +--> ?CO?CODETAB
  +--> ?PR?_OLED_OLED_WR_BYTE_CON?USER_OLED
  +--> ?PR?DELAY100MS?MAIN

?PR?_OLED_OLED_WR_BYTE_CON?USER_OLED             007DH    0007H
  +--> ?PR?START?USER_I2C
  +--> ?PR?USER_OLED
  +--> ?PR?_SENDDATA?USER_I2C
  +--> ?PR?SENDACK?USER_I2C
  +--> ?PR?STOP?USER_I2C

?PR?WELCOME?MAIN                                 -----    -----
  +--> ?CO?CODETAB
  +--> ?PR?_OLED_DRAWBMP?USER_OLED
  +--> ?PR?_OLED_SHOWCHINESE?USER_OLED

?PR?_OLED_DRAWBMP?USER_OLED                      0079H    000BH
  +--> ?PR?_OLED_SETPOS?USER_OLED
  +--> ?PR?USER_OLED
  +--> ?PR?_OLED_WR_BYTE?USER_OLED

BL51 BANKED LINKER/LOCATER V6.22.2.0                                                  02/07/2021  13:51:23  PAGE 8


?PR?_OLED_SHOWCHINESE?USER_OLED                  0079H    0005H
  +--> ?PR?_OLED_SETPOS?USER_OLED
  +--> ?PR?USER_OLED
  +--> ?CO?CODETAB
  +--> ?PR?_OLED_WR_BYTE?USER_OLED

?PR?READ_SENSOR?MAIN                             -----    -----
  +--> ?PR?GET_VOLTAGE?USER_ADC
  +--> ?PR?SHT30_READ?USER_SHT30

?PR?WIFI_UART_SERVICE?MCU_API                    0079H    0004H
  +--> ?PR?WITH_DATA_RXBUFF?SYSTEM
  +--> ?PR?TAKE_BYTE_RXBUFF?SYSTEM
  +--> ?PR?MCU_API
  +--> ?PR?_GET_CHECK_SUM?SYSTEM
  +--> ?PR?_DATA_HANDLE?SYSTEM
  +--> ?PR?_MY_MEMCPY?MCU_API

?PR?WITH_DATA_RXBUFF?SYSTEM                      -----    -----
  +--> ?PR?SYSTEM

?PR?TAKE_BYTE_RXBUFF?SYSTEM                      -----    -----
  +--> ?PR?SYSTEM

?PR?_DATA_HANDLE?SYSTEM                          007DH    000AH
  +--> ?PR?HEAT_BEAT_CHECK?SYSTEM
  +--> ?PR?PRODUCT_INFO_UPDATE?SYSTEM
  +--> ?PR?GET_MCU_WIFI_MODE?SYSTEM
  +--> ?PR?_WIFI_UART_WRITE_FRAME?SYSTEM
  +--> ?PR?_DATA_POINT_HANDLE?SYSTEM
  +--> ?PR?ALL_DATA_UPDATE?PROTOCOL

?PR?HEAT_BEAT_CHECK?SYSTEM                       -----    -----
  +--> ?PR?_SET_WIFI_UART_BYTE?SYSTEM
  +--> ?PR?_WIFI_UART_WRITE_FRAME?SYSTEM

?PR?PRODUCT_INFO_UPDATE?SYSTEM                   0087H    000BH
  +--> ?CO?SYSTEM
  +--> ?PR?_MY_STRLEN?MCU_API
  +--> ?PR?_SET_WIFI_UART_BUFFER?SYSTEM
  +--> ?PR?_WIFI_UART_WRITE_FRAME?SYSTEM

?PR?_MY_STRLEN?MCU_API                           0092H    0007H
  +--> ?PR?MCU_API

?PR?_SET_WIFI_UART_BUFFER?SYSTEM                 0092H    0007H
  +--> ?PR?SYSTEM
  +--> ?PR?_MY_MEMCPY?MCU_API

?PR?_MY_MEMCPY?MCU_API                           0099H    0010H
  +--> ?PR?MCU_API

?PR?GET_MCU_WIFI_MODE?SYSTEM                     -----    -----
  +--> ?PR?_WIFI_UART_WRITE_FRAME?SYSTEM

?PR?_DATA_POINT_HANDLE?SYSTEM                    0087H    0007H
  +--> ?PR?SYSTEM
BL51 BANKED LINKER/LOCATER V6.22.2.0                                                  02/07/2021  13:51:23  PAGE 9


  +--> ?PR?_GET_DOWMLOAD_DPID_INDEX?SYSTEM
  +--> ?PR?_DP_DOWNLOAD_HANDLE?PROTOCOL

?PR?_GET_DOWMLOAD_DPID_INDEX?SYSTEM              008EH    0001H
  +--> ?PR?GET_DOWNLOAD_CMD_TOTAL?PROTOCOL

?PR?_DP_DOWNLOAD_HANDLE?PROTOCOL                 008EH    0007H
  +--> ?PR?PROTOCOL
  +--> ?PR?_DP_DOWNLOAD_TEMP_SAMPLING_HANDLE...
  +--> ?PR?_DP_DOWNLOAD_HUMIDITY_SAMPLING_HA...

?PR?_DP_DOWNLOAD_TEMP_SAMPLING_HANDLE...         0095H    0004H
  +--> ?PR?_MCU_GET_DP_DOWNLOAD_VALUE?MCU_API
  +--> ?PR?PROTOCOL
  +--> ?PR?_MCU_DP_VALUE_UPDATE?MCU_API

?PR?_MCU_GET_DP_DOWNLOAD_VALUE?MCU_API           0099H    0002H
  +--> ?PR?_BYTE_TO_INT?MCU_API

?PR?_BYTE_TO_INT?MCU_API                         009BH    0007H
  +--> ?PR?MCU_API

?PR?_DP_DOWNLOAD_HUMIDITY_SAMPLING_HA...         0095H    0004H
  +--> ?PR?_MCU_GET_DP_DOWNLOAD_VALUE?MCU_API
  +--> ?PR?PROTOCOL
  +--> ?PR?_MCU_DP_VALUE_UPDATE?MCU_API

?PR?ALL_DATA_UPDATE?PROTOCOL                     -----    -----
  +--> ?PR?PROTOCOL
  +--> ?PR?_MCU_DP_VALUE_UPDATE?MCU_API
  +--> ?PR?_MCU_DP_ENUM_UPDATE?MCU_API

?PR?_MCU_DP_ENUM_UPDATE?MCU_API                  0087H    0001H
  +--> ?PR?MCU_API
  +--> ?PR?_SET_WIFI_UART_BYTE?SYSTEM
  +--> ?PR?_WIFI_UART_WRITE_FRAME?SYSTEM

?PR?KEY_SCAN?USER_KEY                            0079H    0004H
  +--> ?PR?GET_COUNT_VALUE?USER_TIMER
  +--> ?PR?USER_KEY
  +--> ?PR?KEY1_LONGPRESS_HANDLE?USER_KEY
  +--> ?PR?KEY1_SHORTPRESS_HANDLE?USER_KEY
  +--> ?PR?_GET_KEY_PRESS_TIME?USER_KEY

?PR?GET_COUNT_VALUE?USER_TIMER                   -----    -----
  +--> ?PR?USER_TIMER

?PR?_GET_KEY_PRESS_TIME?USER_KEY                 007DH    0008H
  +--> ?PR?GET_COUNT_VALUE?USER_TIMER
  +--> ?PR?USER_KEY

?PR?WIFI_WORK_STATE_LED?MAIN                     -----    -----
  +--> ?PR?MCU_GET_WIFI_WORK_STATE?MCU_API
  +--> ?CO?MAIN
  +--> ?PR?MAIN
  +--> ?PR?_OLED_SHOWSTR?USER_OLED

BL51 BANKED LINKER/LOCATER V6.22.2.0                                                  02/07/2021  13:51:23  PAGE 10




SYMBOL TABLE OF MODULE:  .\Obj\智能温湿度计 (MAIN)

  VALUE           TYPE          NAME
  ----------------------------------

  -------         MODULE        MAIN
  C:0000H         SYMBOL        _ICE_DUMMY_
  D:0080H         PUBLIC        P0
  D:0090H         PUBLIC        P1
  D:00A0H         PUBLIC        P2
  D:00B0H         PUBLIC        P3
  D:00C0H         PUBLIC        P4
  D:00C8H         PUBLIC        P5
  D:00E8H         PUBLIC        P6
  D:00F8H         PUBLIC        P7
  D:00A8H         PUBLIC        IE
  D:00B8H         PUBLIC        IP
  C:F2D1H         SYMBOL        read_sensor
  C:F17DH         SYMBOL        Bsp_Init
  D:00D8H         PUBLIC        CCON
  C:EEF8H         PUBLIC        main
  D:0098H         PUBLIC        SCON
  D:0088H         PUBLIC        TCON
  C:E112H         PUBLIC        Boot_animation
  X:00DEH         PUBLIC        FlashBuffer
  C:F221H         PUBLIC        Delay100ms
  X:00E5H         PUBLIC        is_read_time
  C:E7E4H         PUBLIC        welcome
  C:E3CFH         PUBLIC        wifi_work_state_led
  D:00D0H         PUBLIC        PSW
  C:F24BH         SYMBOL        Com002F
  C:F24BH         SYMBOL        L?0048
  C:F24DH         SYMBOL        L?0049
  -------         PROC          COM002F
  -------         ENDPROC       COM002F
  -------         PROC          DELAY100MS
  -------         DO            
  D:0007H         SYMBOL        i
  D:0006H         SYMBOL        j
  D:0005H         SYMBOL        k
  -------         ENDDO         
  C:F221H         LINE#         15
  C:F221H         LINE#         16
  C:F221H         LINE#         19
  C:F222H         LINE#         20
  C:F224H         LINE#         21
  C:F226H         LINE#         22
  C:F228H         LINE#         24
  C:F228H         LINE#         26
  C:F228H         LINE#         27
  C:F22AH         LINE#         28
  C:F22CH         LINE#         29
  C:F22EH         LINE#         30
  -------         ENDPROC       DELAY100MS
  -------         PROC          BSP_INIT
BL51 BANKED LINKER/LOCATER V6.22.2.0                                                  02/07/2021  13:51:23  PAGE 11


  C:F17DH         LINE#         38
  C:F17DH         LINE#         39
  C:F17DH         LINE#         40
  C:F180H         LINE#         41
  C:F183H         LINE#         42
  C:F186H         LINE#         43
  C:F189H         LINE#         44
  C:F18CH         LINE#         45
  C:F18FH         LINE#         46
  C:F192H         LINE#         47
  -------         ENDPROC       BSP_INIT
  -------         PROC          BOOT_ANIMATION
  -------         DO            
  X:0079H         SYMBOL        i
  X:007BH         SYMBOL        j
  -------         ENDDO         
  C:E112H         LINE#         56
  C:E112H         LINE#         57
  C:E112H         LINE#         59
  C:E119H         LINE#         60
  C:E119H         LINE#         61
  C:E130H         LINE#         62
  C:E130H         LINE#         63
  C:E137H         LINE#         64
  C:E16EH         LINE#         65
  C:E17EH         LINE#         66
  C:E181H         LINE#         67
  C:E1A1H         LINE#         68
  -------         ENDPROC       BOOT_ANIMATION
  -------         PROC          WELCOME
  C:E7E4H         LINE#         70
  C:E7E4H         LINE#         71
  C:E7E4H         LINE#         72
  C:E7FEH         LINE#         74
  C:E806H         LINE#         75
  C:E80FH         LINE#         76
  C:E818H         LINE#         77
  C:E821H         LINE#         78
  C:E82AH         LINE#         79
  C:E833H         LINE#         80
  C:E83CH         LINE#         81
  -------         ENDPROC       WELCOME
  -------         PROC          WIFI_WORK_STATE_LED
  -------         DO            
  D:0007H         SYMBOL        wifi_state
  -------         ENDDO         
  C:E3CFH         LINE#         90
  C:E3CFH         LINE#         91
  C:E3CFH         LINE#         92
  C:E3D2H         LINE#         93
  C:E3F4H         LINE#         94
  C:E3F4H         LINE#         95
  C:E3F4H         LINE#         96
  C:E3FAH         LINE#         97
  C:E3FCH         LINE#         99
  C:E3FCH         LINE#         100
  C:E402H         LINE#         101
BL51 BANKED LINKER/LOCATER V6.22.2.0                                                  02/07/2021  13:51:23  PAGE 12


  C:E404H         LINE#         103
  C:E404H         LINE#         104
  C:E40AH         LINE#         105
  C:E40CH         LINE#         107
  C:E40CH         LINE#         108
  C:E412H         LINE#         109
  C:E412H         LINE#         110
  C:E414H         LINE#         112
  C:E414H         LINE#         113
  C:E420H         LINE#         114
  C:E430H         LINE#         115
  C:E432H         LINE#         117
  C:E432H         LINE#         118
  C:E43BH         LINE#         119
  C:E43DH         LINE#         121
  C:E43DH         LINE#         122
  C:E444H         LINE#         123
  C:E446H         LINE#         125
  C:E446H         LINE#         126
  C:E450H         LINE#         127
  C:E450H         LINE#         128
  C:E450H         LINE#         129
  -------         ENDPROC       WIFI_WORK_STATE_LED
  -------         PROC          READ_SENSOR
  C:F2D1H         LINE#         137
  C:F2D1H         LINE#         138
  C:F2D1H         LINE#         139
  C:F2D4H         LINE#         140
  -------         ENDPROC       READ_SENSOR
  -------         PROC          MAIN
  C:EEF8H         LINE#         149
  C:EEF8H         LINE#         150
  C:EEF8H         LINE#         152
  C:EEFBH         LINE#         155
  C:EEFEH         LINE#         156
  C:EF01H         LINE#         158
  C:EF04H         LINE#         159
  C:EF07H         LINE#         160
  C:EF0AH         LINE#         163
  C:EF0AH         LINE#         164
  C:EF0AH         LINE#         166
  C:EF0DH         LINE#         168
  C:EF10H         LINE#         170
  C:EF13H         LINE#         171
  C:EF1BH         LINE#         172
  C:EF1BH         LINE#         174
  C:EF1EH         LINE#         175
  C:EF23H         LINE#         176
  C:EF23H         LINE#         177
  -------         ENDPROC       MAIN
  -------         ENDMOD        MAIN

  -------         MODULE        USER_ADC
  C:0000H         SYMBOL        _ICE_DUMMY_
  D:0092H         PUBLIC        P1M0
  D:0091H         PUBLIC        P1M1
  D:0080H         PUBLIC        P0
BL51 BANKED LINKER/LOCATER V6.22.2.0                                                  02/07/2021  13:51:23  PAGE 13


  D:0090H         PUBLIC        P1
  D:00A0H         PUBLIC        P2
  D:00B0H         PUBLIC        P3
  D:00C0H         PUBLIC        P4
  D:00C8H         PUBLIC        P5
  D:00E8H         PUBLIC        P6
  D:00F8H         PUBLIC        P7
  D:00A8H         PUBLIC        IE
  D:00BDH         PUBLIC        ADC_RES
  D:00B8H         PUBLIC        IP
  D:00DEH         PUBLIC        ADCCFG
  D:00D8H         PUBLIC        CCON
  D:00BCH         PUBLIC        ADC_CONTR
  D:0098H         PUBLIC        SCON
  D:0088H         PUBLIC        TCON
  X:0108H         PUBLIC        vcc
  C:F1ACH         PUBLIC        ADC_read
  C:DFC0H         PUBLIC        Get_Voltage
  C:F258H         PUBLIC        ADC_init
  D:00BEH         PUBLIC        ADC_RESL
  D:00D0H         PUBLIC        PSW
  C:F22FH         SYMBOL        Com000B
  C:F22FH         SYMBOL        L?0012
  C:F236H         SYMBOL        L?0013
  -------         PROC          COM000B
  -------         ENDPROC       COM000B
  -------         PROC          ADC_INIT
  C:F258H         LINE#         66
  C:F258H         LINE#         67
  C:F258H         LINE#         68
  C:F25BH         LINE#         69
  C:F25EH         LINE#         70
  C:F261H         LINE#         71
  C:F264H         LINE#         72
  -------         ENDPROC       ADC_INIT
  -------         PROC          ADC_READ
  -------         DO            
  D:0006H         SYMBOL        res
  -------         ENDDO         
  C:F1ACH         LINE#         80
  C:F1ACH         LINE#         81
  C:F1ACH         LINE#         84
  C:F1AFH         LINE#         85
  C:F1B0H         LINE#         86
  C:F1B1H         LINE#         87
  C:F1B6H         LINE#         88
  C:F1B9H         LINE#         89
  C:F1C1H         LINE#         91
  C:F1C1H         LINE#         92
  -------         ENDPROC       ADC_READ
  -------         PROC          GET_VOLTAGE
  -------         DO            
  X:007DH         SYMBOL        res
  D:0002H         SYMBOL        i
  D:0007H         SYMBOL        g
  -------         ENDDO         
  C:DFC0H         LINE#         104
BL51 BANKED LINKER/LOCATER V6.22.2.0                                                  02/07/2021  13:51:23  PAGE 14


  C:DFC0H         LINE#         105
  C:DFC0H         LINE#         110
  C:DFC3H         LINE#         111
  C:DFC6H         LINE#         112
  C:DFC9H         LINE#         113
  C:DFD0H         LINE#         114
  C:DFD2H         LINE#         115
  C:DFD2H         LINE#         116
  C:DFE1H         LINE#         117
  C:DFECH         LINE#         118
  C:E006H         LINE#         119
  C:E023H         LINE#         120
  C:E02DH         LINE#         121
  C:E037H         LINE#         122
  C:E043H         LINE#         123
  C:E062H         LINE#         124
  C:E06CH         LINE#         125
  -------         ENDPROC       GET_VOLTAGE
  -------         ENDMOD        USER_ADC

  -------         MODULE        USER_I2C
  C:0000H         SYMBOL        _ICE_DUMMY_
  D:0080H         PUBLIC        P0
  D:0090H         PUBLIC        P1
  D:00A0H         PUBLIC        P2
  D:00B0H         PUBLIC        P3
  D:00C0H         PUBLIC        P4
  D:00C8H         PUBLIC        P5
  D:00E8H         PUBLIC        P6
  D:00F8H         PUBLIC        P7
  C:F1FFH         PUBLIC        _SendData
  D:00BAH         PUBLIC        P_SW2
  D:00A8H         PUBLIC        IE
  C:F210H         PUBLIC        RecvData
  C:F272H         PUBLIC        Start
  D:00B8H         PUBLIC        IP
  C:F28AH         PUBLIC        _WriteCmd
  D:00D8H         PUBLIC        CCON
  C:F27EH         PUBLIC        Stop
  C:F295H         PUBLIC        _WriteDat
  D:0098H         PUBLIC        SCON
  D:0088H         PUBLIC        TCON
  C:EF52H         PUBLIC        I2C_Isr
  C:F1EDH         PUBLIC        I2C_init
  C:F152H         PUBLIC        SendACK
  B:0020H.0       PUBLIC        busy1
  D:00D0H         PUBLIC        PSW
  C:F265H         SYMBOL        Com0016
  C:F265H         SYMBOL        L?0023
  -------         PROC          COM0016
  -------         ENDPROC       COM0016
  -------         PROC          I2C_INIT
  C:F1EDH         LINE#         23
  C:F1EDH         LINE#         24
  C:F1EDH         LINE#         25
  C:F1F0H         LINE#         27
  C:F1F3H         LINE#         30
BL51 BANKED LINKER/LOCATER V6.22.2.0                                                  02/07/2021  13:51:23  PAGE 15


  C:F1F9H         LINE#         31
  C:F1FEH         LINE#         32
  -------         ENDPROC       I2C_INIT
  -------         PROC          I2C_ISR
  -------         DO            
  D:0007H         SYMBOL        store
  -------         ENDDO         
  C:EF52H         LINE#         44
  C:EF5FH         LINE#         48
  C:EF61H         LINE#         49
  C:EF64H         LINE#         50
  C:EF6BH         LINE#         51
  C:EF6BH         LINE#         52
  C:EF6FH         LINE#         53
  C:EF71H         LINE#         54
  C:EF71H         LINE#         55
  C:EF73H         LINE#         56
  -------         ENDPROC       I2C_ISR
  -------         PROC          START
  C:F272H         LINE#         64
  C:F272H         LINE#         65
  C:F272H         LINE#         66
  C:F274H         LINE#         67
  C:F27AH         LINE#         68
  C:F27DH         LINE#         69
  -------         ENDPROC       START
  -------         PROC          _SENDDATA
  D:0007H         SYMBOL        dat
  C:F1FFH         LINE#         77
  C:F1FFH         LINE#         78
  C:F1FFH         LINE#         79
  C:F204H         LINE#         80
  C:F206H         LINE#         81
  C:F20CH         LINE#         82
  C:F20FH         LINE#         83
  -------         ENDPROC       _SENDDATA
  -------         PROC          RECVDATA
  C:F210H         LINE#         105
  C:F210H         LINE#         106
  C:F210H         LINE#         107
  C:F212H         LINE#         108
  C:F218H         LINE#         109
  C:F21BH         LINE#         110
  C:F220H         LINE#         111
  -------         ENDPROC       RECVDATA
  -------         PROC          L?0021
  -------         ENDPROC       L?0021
  -------         PROC          SENDACK
  C:F152H         LINE#         119
  C:F152H         LINE#         120
  C:F152H         LINE#         121
  C:F157H         LINE#         122
  C:F159H         LINE#         123
  C:F15FH         LINE#         124
  C:F162H         LINE#         125
  -------         ENDPROC       SENDACK
  -------         PROC          STOP
BL51 BANKED LINKER/LOCATER V6.22.2.0                                                  02/07/2021  13:51:23  PAGE 16


  C:F27EH         LINE#         147
  C:F27EH         LINE#         148
  C:F27EH         LINE#         149
  C:F280H         LINE#         150
  C:F286H         LINE#         151
  C:F289H         LINE#         152
  -------         ENDPROC       STOP
  -------         PROC          _WRITECMD
  D:0006H         SYMBOL        command
  D:0005H         SYMBOL        addr
  C:F28AH         LINE#         267
  C:F28AH         LINE#         268
  C:F28AH         LINE#         269
  C:F28AH         LINE#         270
  C:F28AH         LINE#         271
  C:F28DH         LINE#         272
  C:F28FH         LINE#         273
  C:F28FH         LINE#         274
  C:F28FH         LINE#         275
  C:F292H         LINE#         276
  -------         ENDPROC       _WRITECMD
  -------         PROC          _WRITEDAT
  D:0006H         SYMBOL        Data
  D:0005H         SYMBOL        addr
  C:F295H         LINE#         285
  C:F295H         LINE#         286
  C:F295H         LINE#         287
  C:F295H         LINE#         288
  C:F295H         LINE#         289
  C:F298H         LINE#         290
  C:F29AH         LINE#         291
  C:F29AH         LINE#         292
  C:F29AH         LINE#         293
  C:F29DH         LINE#         294
  -------         ENDPROC       _WRITEDAT
  -------         ENDMOD        USER_I2C

  -------         MODULE        USER_KEY
  C:0000H         SYMBOL        _ICE_DUMMY_
  D:0080H         PUBLIC        P0
  D:0090H         PUBLIC        P1
  D:00A0H         PUBLIC        P2
  D:00B0H         PUBLIC        P3
  D:00C0H         PUBLIC        P4
  D:00C8H         PUBLIC        P5
  D:00E8H         PUBLIC        P6
  D:00F8H         PUBLIC        P7
  X:00C1H         PUBLIC        Status
  D:00A8H         PUBLIC        IE
  C:E8FEH         SYMBOL        _Get_Key_Press_Time
  C:F129H         SYMBOL        Key1_LongPress_Handle
  C:F163H         SYMBOL        Key1_ShortPress_Handle
  D:00B8H         PUBLIC        IP
  D:00D8H         PUBLIC        CCON
  X:00C2H         PUBLIC        Long_Press_Handle
  X:00C5H         PUBLIC        Short_Press_Handle
  D:0098H         PUBLIC        SCON
BL51 BANKED LINKER/LOCATER V6.22.2.0                                                  02/07/2021  13:51:23  PAGE 17


  D:0088H         PUBLIC        TCON
  B:0020H.1       PUBLIC        lastButtonState
  X:00C8H         PUBLIC        last_time
  C:DC74H         PUBLIC        key_scan
  C:EFAAH         PUBLIC        key_init
  D:00D0H         PUBLIC        PSW
  B:0080H.7       PUBLIC        K1
  C:EBFCH         SYMBOL        Com001E
  C:EBFCH         SYMBOL        L?0031
  C:EC01H         SYMBOL        L?0032
  C:EC06H         SYMBOL        L?0033
  C:EC07H         SYMBOL        L?0034
  C:EC12H         SYMBOL        L?0035
  C:EC15H         SYMBOL        L?0036
  C:EC16H         SYMBOL        L?0037
  C:EC21H         SYMBOL        L?0038
  C:EC23H         SYMBOL        L?0039
  C:EC2EH         SYMBOL        L?0040
  C:EC2EH         SYMBOL        L?0041
  -------         PROC          COM001E
  -------         ENDPROC       COM001E
  -------         PROC          KEY1_SHORTPRESS_HANDLE
  C:F163H         LINE#         27
  C:F163H         LINE#         28
  C:F163H         LINE#         29
  C:F16DH         LINE#         30
  C:F170H         LINE#         31
  C:F173H         LINE#         32
  -------         ENDPROC       KEY1_SHORTPRESS_HANDLE
  -------         PROC          KEY1_LONGPRESS_HANDLE
  C:F129H         LINE#         41
  C:F129H         LINE#         42
  C:F129H         LINE#         44
  C:F12CH         LINE#         45
  C:F13AH         LINE#         46
  C:F13AH         LINE#         47
  C:F146H         LINE#         48
  C:F146H         LINE#         50
  -------         ENDPROC       KEY1_LONGPRESS_HANDLE
  -------         PROC          KEY_INIT
  C:EFAAH         LINE#         58
  C:EFAAH         LINE#         59
  C:EFAAH         LINE#         60
  C:EFB4H         LINE#         61
  C:EFB9H         LINE#         62
  C:EFBBH         LINE#         64
  C:EFC7H         LINE#         66
  C:EFD3H         LINE#         67
  -------         ENDPROC       KEY_INIT
  -------         PROC          _GET_KEY_PRESS_TIME
  X:007DH         SYMBOL        last_time
  -------         DO            
  X:0081H         SYMBOL        time
  -------         ENDDO         
  C:E8FEH         LINE#         75
  C:E904H         LINE#         76
  C:E904H         LINE#         79
BL51 BANKED LINKER/LOCATER V6.22.2.0                                                  02/07/2021  13:51:23  PAGE 18


  C:E90DH         LINE#         80
  C:E91EH         LINE#         81
  C:E91EH         LINE#         82
  C:E932H         LINE#         83
  C:E934H         LINE#         85
  C:E934H         LINE#         87
  C:E94DH         LINE#         88
  C:E94DH         LINE#         90
  C:E953H         LINE#         91
  -------         ENDPROC       _GET_KEY_PRESS_TIME
  C:DD52H         SYMBOL        L?0042
  -------         PROC          KEY_SCAN
  -------         DO            
  X:0079H         SYMBOL        time
  -------         ENDDO         
  C:DC74H         LINE#         99
  C:DC74H         LINE#         100
  C:DC74H         LINE#         103
  C:DC84H         LINE#         104
  C:DC84H         LINE#         105
  C:DC84H         LINE#         107
  C:DC87H         LINE#         108
  C:DC87H         LINE#         109
  C:DC8DH         LINE#         110
  C:DC96H         LINE#         111
  C:DC96H         LINE#         112
  C:DC98H         LINE#         114
  C:DC98H         LINE#         115
  C:DC9BH         LINE#         116
  C:DC9BH         LINE#         117
  C:DCA0H         LINE#         118
  C:DCA0H         LINE#         119
  C:DCA0H         LINE#         120
  C:DCA2H         LINE#         122
  C:DCA2H         LINE#         123
  C:DCA5H         LINE#         124
  C:DCA5H         LINE#         125
  C:DCAFH         LINE#         126
  C:DCB4H         LINE#         127
  C:DCB6H         LINE#         128
  C:DCB6H         LINE#         129
  C:DCB6H         LINE#         130
  C:DCB6H         LINE#         132
  C:DCC4H         LINE#         133
  C:DCC4H         LINE#         134
  C:DCCDH         LINE#         135
  C:DCD6H         LINE#         136
  C:DCD6H         LINE#         139
  C:DCDCH         LINE#         140
  C:DCE5H         LINE#         141
  C:DCE5H         LINE#         142
  C:DCE8H         LINE#         143
  C:DCEAH         LINE#         144
  C:DCEAH         LINE#         145
  C:DCEAH         LINE#         146
  C:DCEBH         LINE#         147
  C:DCF3H         LINE#         148
BL51 BANKED LINKER/LOCATER V6.22.2.0                                                  02/07/2021  13:51:23  PAGE 19


  C:DCF3H         LINE#         150
  C:DCFCH         LINE#         152
  C:DD06H         LINE#         153
  C:DD0BH         LINE#         154
  C:DD2CH         LINE#         155
  C:DD2CH         LINE#         157
  C:DD37H         LINE#         158
  C:DD37H         LINE#         159
  C:DD3AH         LINE#         160
  C:DD3AH         LINE#         161
  C:DD3AH         LINE#         162
  C:DD43H         LINE#         163
  C:DD43H         LINE#         165
  C:DD4EH         LINE#         166
  C:DD4EH         LINE#         167
  C:DD51H         LINE#         168
  C:DD51H         LINE#         169
  C:DD51H         LINE#         171
  C:DD51H         LINE#         172
  -------         ENDPROC       KEY_SCAN
  -------         ENDMOD        USER_KEY

  -------         MODULE        USER_OLED
  C:0000H         SYMBOL        _ICE_DUMMY_
  D:0080H         PUBLIC        P0
  D:0090H         PUBLIC        P1
  D:00A0H         PUBLIC        P2
  D:00B0H         PUBLIC        P3
  D:00C0H         PUBLIC        P4
  D:00C8H         PUBLIC        P5
  D:00E8H         PUBLIC        P6
  D:00F8H         PUBLIC        P7
  D:00A8H         PUBLIC        IE
  D:00B8H         PUBLIC        IP
  C:DB87H         PUBLIC        OLED_Init
  D:00D8H         PUBLIC        CCON
  C:F068H         PUBLIC        _OLED_WR_Byte
  C:DE41H         PUBLIC        _OLED_ShowChar
  D:0098H         PUBLIC        SCON
  D:0088H         PUBLIC        TCON
  C:E5C0H         PUBLIC        _OLED_ShowCHinese
  C:E6A7H         PUBLIC        _OLED_OLED_WR_Byte_con
  C:D745H         PUBLIC        _OLED_ShowNum
  C:EB32H         PUBLIC        _oled_pow
  C:E54AH         PUBLIC        _OLED_ShowStr
  C:EDCBH         PUBLIC        _OLED_SetPos
  C:E845H         PUBLIC        OLED_Clear
  C:E230H         PUBLIC        _OLED_DrawBMP
  D:00D0H         PUBLIC        PSW
  C:E1A2H         SYMBOL        Com0053
  C:E1A2H         SYMBOL        L?0084
  C:E1A2H         SYMBOL        L?0085
  C:E1ACH         SYMBOL        L?0086
  C:E1B0H         SYMBOL        L?0087
  C:E1B7H         SYMBOL        L?0089
  C:E1BFH         SYMBOL        L?0090
  C:E1C1H         SYMBOL        L?0091
BL51 BANKED LINKER/LOCATER V6.22.2.0                                                  02/07/2021  13:51:23  PAGE 20


  C:E1CDH         SYMBOL        L?0093
  C:E1D4H         SYMBOL        L?0094
  C:E1DDH         SYMBOL        L?0095
  C:E1E2H         SYMBOL        L?0096
  C:E1EBH         SYMBOL        L?0098
  C:E1FEH         SYMBOL        L?0099
  C:E203H         SYMBOL        L?0100
  C:E20BH         SYMBOL        L?0103
  C:E20BH         SYMBOL        L?0104
  C:E214H         SYMBOL        L?0105
  C:E221H         SYMBOL        L?0107
  C:E222H         SYMBOL        L?0108
  C:E229H         SYMBOL        L?0109
  C:E229H         SYMBOL        L?0110
  -------         PROC          COM0053
  -------         ENDPROC       COM0053
  -------         PROC          _OLED_WR_BYTE
  X:009EH         SYMBOL        dat
  D:0004H         SYMBOL        cmd
  C:F068H         LINE#         20
  C:F070H         LINE#         21
  C:F070H         LINE#         22
  C:F079H         LINE#         23
  C:F079H         LINE#         24
  C:F081H         LINE#         25
  C:F081H         LINE#         27
  C:F081H         LINE#         28
  C:F089H         LINE#         29
  C:F089H         LINE#         30
  -------         ENDPROC       _OLED_WR_BYTE
  C:E70CH         SYMBOL        L?0111
  -------         PROC          _OLED_OLED_WR_BYTE_CON
  X:007DH         SYMBOL        dat
  X:0080H         SYMBOL        count
  -------         DO            
  X:0082H         SYMBOL        i
  -------         ENDDO         
  C:E6A7H         LINE#         38
  C:E6B8H         LINE#         39
  C:E6B8H         LINE#         40
  C:E6BDH         LINE#         41
  C:E6C0H         LINE#         42
  C:E6C2H         LINE#         43
  C:E6C5H         LINE#         44
  C:E6C7H         LINE#         45
  C:E6CAH         LINE#         46
  C:E6E5H         LINE#         47
  C:E6E5H         LINE#         48
  C:E6F6H         LINE#         49
  C:E6F9H         LINE#         50
  C:E709H         LINE#         51
  C:E70CH         LINE#         52
  -------         ENDPROC       _OLED_OLED_WR_BYTE_CON
  C:DC20H         SYMBOL        L?0078
  C:DC2EH         SYMBOL        L?0079
  C:DC3CH         SYMBOL        L?0080
  C:DC4AH         SYMBOL        L?0081
BL51 BANKED LINKER/LOCATER V6.22.2.0                                                  02/07/2021  13:51:23  PAGE 21


  C:DC58H         SYMBOL        L?0082
  C:DC66H         SYMBOL        L?0092
  -------         PROC          OLED_INIT
  C:DB87H         LINE#         82
  C:DB87H         LINE#         83
  C:DB87H         LINE#         84
  C:DB89H         LINE#         85
  C:DB92H         LINE#         86
  C:DB94H         LINE#         87
  C:DB9EH         LINE#         88
  C:DBA0H         LINE#         89
  C:DBAAH         LINE#         90
  C:DBACH         LINE#         91
  C:DBB6H         LINE#         92
  C:DBB8H         LINE#         93
  C:DBC2H         LINE#         94
  C:DBC4H         LINE#         95
  C:DBCEH         LINE#         96
  C:DBD0H         LINE#         97
  C:DBD9H         LINE#         98
  C:DBDBH         LINE#         99
  C:DBE5H         LINE#         100
  C:DBE7H         LINE#         101
  C:DBF1H         LINE#         102
  C:DBF3H         LINE#         103
  C:DBFDH         LINE#         104
  C:DBFFH         LINE#         106
  C:DC09H         LINE#         107
  C:DC0BH         LINE#         108
  C:DC15H         LINE#         109
  C:DC20H         LINE#         110
  -------         ENDPROC       OLED_INIT
  -------         PROC          OLED_CLEAR
  -------         DO            
  X:0079H         SYMBOL        i
  X:007AH         SYMBOL        n
  -------         ENDDO         
  C:E845H         LINE#         118
  C:E845H         LINE#         119
  C:E845H         LINE#         121
  C:E856H         LINE#         122
  C:E856H         LINE#         123
  C:E864H         LINE#         124
  C:E86EH         LINE#         125
  C:E879H         LINE#         126
  C:E89BH         LINE#         127
  C:E8A3H         LINE#         128
  -------         ENDPROC       OLED_CLEAR
  C:EDF3H         SYMBOL        L?0106
  -------         PROC          _OLED_SETPOS
  X:009DH         SYMBOL        x
  D:0005H         SYMBOL        y
  C:EDCBH         LINE#         136
  C:EDD0H         LINE#         137
  C:EDD0H         LINE#         138
  C:EDD7H         LINE#         139
  C:EDE4H         LINE#         140
BL51 BANKED LINKER/LOCATER V6.22.2.0                                                  02/07/2021  13:51:23  PAGE 22


  C:EDF3H         LINE#         141
  -------         ENDPROC       _OLED_SETPOS
  C:DEE7H         SYMBOL        L?0097
  C:DEF8H         SYMBOL        L?0101
  -------         PROC          _OLED_SHOWCHAR
  X:0097H         SYMBOL        x
  X:0098H         SYMBOL        y
  D:0003H         SYMBOL        ch
  X:009AH         SYMBOL        TextSize
  -------         DO            
  X:009BH         SYMBOL        c
  X:009CH         SYMBOL        i
  -------         ENDDO         
  C:DE41H         LINE#         177
  C:DE4CH         LINE#         178
  C:DE4CH         LINE#         179
  C:DE53H         LINE#         180
  C:DE5AH         LINE#         181
  C:DE64H         LINE#         182
  C:DE64H         LINE#         183
  C:DE68H         LINE#         184
  C:DE6BH         LINE#         185
  C:DE6BH         LINE#         186
  C:DE73H         LINE#         187
  C:DE73H         LINE#         188
  C:DE73H         LINE#         189
  C:DE7BH         LINE#         190
  C:DE8EH         LINE#         191
  C:DE9AH         LINE#         192
  C:DEA4H         LINE#         193
  C:DEB7H         LINE#         194
  C:DEB7H         LINE#         196
  C:DEB7H         LINE#         197
  C:DEB7H         LINE#         198
  C:DEC8H         LINE#         199
  C:DEE6H         LINE#         200
  C:DEE6H         LINE#         201
  -------         ENDPROC       _OLED_SHOWCHAR
  -------         PROC          _OLED_SHOWSTR
  X:008DH         SYMBOL        x
  X:008EH         SYMBOL        y
  X:008FH         SYMBOL        ch
  X:0092H         SYMBOL        TextSize
  -------         DO            
  X:0093H         SYMBOL        j
  -------         ENDDO         
  C:E54AH         LINE#         212
  C:E558H         LINE#         213
  C:E558H         LINE#         214
  C:E55DH         LINE#         215
  C:E572H         LINE#         216
  C:E572H         LINE#         217
  C:E585H         LINE#         218
  C:E58DH         LINE#         219
  C:E58DH         LINE#         220
  C:E594H         LINE#         221
  C:E59EH         LINE#         222
BL51 BANKED LINKER/LOCATER V6.22.2.0                                                  02/07/2021  13:51:23  PAGE 23


  C:E59EH         LINE#         223
  C:E59EH         LINE#         224
  C:E5A1H         LINE#         225
  C:E5A1H         LINE#         226
  C:E5A1H         LINE#         227
  C:E5A3H         LINE#         229
  C:E5A3H         LINE#         230
  C:E5AAH         LINE#         231
  C:E5B4H         LINE#         232
  C:E5B4H         LINE#         233
  C:E5B4H         LINE#         234
  C:E5B7H         LINE#         235
  C:E5B7H         LINE#         236
  C:E5BDH         LINE#         237
  C:E5BDH         LINE#         238
  C:E5BFH         LINE#         239
  -------         ENDPROC       _OLED_SHOWSTR
  -------         PROC          _OLED_POW
  X:0097H         SYMBOL        m
  X:0098H         SYMBOL        n
  -------         DO            
  X:0099H         SYMBOL        result
  -------         ENDDO         
  C:EB32H         LINE#         247
  C:EB35H         LINE#         248
  C:EB35H         LINE#         249
  C:EB3FH         LINE#         250
  C:EB69H         LINE#         251
  C:EB77H         LINE#         252
  -------         ENDPROC       _OLED_POW
  C:D82DH         SYMBOL        L?0088
  -------         PROC          _OLED_SHOWNUM
  X:008DH         SYMBOL        x
  X:008EH         SYMBOL        y
  X:008FH         SYMBOL        num
  X:0091H         SYMBOL        len
  X:0092H         SYMBOL        TextSize
  -------         DO            
  X:0093H         SYMBOL        i
  X:0094H         SYMBOL        t
  X:0095H         SYMBOL        temp
  X:0096H         SYMBOL        enshow
  -------         ENDDO         
  C:D745H         LINE#         264
  C:D750H         LINE#         265
  C:D750H         LINE#         267
  C:D755H         LINE#         268
  C:D75EH         LINE#         269
  C:D764H         LINE#         271
  C:D76AH         LINE#         272
  C:D77AH         LINE#         273
  C:D77AH         LINE#         274
  C:D787H         LINE#         275
  C:D799H         LINE#         276
  C:D7AAH         LINE#         277
  C:D7AAH         LINE#         278
  C:D7AAH         LINE#         279
BL51 BANKED LINKER/LOCATER V6.22.2.0                                                  02/07/2021  13:51:23  PAGE 24


  C:D7B4H         LINE#         280
  C:D7B4H         LINE#         281
  C:D7B8H         LINE#         282
  C:D7B8H         LINE#         283
  C:D7C1H         LINE#         284
  C:D7C3H         LINE#         285
  C:D7C9H         LINE#         286
  C:D7C9H         LINE#         287
  C:D7D6H         LINE#         288
  C:D7DFH         LINE#         289
  C:D7DFH         LINE#         291
  C:D7DFH         LINE#         292
  C:D7EDH         LINE#         293
  C:D7EDH         LINE#         294
  C:D7EDH         LINE#         295
  C:D7F7H         LINE#         296
  C:D7F7H         LINE#         297
  C:D7FBH         LINE#         298
  C:D7FBH         LINE#         299
  C:D807H         LINE#         300
  C:D809H         LINE#         301
  C:D80FH         LINE#         302
  C:D80FH         LINE#         303
  C:D823H         LINE#         304
  C:D82CH         LINE#         305
  C:D82CH         LINE#         306
  -------         ENDPROC       _OLED_SHOWNUM
  C:E626H         SYMBOL        L?0102
  -------         PROC          _OLED_SHOWCHINESE
  X:0079H         SYMBOL        x
  X:007AH         SYMBOL        y
  X:007BH         SYMBOL        no
  -------         DO            
  X:007CH         SYMBOL        t
  X:007DH         SYMBOL        adder
  -------         ENDDO         
  C:E5C0H         LINE#         314
  C:E5CDH         LINE#         315
  C:E5CDH         LINE#         316
  C:E5D2H         LINE#         317
  C:E5D5H         LINE#         318
  C:E5DFH         LINE#         319
  C:E5DFH         LINE#         320
  C:E5F2H         LINE#         321
  C:E5F2H         LINE#         322
  C:E5F7H         LINE#         323
  C:E603H         LINE#         324
  C:E60DH         LINE#         325
  C:E60DH         LINE#         326
  C:E620H         LINE#         327
  C:E620H         LINE#         328
  C:E625H         LINE#         329
  -------         ENDPROC       _OLED_SHOWCHINESE
  -------         PROC          _OLED_DRAWBMP
  X:0079H         SYMBOL        x0
  D:0005H         SYMBOL        y0
  X:007BH         SYMBOL        x1
BL51 BANKED LINKER/LOCATER V6.22.2.0                                                  02/07/2021  13:51:23  PAGE 25


  X:007CH         SYMBOL        y1
  X:007DH         SYMBOL        BMP
  -------         DO            
  X:0080H         SYMBOL        j
  X:0082H         SYMBOL        x
  X:0083H         SYMBOL        y
  -------         ENDDO         
  C:E230H         LINE#         342
  C:E23AH         LINE#         343
  C:E23AH         LINE#         344
  C:E241H         LINE#         347
  C:E24AH         LINE#         348
  C:E252H         LINE#         350
  C:E260H         LINE#         351
  C:E273H         LINE#         352
  C:E273H         LINE#         353
  C:E27BH         LINE#         354
  C:E290H         LINE#         355
  C:E290H         LINE#         356
  C:E2ACH         LINE#         357
  C:E2B4H         LINE#         358
  C:E2BCH         LINE#         359
  -------         ENDPROC       _OLED_DRAWBMP
  -------         ENDMOD        USER_OLED

  -------         MODULE        USER_SHT30
  C:0000H         SYMBOL        _ICE_DUMMY_
  D:0080H         PUBLIC        P0
  D:0090H         PUBLIC        P1
  D:00A0H         PUBLIC        P2
  D:00B0H         PUBLIC        P3
  D:00C0H         PUBLIC        P4
  D:00C8H         PUBLIC        P5
  D:00E8H         PUBLIC        P6
  D:00F8H         PUBLIC        P7
  D:00A8H         PUBLIC        IE
  D:00B8H         PUBLIC        IP
  D:00D8H         PUBLIC        CCON
  C:D1DFH         PUBLIC        sht30_read
  D:0098H         PUBLIC        SCON
  D:0088H         PUBLIC        TCON
  C:F0CCH         PUBLIC        SHT_Init
  C:E77CH         PUBLIC        _sht_crc
  D:00D0H         PUBLIC        PSW
  C:ED5BH         SYMBOL        Com0015
  C:ED5BH         SYMBOL        L?0022
  C:ED60H         SYMBOL        L?0023
  C:ED6BH         SYMBOL        L?0024
  C:ED6BH         SYMBOL        L?0025
  C:ED77H         SYMBOL        L?0027
  C:ED86H         SYMBOL        L?0028
  -------         PROC          COM0015
  -------         ENDPROC       COM0015
  C:F0E4H         SYMBOL        L?0030
  -------         PROC          SHT_INIT
  C:F0CCH         LINE#         20
  C:F0CCH         LINE#         21
BL51 BANKED LINKER/LOCATER V6.22.2.0                                                  02/07/2021  13:51:23  PAGE 26


  C:F0CCH         LINE#         22
  C:F0CFH         LINE#         23
  C:F0D1H         LINE#         24
  C:F0D4H         LINE#         25
  C:F0D6H         LINE#         26
  C:F0D9H         LINE#         27
  C:F0DEH         LINE#         28
  C:F0E1H         LINE#         29
  C:F0E4H         LINE#         30
  -------         ENDPROC       SHT_INIT
  -------         PROC          _SHT_CRC
  X:008DH         SYMBOL        shtdata
  X:0090H         SYMBOL        count
  -------         DO            
  D:0007H         SYMBOL        crc_bit
  X:0091H         SYMBOL        crc
  D:0005H         SYMBOL        byteCtr
  -------         ENDDO         
  C:E77CH         LINE#         38
  C:E78AH         LINE#         39
  C:E78AH         LINE#         41
  C:E78EH         LINE#         45
  C:E79AH         LINE#         46
  C:E79AH         LINE#         47
  C:E7B7H         LINE#         48
  C:E7C3H         LINE#         49
  C:E7C3H         LINE#         50
  C:E7CAH         LINE#         51
  C:E7D1H         LINE#         53
  C:E7D8H         LINE#         54
  C:E7DBH         LINE#         55
  C:E7DEH         LINE#         56
  C:E7E3H         LINE#         57
  -------         ENDPROC       _SHT_CRC
  C:D42BH         SYMBOL        L?0020
  C:D434H         SYMBOL        L?0026
  C:D43DH         SYMBOL        L?0029
  -------         PROC          SHT30_READ
  -------         DO            
  X:007DH         SYMBOL        result
  D:0004H         SYMBOL        St
  X:0087H         SYMBOL        Srh
  D:0006H         SYMBOL        e
  X:0089H         SYMBOL        T
  X:008BH         SYMBOL        AT
  -------         ENDDO         
  C:D1DFH         LINE#         65
  C:D1DFH         LINE#         66
  C:D1DFH         LINE#         74
  C:D1E2H         LINE#         75
  C:D1E4H         LINE#         76
  C:D1E7H         LINE#         77
  C:D1E9H         LINE#         78
  C:D1ECH         LINE#         79
  C:D1F1H         LINE#         80
  C:D1F4H         LINE#         82
  C:D1F7H         LINE#         83
BL51 BANKED LINKER/LOCATER V6.22.2.0                                                  02/07/2021  13:51:23  PAGE 27


  C:D1FCH         LINE#         84
  C:D1FFH         LINE#         85
  C:D205H         LINE#         86
  C:D205H         LINE#         87
  C:D20BH         LINE#         88
  C:D20BH         LINE#         89
  C:D211H         LINE#         90
  C:D211H         LINE#         91
  C:D217H         LINE#         92
  C:D217H         LINE#         93
  C:D21FH         LINE#         94
  C:D222H         LINE#         95
  C:D22AH         LINE#         96
  C:D22DH         LINE#         98
  C:D257H         LINE#         99
  C:D257H         LINE#         100
  C:D261H         LINE#         101
  C:D273H         LINE#         102
  C:D29AH         LINE#         103
  C:D2A9H         LINE#         104
  C:D2C6H         LINE#         105
  C:D326H         LINE#         106
  C:D370H         LINE#         109
  C:D389H         LINE#         110
  C:D39DH         LINE#         111
  C:D3AAH         LINE#         112
  C:D3B7H         LINE#         113
  C:D3C0H         LINE#         115
  C:D3CAH         LINE#         117
  C:D3DBH         LINE#         118
  C:D3EAH         LINE#         120
  C:D3F7H         LINE#         121
  C:D404H         LINE#         122
  C:D40DH         LINE#         124
  C:D417H         LINE#         125
  C:D417H         LINE#         127
  C:D417H         LINE#         128
  C:D42AH         LINE#         129
  C:D42AH         LINE#         130
  -------         ENDPROC       SHT30_READ
  -------         ENDMOD        USER_SHT30

  -------         MODULE        USER_UART
  C:0000H         SYMBOL        _ICE_DUMMY_
  D:0080H         PUBLIC        P0
  D:0090H         PUBLIC        P1
  C:E9A9H         PUBLIC        Uart3Isr
  D:00A0H         PUBLIC        P2
  D:00B0H         PUBLIC        P3
  D:00C0H         PUBLIC        P4
  D:00C8H         PUBLIC        P5
  B:00A8H.7       PUBLIC        EA
  D:00E8H         PUBLIC        P6
  D:00F8H         PUBLIC        P7
  C:F1C2H         PUBLIC        uart3_init
  D:00A8H         PUBLIC        IE
  D:00B8H         PUBLIC        IP
BL51 BANKED LINKER/LOCATER V6.22.2.0                                                  02/07/2021  13:51:23  PAGE 28


  D:00D8H         PUBLIC        CCON
  B:0090H.1       PUBLIC        P11
  B:0090H.2       PUBLIC        P12
  D:0098H         PUBLIC        SCON
  D:0088H         PUBLIC        TCON
  C:0003H         PUBLIC        _Uart_PutChar
  D:00AFH         PUBLIC        IE2
  D:008EH         PUBLIC        AUXR
  B:0020H.2       PUBLIC        busy
  D:00D6H         PUBLIC        TH2
  D:00D7H         PUBLIC        TL2
  D:00ADH         PUBLIC        S3BUF
  B:0098H.4       PUBLIC        REN
  D:00ACH         PUBLIC        S3CON
  D:00D0H         PUBLIC        PSW
  -------         PROC          UART3_INIT
  C:F1C2H         LINE#         22
  C:F1C2H         LINE#         23
  C:F1C2H         LINE#         24
  C:F1C5H         LINE#         25
  C:F1C8H         LINE#         26
  C:F1CBH         LINE#         27
  C:F1CEH         LINE#         28
  C:F1D0H         LINE#         29
  C:F1D2H         LINE#         30
  C:F1D5H         LINE#         31
  C:F1D7H         LINE#         33
  -------         ENDPROC       UART3_INIT
  -------         PROC          _UART_PUTCHAR
  D:0007H         SYMBOL        dat
  C:0003H         LINE#         41
  C:0003H         LINE#         42
  C:0003H         LINE#         43
  C:0006H         LINE#         44
  C:0008H         LINE#         45
  C:000AH         LINE#         46
  -------         ENDPROC       _UART_PUTCHAR
  -------         PROC          UART3ISR
  C:E9A9H         LINE#         54
  C:E9C6H         LINE#         56
  C:E9CBH         LINE#         57
  C:E9CBH         LINE#         58
  C:E9CEH         LINE#         59
  C:E9D0H         LINE#         60
  C:E9D2H         LINE#         61
  C:E9D2H         LINE#         62
  C:E9D7H         LINE#         63
  C:E9D7H         LINE#         64
  C:E9DAH         LINE#         65
  C:E9DCH         LINE#         66
  C:E9E1H         LINE#         67
  C:E9E1H         LINE#         68
  -------         ENDPROC       UART3ISR
  -------         ENDMOD        USER_UART

  -------         MODULE        USER_TIMER
  C:0000H         SYMBOL        _ICE_DUMMY_
BL51 BANKED LINKER/LOCATER V6.22.2.0                                                  02/07/2021  13:51:23  PAGE 29


  D:0080H         PUBLIC        P0
  D:0090H         PUBLIC        P1
  D:00A0H         PUBLIC        P2
  D:00B0H         PUBLIC        P3
  D:00C0H         PUBLIC        P4
  D:00C8H         PUBLIC        P5
  D:00E8H         PUBLIC        P6
  D:00F8H         PUBLIC        P7
  D:00A8H         PUBLIC        IE
  D:00B8H         PUBLIC        IP
  C:F2BCH         PUBLIC        get_timer_250ms_value
  D:00D8H         PUBLIC        CCON
  D:0098H         PUBLIC        SCON
  D:0089H         PUBLIC        TMOD
  D:0088H         PUBLIC        TCON
  X:00A9H         SYMBOL        Timer_250ms_Value
  D:008EH         PUBLIC        AUXR
  B:00A8H.1       PUBLIC        ET0
  B:0088H.5       PUBLIC        TF0
  D:008CH         PUBLIC        TH0
  C:F2B5H         PUBLIC        get_count_value
  D:008AH         PUBLIC        TL0
  C:DF02H         PUBLIC        timer0_isr_handle
  B:0088H.4       PUBLIC        TR0
  X:00ADH         SYMBOL        Timer_Sec_Value
  X:00B1H         SYMBOL        Timer_Value
  C:EFD4H         PUBLIC        timer0_init
  D:00D0H         PUBLIC        PSW
  C:EB78H         SYMBOL        Com0009
  C:EB78H         SYMBOL        L?0010
  C:EB78H         SYMBOL        L?0011
  C:EB8FH         SYMBOL        L?0012
  C:EBAFH         SYMBOL        L?0013
  -------         PROC          COM0009
  -------         ENDPROC       COM0009
  -------         PROC          TIMER0_INIT
  C:EFD4H         LINE#         23
  C:EFD4H         LINE#         24
  C:EFD4H         LINE#         25
  C:EFD7H         LINE#         26
  C:EFDAH         LINE#         27
  C:EFDDH         LINE#         28
  C:EFE0H         LINE#         29
  C:EFE2H         LINE#         30
  C:EFE4H         LINE#         31
  C:EFE6H         LINE#         33
  C:EFF0H         LINE#         34
  C:EFFAH         LINE#         35
  -------         ENDPROC       TIMER0_INIT
  -------         PROC          TIMER0_ISR_HANDLE
  C:DF02H         LINE#         43
  C:DF1FH         LINE#         47
  C:DF2BH         LINE#         48
  C:DF38H         LINE#         49
  C:DF38H         LINE#         50
  C:DF44H         LINE#         51
  C:DF59H         LINE#         52
BL51 BANKED LINKER/LOCATER V6.22.2.0                                                  02/07/2021  13:51:23  PAGE 30


  C:DF59H         LINE#         53
  C:DF65H         LINE#         54
  C:DF70H         LINE#         55
  C:DF70H         LINE#         57
  C:DF75H         LINE#         58
  C:DF75H         LINE#         60
  C:DF8FH         LINE#         61
  C:DF8FH         LINE#         62
  C:DF99H         LINE#         64
  C:DFA5H         LINE#         73
  C:DFA5H         LINE#         74
  C:DFA5H         LINE#         75
  C:DFA5H         LINE#         76
  -------         ENDPROC       TIMER0_ISR_HANDLE
  -------         PROC          GET_COUNT_VALUE
  C:F2B5H         LINE#         84
  C:F2B5H         LINE#         85
  C:F2B5H         LINE#         86
  C:F2BBH         LINE#         87
  -------         ENDPROC       GET_COUNT_VALUE
  -------         PROC          GET_TIMER_250MS_VALUE
  C:F2BCH         LINE#         95
  C:F2BCH         LINE#         96
  C:F2BCH         LINE#         97
  C:F2C2H         LINE#         98
  -------         ENDPROC       GET_TIMER_250MS_VALUE
  -------         ENDMOD        USER_TIMER

  -------         MODULE        CODETAB
  C:0000H         SYMBOL        _ICE_DUMMY_
  C:0A2EH         PUBLIC        table
  C:0A1EH         PUBLIC        UI
  C:00C6H         PUBLIC        F6x8
  C:08DEH         PUBLIC        Hzk
  C:02EEH         PUBLIC        F8X16
  -------         ENDMOD        CODETAB

  -------         MODULE        MCU_API
  C:0000H         SYMBOL        _ICE_DUMMY_
  C:F2DDH         PUBLIC        mcu_get_reset_wifi_flag
  C:F195H         PUBLIC        _mcu_set_wifi_mode
  C:EC75H         PUBLIC        _mcu_dp_raw_update
  C:E636H         PUBLIC        _hex_to_bcd
  C:E451H         PUBLIC        _uart_receive_input
  C:F2E3H         PUBLIC        mcu_get_wifimode_flag
  C:F1D8H         PUBLIC        wifi_protocol_init
  C:008EH         PUBLIC        _uart_receive_buff_input
  C:F2E9H         PUBLIC        mcu_get_wifi_work_state
  C:D444H         PUBLIC        wifi_uart_service
  C:E349H         PUBLIC        _byte_to_int
  C:EAEAH         PUBLIC        _int_to_byte
  C:D97DH         PUBLIC        _my_memcpy
  C:ECE9H         PUBLIC        _my_memset
  C:F2A0H         PUBLIC        _mcu_get_dp_download_value
  C:F23DH         PUBLIC        mcu_reset_wifi
  C:ECAFH         PUBLIC        _mcu_dp_string_update
  C:D861H         PUBLIC        _mcu_dp_fault_update
BL51 BANKED LINKER/LOCATER V6.22.2.0                                                  02/07/2021  13:51:23  PAGE 31


  C:E954H         PUBLIC        _my_strlen
  C:E4CFH         PUBLIC        _mcu_dp_value_update
  C:E8A4H         PUBLIC        _my_strcmp
  C:F2C3H         PUBLIC        _mcu_get_dp_download_bool
  C:E9FCH         PUBLIC        _my_strcpy
  C:ED22H         PUBLIC        _mcu_dp_bool_update
  C:F2CAH         PUBLIC        _mcu_get_dp_download_enum
  C:EDFFH         PUBLIC        _mcu_dp_enum_update
  C:DD5CH         SYMBOL        Com0070
  C:DD5CH         SYMBOL        L?0113
  C:DD5CH         SYMBOL        L?0114
  C:DD65H         SYMBOL        L?0115
  C:DD6EH         SYMBOL        L?0116
  C:DD7AH         SYMBOL        L?0117
  C:DD7AH         SYMBOL        L?0118
  C:DD7DH         SYMBOL        L?0119
  C:DD7FH         SYMBOL        L?0120
  C:DD86H         SYMBOL        L?0122
  C:DD86H         SYMBOL        L?0123
  C:DD87H         SYMBOL        L?0124
  C:DD8FH         SYMBOL        L?0126
  C:DD8FH         SYMBOL        L?0127
  C:DDA0H         SYMBOL        L?0128
  C:DDA8H         SYMBOL        L?0129
  C:DDA9H         SYMBOL        L?0130
  C:DDABH         SYMBOL        L?0131
  C:DDB7H         SYMBOL        L?0133
  C:DDB8H         SYMBOL        L?0134
  C:DDC2H         SYMBOL        L?0135
  C:DDC2H         SYMBOL        L?0136
  C:DDC4H         SYMBOL        L?0137
  C:DDC7H         SYMBOL        L?0138
  C:DDCEH         SYMBOL        L?0139
  C:DDCEH         SYMBOL        L?0140
  C:DDD7H         SYMBOL        L?0141
  C:DDDAH         SYMBOL        L?0142
  C:DDE6H         SYMBOL        L?0143
  C:DDFCH         SYMBOL        L?0145
  C:DDFCH         SYMBOL        L?0146
  C:DE05H         SYMBOL        L?0147
  C:DE13H         SYMBOL        L?0148
  C:DE16H         SYMBOL        L?0149
  C:DE1DH         SYMBOL        L?0150
  C:DE1DH         SYMBOL        L?0151
  C:DE25H         SYMBOL        L?0152
  C:DE30H         SYMBOL        L?0153
  C:DE30H         SYMBOL        L?0154
  C:DE37H         SYMBOL        L?0155
  -------         PROC          COM0070
  -------         ENDPROC       COM0070
  -------         PROC          _HEX_TO_BCD
  D:0007H         SYMBOL        Value_H
  D:0005H         SYMBOL        Value_L
  -------         DO            
  D:0007H         SYMBOL        bcd_value
  -------         ENDDO         
  C:E636H         LINE#         30
BL51 BANKED LINKER/LOCATER V6.22.2.0                                                  02/07/2021  13:51:23  PAGE 32


  C:E636H         LINE#         31
  C:E636H         LINE#         34
  C:E642H         LINE#         35
  C:E648H         LINE#         36
  C:E654H         LINE#         37
  C:E65AH         LINE#         38
  C:E666H         LINE#         39
  C:E66AH         LINE#         41
  C:E66DH         LINE#         43
  C:E671H         LINE#         44
  C:E67DH         LINE#         45
  C:E683H         LINE#         46
  C:E68FH         LINE#         47
  C:E691H         LINE#         48
  C:E69DH         LINE#         49
  C:E6A1H         LINE#         51
  C:E6A6H         LINE#         53
  C:E6A6H         LINE#         54
  -------         ENDPROC       _HEX_TO_BCD
  -------         PROC          _MY_STRLEN
  X:0092H         SYMBOL        str
  -------         DO            
  X:0095H         SYMBOL        len
  -------         ENDDO         
  C:E954H         LINE#         61
  C:E95AH         LINE#         62
  C:E95AH         LINE#         63
  C:E962H         LINE#         64
  C:E96AH         LINE#         65
  C:E96FH         LINE#         66
  C:E96FH         LINE#         68
  C:E984H         LINE#         69
  C:E9A0H         LINE#         70
  C:E9A2H         LINE#         72
  C:E9A8H         LINE#         73
  -------         ENDPROC       _MY_STRLEN
  -------         PROC          _MY_MEMSET
  X:00CCH         SYMBOL        src
  D:0005H         SYMBOL        ch
  X:00D0H         SYMBOL        count
  -------         DO            
  X:00D2H         SYMBOL        tmp
  -------         ENDDO         
  C:ECE9H         LINE#         82
  C:ECEFH         LINE#         83
  C:ECEFH         LINE#         84
  C:ECF5H         LINE#         86
  C:ECFDH         LINE#         87
  C:ED01H         LINE#         88
  C:ED01H         LINE#         90
  C:ED0FH         LINE#         91
  C:ED19H         LINE#         92
  C:ED1BH         LINE#         94
  C:ED21H         LINE#         95
  -------         ENDPROC       _MY_MEMSET
  -------         PROC          _MY_MEMCPY
  X:0099H         SYMBOL        dest
BL51 BANKED LINKER/LOCATER V6.22.2.0                                                  02/07/2021  13:51:23  PAGE 33


  X:009CH         SYMBOL        src
  X:009FH         SYMBOL        count
  -------         DO            
  X:00A1H         SYMBOL        pdest
  X:00A4H         SYMBOL        psrc
  X:00A7H         SYMBOL        i
  -------         ENDDO         
  C:D97DH         LINE#         104
  C:D983H         LINE#         105
  C:D983H         LINE#         106
  C:D989H         LINE#         107
  C:D996H         LINE#         110
  C:D9A3H         LINE#         111
  C:D9AAH         LINE#         112
  C:D9AAH         LINE#         114
  C:D9EFH         LINE#         115
  C:DA0CH         LINE#         116
  C:DA25H         LINE#         117
  C:DA35H         LINE#         118
  C:DA35H         LINE#         119
  C:DA54H         LINE#         120
  C:DA75H         LINE#         121
  C:DA85H         LINE#         122
  C:DA85H         LINE#         124
  C:DA8BH         LINE#         125
  -------         ENDPROC       _MY_MEMCPY
  -------         PROC          _MY_STRCPY
  X:00D5H         SYMBOL        dest
  X:00D8H         SYMBOL        src
  -------         DO            
  X:00DBH         SYMBOL        p
  -------         ENDDO         
  C:E9FCH         LINE#         133
  C:EA02H         LINE#         134
  C:EA02H         LINE#         135
  C:EA08H         LINE#         136
  C:EA15H         LINE#         137
  C:EA1CH         LINE#         138
  C:EA1CH         LINE#         141
  C:EA27H         LINE#         142
  C:EA3AH         LINE#         143
  C:EA3CH         LINE#         144
  C:EA46H         LINE#         145
  C:EA4CH         LINE#         146
  -------         ENDPROC       _MY_STRCPY
  -------         PROC          _MY_STRCMP
  X:00EDH         SYMBOL        s1
  X:00F0H         SYMBOL        s2
  C:E8A4H         LINE#         157
  C:E8AAH         LINE#         158
  C:E8AAH         LINE#         159
  C:E8C4H         LINE#         160
  C:E8CEH         LINE#         161
  C:E8D8H         LINE#         162
  C:E8DAH         LINE#         163
  C:E8FDH         LINE#         164
  -------         ENDPROC       _MY_STRCMP
BL51 BANKED LINKER/LOCATER V6.22.2.0                                                  02/07/2021  13:51:23  PAGE 34


  -------         PROC          _INT_TO_BYTE
  X:0104H         SYMBOL        number
  D:0001H         SYMBOL        value
  C:EAEAH         LINE#         172
  C:EAF0H         LINE#         173
  C:EAF0H         LINE#         174
  C:EAFFH         LINE#         175
  C:EB11H         LINE#         176
  C:EB23H         LINE#         177
  -------         ENDPROC       _INT_TO_BYTE
  -------         PROC          _BYTE_TO_INT
  X:009BH         SYMBOL        value
  -------         DO            
  X:009EH         SYMBOL        nubmer
  -------         ENDDO         
[...]
  -------         ENDDO         
  C:F0EBH         LINE#         170
  C:F0EBH         LINE#         171
  C:F0EBH         LINE#         176
  C:F0F4H         LINE#         183
  C:F0FFH         LINE#         184
  C:F104H         LINE#         185
  C:F107H         LINE#         187
  C:F109H         LINE#         188
  -------         ENDPROC       _DP_DOWNLOAD_TEMP_SAMPLING_HANDLE
  -------         PROC          _DP_DOWNLOAD_HUMIDITY_SAMPLING_HANDLE
  D:0001H         SYMBOL        value
  D:0004H         SYMBOL        length
  -------         DO            
  D:0007H         SYMBOL        ret
  X:0095H         SYMBOL        humidity_sampling
  -------         ENDDO         
  C:F10AH         LINE#         197
  C:F10AH         LINE#         198
  C:F10AH         LINE#         203
  C:F113H         LINE#         210
  C:F11EH         LINE#         211
  C:F123H         LINE#         212
  C:F126H         LINE#         214
  C:F128H         LINE#         215
  -------         ENDPROC       _DP_DOWNLOAD_HUMIDITY_SAMPLING_HANDLE
  -------         PROC          _DP_DOWNLOAD_HANDLE
  D:0007H         SYMBOL        dpid
  X:008FH         SYMBOL        value
  X:0092H         SYMBOL        length
  -------         DO            
BL51 BANKED LINKER/LOCATER V6.22.2.0                                                  02/07/2021  13:51:23  PAGE 41


  X:0094H         SYMBOL        ret
  -------         ENDDO         
  C:EF7EH         LINE#         235
  C:EF89H         LINE#         236
  C:EF89H         LINE#         243
  C:EF91H         LINE#         244
  C:EF91H         LINE#         246
  C:EF97H         LINE#         247
  C:EF99H         LINE#         248
  C:EF99H         LINE#         250
  C:EFA4H         LINE#         251
  C:EFA4H         LINE#         254
  C:EFA4H         LINE#         255
  C:EFA4H         LINE#         256
  C:EFA4H         LINE#         257
  C:EFA9H         LINE#         258
  -------         ENDPROC       _DP_DOWNLOAD_HANDLE
  -------         PROC          GET_DOWNLOAD_CMD_TOTAL
  C:F2F2H         LINE#         266
  C:F2F2H         LINE#         267
  C:F2F2H         LINE#         268
  C:F2F4H         LINE#         269
  -------         ENDPROC       GET_DOWNLOAD_CMD_TOTAL
  -------         ENDMOD        PROTOCOL

  -------         MODULE        SYSTEM
  C:0000H         SYMBOL        _ICE_DUMMY_
  C:EEC9H         SYMBOL        _get_dowmload_dpid_index
  C:F2ABH         SYMBOL        get_mcu_wifi_mode
  C:EFFBH         SYMBOL        heat_beat_check
  X:0001H         PUBLIC        set_wifimode_flag
  C:F0ABH         PUBLIC        _set_wifi_uart_byte
  C:EF25H         PUBLIC        with_data_rxbuff
  X:0002H         PUBLIC        stop_update_flag
  C:EA9CH         PUBLIC        take_byte_rxbuff
  X:0003H         PUBLIC        wifi_data_process_buf
  X:0022H         PUBLIC        reset_wifi_flag
  X:0023H         PUBLIC        wifi_uart_rx_buf
  X:003AH         PUBLIC        wifi_uart_tx_buf
  X:0071H         PUBLIC        rx_buf_in
  C:EC6BH         SYMBOL        _?ix1000
  X:0074H         PUBLIC        rx_buf_out
  C:E713H         PUBLIC        _wifi_uart_write_frame
  C:ED93H         PUBLIC        _get_check_sum
  C:EBBBH         SYMBOL        _wifi_uart_write_data
  X:0077H         PUBLIC        wifi_work_state
  C:EA4DH         PUBLIC        _set_wifi_uart_buffer
  C:D60CH         PUBLIC        _data_handle
  C:000EH         SYMBOL        _data_point_handle
  C:DA8CH         SYMBOL        product_info_update
  C:EE32H         SYMBOL        Com003C
  C:EE32H         SYMBOL        L?0061
  C:EE35H         SYMBOL        L?0062
  C:EE3DH         SYMBOL        L?0065
  C:EE3DH         SYMBOL        L?0066
  C:EE3EH         SYMBOL        L?0067
  C:EE46H         SYMBOL        L?0068
BL51 BANKED LINKER/LOCATER V6.22.2.0                                                  02/07/2021  13:51:23  PAGE 42


  C:EE56H         SYMBOL        L?0069
  -------         PROC          COM003C
  -------         ENDPROC       COM003C
  -------         PROC          _SET_WIFI_UART_BYTE
  X:009EH         SYMBOL        dest
  D:0005H         SYMBOL        byte
  -------         DO            
  D:0001H         SYMBOL        obj
  -------         ENDDO         
  C:F0ABH         LINE#         34
  C:F0AEH         LINE#         35
  C:F0AEH         LINE#         36
  C:F0B1H         LINE#         38
  C:F0B5H         LINE#         39
  C:F0C3H         LINE#         41
  C:F0CBH         LINE#         42
  -------         ENDPROC       _SET_WIFI_UART_BYTE
  -------         PROC          _SET_WIFI_UART_BUFFER
  X:0092H         SYMBOL        dest
  X:0094H         SYMBOL        src
  X:0097H         SYMBOL        len
  -------         DO            
  D:0001H         SYMBOL        obj
  -------         ENDDO         
  C:EA4DH         LINE#         51
  C:EA56H         LINE#         52
  C:EA56H         LINE#         53
  C:EA59H         LINE#         55
  C:EA82H         LINE#         57
  C:EA96H         LINE#         58
  C:EA9BH         LINE#         59
  -------         ENDPROC       _SET_WIFI_UART_BUFFER
  -------         PROC          _GET_CHECK_SUM
  X:00A0H         SYMBOL        pack
  X:00A3H         SYMBOL        pack_len
  -------         DO            
  D:0006H         SYMBOL        i
  X:00A5H         SYMBOL        check_sum
  -------         ENDDO         
  C:ED93H         LINE#         67
  C:ED9FH         LINE#         68
  C:ED9FH         LINE#         70
  C:EDA2H         LINE#         72
  C:EDB1H         LINE#         73
  C:EDBEH         LINE#         74
  C:EDC5H         LINE#         76
  C:EDCAH         LINE#         77
  -------         ENDPROC       _GET_CHECK_SUM
  -------         PROC          _WIFI_UART_WRITE_DATA
  X:00A0H         SYMBOL        in
  X:00A3H         SYMBOL        len
  C:EBBBH         LINE#         85
  C:EBC7H         LINE#         86
  C:EBC7H         LINE#         87
  C:EBD6H         LINE#         89
  C:EBD6H         LINE#         91
  C:EBE4H         LINE#         92
BL51 BANKED LINKER/LOCATER V6.22.2.0                                                  02/07/2021  13:51:23  PAGE 43


  C:EBEFH         LINE#         93
  C:EBF9H         LINE#         94
  C:EBFBH         LINE#         95
  -------         ENDPROC       _WIFI_UART_WRITE_DATA
  -------         PROC          _WIFI_UART_WRITE_FRAME
  D:0007H         SYMBOL        fr_type
  D:0005H         SYMBOL        fr_ver
  X:009EH         SYMBOL        len
  -------         DO            
  D:0006H         SYMBOL        check_sum
  -------         ENDDO         
  C:E713H         LINE#         104
  C:E71BH         LINE#         105
  C:E71BH         LINE#         106
  C:E71BH         LINE#         108
  C:E721H         LINE#         109
  C:E725H         LINE#         110
  C:E728H         LINE#         111
  C:E72BH         LINE#         112
  C:E738H         LINE#         113
  C:E73BH         LINE#         115
  C:E749H         LINE#         116
  C:E760H         LINE#         117
  C:E773H         LINE#         119
  -------         ENDPROC       _WIFI_UART_WRITE_FRAME
  -------         PROC          HEAT_BEAT_CHECK
  -------         DO            
  D:0007H         SYMBOL        length
  X:0000H         SYMBOL        mcu_reset_state
  -------         ENDDO         
  C:EFFBH         LINE#         127
  C:EFFBH         LINE#         128
  C:EFFBH         LINE#         129
  C:EFFDH         LINE#         132
  C:F003H         LINE#         133
  C:F008H         LINE#         134
  C:F00EH         LINE#         135
  C:F010H         LINE#         136
  C:F017H         LINE#         137
  C:F017H         LINE#         139
  -------         ENDPROC       HEAT_BEAT_CHECK
  C:DB27H         SYMBOL        L?0057
  C:DB3EH         SYMBOL        L?0058
  C:DB55H         SYMBOL        L?0059
  C:DB67H         SYMBOL        L?0063
  C:DB70H         SYMBOL        L?0064
  C:DB7EH         SYMBOL        L?0070
  -------         PROC          PRODUCT_INFO_UPDATE
  -------         DO            
  X:0087H         SYMBOL        length
  X:0088H         SYMBOL        str
  -------         ENDDO         
  C:DA8CH         LINE#         147
  C:DA8CH         LINE#         148
  C:DA8CH         LINE#         149
  C:DA91H         LINE#         150
  C:DAA3H         LINE#         152
BL51 BANKED LINKER/LOCATER V6.22.2.0                                                  02/07/2021  13:51:23  PAGE 44


  C:DAB1H         LINE#         153
  C:DABFH         LINE#         154
  C:DACDH         LINE#         155
  C:DADBH         LINE#         156
  C:DAE9H         LINE#         157
  C:DAF7H         LINE#         175
  C:DB1DH         LINE#         177
  C:DB27H         LINE#         178
  -------         ENDPROC       PRODUCT_INFO_UPDATE
  -------         PROC          GET_MCU_WIFI_MODE
  -------         DO            
  D:0007H         SYMBOL        length
  -------         ENDDO         
  C:F2ABH         LINE#         185
  C:F2ABH         LINE#         186
  C:F2ABH         LINE#         187
  C:F2ACH         LINE#         196
  -------         ENDPROC       GET_MCU_WIFI_MODE
  -------         PROC          _GET_DOWMLOAD_DPID_INDEX
  X:008EH         SYMBOL        dpid
  -------         DO            
  D:0006H         SYMBOL        index
  D:0007H         SYMBOL        total
  -------         ENDDO         
  C:EEC9H         LINE#         204
  C:EECEH         LINE#         205
  C:EECEH         LINE#         207
  C:EED1H         LINE#         209
  C:EED8H         LINE#         210
  C:EEF2H         LINE#         211
  C:EEF2H         LINE#         212
  C:EEF2H         LINE#         213
  C:EEF5H         LINE#         215
  C:EEF7H         LINE#         216
  -------         ENDPROC       _GET_DOWMLOAD_DPID_INDEX
  -------         PROC          _DATA_POINT_HANDLE
  X:0087H         SYMBOL        value
  -------         DO            
  X:008AH         SYMBOL        dp_id
  D:0007H         SYMBOL        index
  X:008BH         SYMBOL        dp_type
  D:0007H         SYMBOL        ret
  X:008CH         SYMBOL        dp_len
  -------         ENDDO         
  C:000EH         LINE#         223
  C:0014H         LINE#         224
  C:0014H         LINE#         230
  C:001CH         LINE#         231
  C:0026H         LINE#         232
  C:0033H         LINE#         233
  C:0047H         LINE#         235
  C:004CH         LINE#         237
  C:0064H         LINE#         239
  C:0067H         LINE#         240
  C:0067H         LINE#         241
  C:008AH         LINE#         242
  C:008AH         LINE#         244
BL51 BANKED LINKER/LOCATER V6.22.2.0                                                  02/07/2021  13:51:23  PAGE 45


  C:008AH         LINE#         245
  -------         ENDPROC       _DATA_POINT_HANDLE
  -------         PROC          _DATA_HANDLE
  X:007DH         SYMBOL        offset
  -------         DO            
  X:007FH         SYMBOL        dp_len
  X:0081H         SYMBOL        ret
  X:0082H         SYMBOL        i
  X:0084H         SYMBOL        total_len
  D:0007H         SYMBOL        cmd_type
  X:0086H         SYMBOL        result
  -------         ENDDO         
  C:D60CH         LINE#         391
  C:D614H         LINE#         392
  C:D614H         LINE#         406
  C:D626H         LINE#         424
  C:D650H         LINE#         425
  C:D650H         LINE#         426
  C:D650H         LINE#         427
  C:D653H         LINE#         428
  C:D653H         LINE#         430
  C:D653H         LINE#         431
  C:D656H         LINE#         432
  C:D656H         LINE#         434
  C:D656H         LINE#         435
  C:D659H         LINE#         436
  C:D659H         LINE#         439
  C:D659H         LINE#         440
  C:D66EH         LINE#         441
  C:D678H         LINE#         448
  C:D678H         LINE#         450
  C:D678H         LINE#         451
  C:D67BH         LINE#         452
  C:D67DH         LINE#         454
  C:D67DH         LINE#         455
  C:D683H         LINE#         456
  C:D684H         LINE#         459
  C:D684H         LINE#         460
  C:D6ADH         LINE#         462
  C:D6C9H         LINE#         463
  C:D6EDH         LINE#         464
  C:D706H         LINE#         466
  C:D724H         LINE#         468
  C:D724H         LINE#         470
  C:D724H         LINE#         472
  C:D724H         LINE#         474
  C:D73EH         LINE#         475
  C:D741H         LINE#         476
  C:D741H         LINE#         478
  C:D741H         LINE#         479
  C:D744H         LINE#         480
  C:D744H         LINE#         725
  C:D744H         LINE#         726
  C:D744H         LINE#         727
  -------         ENDPROC       _DATA_HANDLE
  -------         PROC          WITH_DATA_RXBUFF
  C:EF25H         LINE#         734
BL51 BANKED LINKER/LOCATER V6.22.2.0                                                  02/07/2021  13:51:23  PAGE 46


  C:EF25H         LINE#         735
  C:EF25H         LINE#         736
  C:EF4CH         LINE#         737
  C:EF4FH         LINE#         739
  C:EF51H         LINE#         740
  -------         ENDPROC       WITH_DATA_RXBUFF
  -------         PROC          TAKE_BYTE_RXBUFF
  -------         DO            
  D:0007H         SYMBOL        value
  -------         ENDDO         
  C:EA9CH         LINE#         747
  C:EA9CH         LINE#         748
  C:EA9CH         LINE#         751
  C:EAC1H         LINE#         753
  C:EAD4H         LINE#         755
  C:EAE2H         LINE#         756
  C:EAE2H         LINE#         758
  C:EAE9H         LINE#         759
  C:EAE9H         LINE#         761
  C:EAE9H         LINE#         762
  -------         ENDPROC       TAKE_BYTE_RXBUFF
  -------         ENDMOD        SYSTEM

  -------         MODULE        ?C?FPADD
  C:CA35H         PUBLIC        ?C?FPADD
  C:CA31H         PUBLIC        ?C?FPSUB
  -------         ENDMOD        ?C?FPADD

  -------         MODULE        ?C?FPMUL
  C:CB26H         PUBLIC        ?C?FPMUL
  -------         ENDMOD        ?C?FPMUL

  -------         MODULE        ?C?FPDIV
  C:CC2FH         PUBLIC        ?C?FPDIV
  -------         ENDMOD        ?C?FPDIV

  -------         MODULE        ?C?FCAST
  C:CCD6H         PUBLIC        ?C?FCASTC
  C:CCD1H         PUBLIC        ?C?FCASTI
  C:CCCCH         PUBLIC        ?C?FCASTL
  -------         ENDMOD        ?C?FCAST

  -------         MODULE        ?C?CASTF
  C:CD0AH         PUBLIC        ?C?CASTF
  -------         ENDMOD        ?C?CASTF

  -------         MODULE        EXP
  C:E0B0H         PUBLIC        _EXP
  -------         ENDMOD        EXP

  -------         MODULE        ?C?COPY
  C:CEA8H         PUBLIC        ?C?COPY
  -------         ENDMOD        ?C?COPY

  -------         MODULE        ?C?CLDPTR
  C:CECEH         PUBLIC        ?C?CLDPTR
  -------         ENDMOD        ?C?CLDPTR
BL51 BANKED LINKER/LOCATER V6.22.2.0                                                  02/07/2021  13:51:23  PAGE 47



  -------         MODULE        ?C?CLDOPTR
  C:CEE7H         PUBLIC        ?C?CLDOPTR
  -------         ENDMOD        ?C?CLDOPTR

  -------         MODULE        ?C?CSTPTR
  C:CF14H         PUBLIC        ?C?CSTPTR
  -------         ENDMOD        ?C?CSTPTR

  -------         MODULE        ?C?CSTOPTR
  C:CF26H         PUBLIC        ?C?CSTOPTR
  -------         ENDMOD        ?C?CSTOPTR

  -------         MODULE        ?C?SIDIV
  C:CF48H         PUBLIC        ?C?SIDIV
  -------         ENDMOD        ?C?SIDIV

  -------         MODULE        ?C?IILDX
  C:CF7EH         PUBLIC        ?C?IILDX
  -------         ENDMOD        ?C?IILDX

  -------         MODULE        ?C?ILDIX
  C:CF94H         PUBLIC        ?C?ILDIX
  -------         ENDMOD        ?C?ILDIX

  -------         MODULE        ?C?LMUL
  C:CFAAH         PUBLIC        ?C?LMUL
  -------         ENDMOD        ?C?LMUL

  -------         MODULE        ?C?ULDIV
  C:D035H         PUBLIC        ?C?ULDIV
  -------         ENDMOD        ?C?ULDIV

  -------         MODULE        ?C?LNOT
  C:D0C7H         PUBLIC        ?C?LNOT
  -------         ENDMOD        ?C?LNOT

  -------         MODULE        ?C?LNEG
  C:D0D4H         PUBLIC        ?C?LNEG
  -------         ENDMOD        ?C?LNEG

  -------         MODULE        ?C?ULCMP
  C:D0E2H         PUBLIC        ?C?ULCMP
  -------         ENDMOD        ?C?ULCMP

  -------         MODULE        ?C?ULSHR
  C:D0F3H         PUBLIC        ?C?ULSHR
  -------         ENDMOD        ?C?ULSHR

  -------         MODULE        ?C?SLSHR
  C:D106H         PUBLIC        ?C?SLSHR
  -------         ENDMOD        ?C?SLSHR

  -------         MODULE        ?C?LSHL
  C:D11AH         PUBLIC        ?C?LSHL
  -------         ENDMOD        ?C?LSHL

BL51 BANKED LINKER/LOCATER V6.22.2.0                                                  02/07/2021  13:51:23  PAGE 48


  -------         MODULE        ?C?LLDCODE
  C:D12DH         PUBLIC        ?C?LLDCODE
  -------         ENDMOD        ?C?LLDCODE

  -------         MODULE        ?C?LLDCODE0
  C:D13DH         PUBLIC        ?C?LLDCODE0
  -------         ENDMOD        ?C?LLDCODE0

  -------         MODULE        ?C?LSTXDATA
  C:D14DH         PUBLIC        ?C?LSTXDATA
  -------         ENDMOD        ?C?LSTXDATA

  -------         MODULE        ?C?LSTKXDATA
  C:D159H         PUBLIC        ?C?LSTKXDATA
  -------         ENDMOD        ?C?LSTKXDATA

  -------         MODULE        ?C?UIDIV
  C:D18AH         PUBLIC        ?C?UIDIV
  -------         ENDMOD        ?C?UIDIV

*** WARNING L16: UNCALLED SEGMENT, IGNORED FOR OVERLAY PROCESS
    SEGMENT: ?PR?GET_TIMER_250MS_VALUE?USER_TIMER

*** WARNING L16: UNCALLED SEGMENT, IGNORED FOR OVERLAY PROCESS
    SEGMENT: ?PR?_HEX_TO_BCD?MCU_API

*** WARNING L16: UNCALLED SEGMENT, IGNORED FOR OVERLAY PROCESS
    SEGMENT: ?PR?_MY_MEMSET?MCU_API

*** WARNING L16: UNCALLED SEGMENT, IGNORED FOR OVERLAY PROCESS
    SEGMENT: ?PR?_MY_STRCPY?MCU_API

*** WARNING L16: UNCALLED SEGMENT, IGNORED FOR OVERLAY PROCESS
    SEGMENT: ?PR?_MY_STRCMP?MCU_API

*** WARNING L16: UNCALLED SEGMENT, IGNORED FOR OVERLAY PROCESS
    SEGMENT: ?PR?_INT_TO_BYTE?MCU_API

*** WARNING L16: UNCALLED SEGMENT, IGNORED FOR OVERLAY PROCESS
    SEGMENT: ?PR?_MCU_DP_RAW_UPDATE?MCU_API

*** WARNING L16: UNCALLED SEGMENT, IGNORED FOR OVERLAY PROCESS
    SEGMENT: ?PR?_MCU_DP_BOOL_UPDATE?MCU_API

*** WARNING L16: UNCALLED SEGMENT, IGNORED FOR OVERLAY PROCESS
    SEGMENT: ?PR?_MCU_DP_STRING_UPDATE?MCU_API

*** WARNING L16: UNCALLED SEGMENT, IGNORED FOR OVERLAY PROCESS
    SEGMENT: ?PR?_MCU_DP_FAULT_UPDATE?MCU_API

*** WARNING L16: UNCALLED SEGMENT, IGNORED FOR OVERLAY PROCESS
    SEGMENT: ?PR?_MCU_GET_DP_DOWNLOAD_BOOL?MCU_API

*** WARNING L16: UNCALLED SEGMENT, IGNORED FOR OVERLAY PROCESS
    SEGMENT: ?PR?_MCU_GET_DP_DOWNLOAD_ENUM?MCU_API

*** WARNING L16: UNCALLED SEGMENT, IGNORED FOR OVERLAY PROCESS
BL51 BANKED LINKER/LOCATER V6.22.2.0                                                  02/07/2021  13:51:23  PAGE 49


    SEGMENT: ?PR?_UART_RECEIVE_BUFF_INPUT?MCU_API

*** WARNING L16: UNCALLED SEGMENT, IGNORED FOR OVERLAY PROCESS
    SEGMENT: ?PR?MCU_GET_RESET_WIFI_FLAG?MCU_API

*** WARNING L16: UNCALLED SEGMENT, IGNORED FOR OVERLAY PROCESS
    SEGMENT: ?PR?MCU_GET_WIFIMODE_FLAG?MCU_API

*** WARNING L16: UNCALLED SEGMENT, IGNORED FOR OVERLAY PROCESS
    SEGMENT: ?PR?_MCU_SET_WIFI_MODE?MCU_API

Program Size: data=9.3 xdata=273 code=62197
LINK/LOCATE RUN COMPLETE.  16 WARNING(S),  0 ERROR(S)
